Archive member included to satisfy reference by file (symbol)

/Applications/STM32CubeIDE.app/Contents/Eclipse/plugins/com.st.stm32cube.ide.mcu.externaltools.gnu-tools-for-stm32.14.3.rel1.macosaarch64_1.0.0.202602081740/tools/bin/../lib/gcc/arm-none-eabi/14.3.1/thumb/v6-m/nofp/libgcc.a(_udivsi3.o)
                              cmake/stm32cubemx/CMakeFiles/STM32_Drivers.dir/__/__/Core/Src/system_stm32c0xx.c.obj (__aeabi_uidiv)
/Applications/STM32CubeIDE.app/Contents/Eclipse/plugins/com.st.stm32cube.ide.mcu.externaltools.gnu-tools-for-stm32.14.3.rel1.macosaarch64_1.0.0.202602081740/tools/bin/../lib/gcc/arm-none-eabi/14.3.1/thumb/v6-m/nofp/libgcc.a(_divsi3.o)
                              cmake/stm32cubemx/CMakeFiles/STM32_Drivers.dir/__/__/Drivers/STM32C0xx_HAL_Driver/Src/stm32c0xx_hal_uart_ex.c.obj (__aeabi_idiv)
/Applications/STM32CubeIDE.app/Contents/Eclipse/plugins/com.st.stm32cube.ide.mcu.externaltools.gnu-tools-for-stm32.14.3.rel1.macosaarch64_1.0.0.202602081740/tools/bin/../lib/gcc/arm-none-eabi/14.3.1/thumb/v6-m/nofp/libgcc.a(_dvmd_tls.o)
                              /Applications/STM32CubeIDE.app/Contents/Eclipse/plugins/com.st.stm32cube.ide.mcu.externaltools.gnu-tools-for-stm32.14.3.rel1.macosaarch64_1.0.0.202602081740/tools/bin/../lib/gcc/arm-none-eabi/14.3.1/thumb/v6-m/nofp/libgcc.a(_udivsi3.o) (__aeabi_idiv0)
/Applications/STM32CubeIDE.app/Contents/Eclipse/plugins/com.st.stm32cube.ide.mcu.externaltools.gnu-tools-for-stm32.14.3.rel1.macosaarch64_1.0.0.202602081740/tools/bin/../lib/gcc/arm-none-eabi/14.3.1/thumb/v6-m/nofp/libgcc.a(_arm_cmpsf2.o)
                              CMakeFiles/current_control.dir/Core/Src/main.c.obj (__aeabi_fcmplt)
/Applications/STM32CubeIDE.app/Contents/Eclipse/plugins/com.st.stm32cube.ide.mcu.externaltools.gnu-tools-for-stm32.14.3.rel1.macosaarch64_1.0.0.202602081740/tools/bin/../lib/gcc/arm-none-eabi/14.3.1/thumb/v6-m/nofp/libgcc.a(addsf3.o)
                              CMakeFiles/current_control.dir/Core/Src/main.c.obj (__aeabi_fadd)
/Applications/STM32CubeIDE.app/Contents/Eclipse/plugins/com.st.stm32cube.ide.mcu.externaltools.gnu-tools-for-stm32.14.3.rel1.macosaarch64_1.0.0.202602081740/tools/bin/../lib/gcc/arm-none-eabi/14.3.1/thumb/v6-m/nofp/libgcc.a(divsf3.o)
                              CMakeFiles/current_control.dir/Core/Src/main.c.obj (__aeabi_fdiv)
/Applications/STM32CubeIDE.app/Contents/Eclipse/plugins/com.st.stm32cube.ide.mcu.externaltools.gnu-tools-for-stm32.14.3.rel1.macosaarch64_1.0.0.202602081740/tools/bin/../lib/gcc/arm-none-eabi/14.3.1/thumb/v6-m/nofp/libgcc.a(eqsf2.o)
                              /Applications/STM32CubeIDE.app/Contents/Eclipse/plugins/com.st.stm32cube.ide.mcu.externaltools.gnu-tools-for-stm32.14.3.rel1.macosaarch64_1.0.0.202602081740/tools/bin/../lib/gcc/arm-none-eabi/14.3.1/thumb/v6-m/nofp/libgcc.a(_arm_cmpsf2.o) (__eqsf2)
/Applications/STM32CubeIDE.app/Contents/Eclipse/plugins/com.st.stm32cube.ide.mcu.externaltools.gnu-tools-for-stm32.14.3.rel1.macosaarch64_1.0.0.202602081740/tools/bin/../lib/gcc/arm-none-eabi/14.3.1/thumb/v6-m/nofp/libgcc.a(gesf2.o)
                              /Applications/STM32CubeIDE.app/Contents/Eclipse/plugins/com.st.stm32cube.ide.mcu.externaltools.gnu-tools-for-stm32.14.3.rel1.macosaarch64_1.0.0.202602081740/tools/bin/../lib/gcc/arm-none-eabi/14.3.1/thumb/v6-m/nofp/libgcc.a(_arm_cmpsf2.o) (__gesf2)
/Applications/STM32CubeIDE.app/Contents/Eclipse/plugins/com.st.stm32cube.ide.mcu.externaltools.gnu-tools-for-stm32.14.3.rel1.macosaarch64_1.0.0.202602081740/tools/bin/../lib/gcc/arm-none-eabi/14.3.1/thumb/v6-m/nofp/libgcc.a(lesf2.o)
                              /Applications/STM32CubeIDE.app/Contents/Eclipse/plugins/com.st.stm32cube.ide.mcu.externaltools.gnu-tools-for-stm32.14.3.rel1.macosaarch64_1.0.0.202602081740/tools/bin/../lib/gcc/arm-none-eabi/14.3.1/thumb/v6-m/nofp/libgcc.a(_arm_cmpsf2.o) (__lesf2)
/Applications/STM32CubeIDE.app/Contents/Eclipse/plugins/com.st.stm32cube.ide.mcu.externaltools.gnu-tools-for-stm32.14.3.rel1.macosaarch64_1.0.0.202602081740/tools/bin/../lib/gcc/arm-none-eabi/14.3.1/thumb/v6-m/nofp/libgcc.a(mulsf3.o)
                              CMakeFiles/current_control.dir/Core/Src/main.c.obj (__aeabi_fmul)
/Applications/STM32CubeIDE.app/Contents/Eclipse/plugins/com.st.stm32cube.ide.mcu.externaltools.gnu-tools-for-stm32.14.3.rel1.macosaarch64_1.0.0.202602081740/tools/bin/../lib/gcc/arm-none-eabi/14.3.1/thumb/v6-m/nofp/libgcc.a(subsf3.o)
                              CMakeFiles/current_control.dir/Core/Src/main.c.obj (__aeabi_fsub)
/Applications/STM32CubeIDE.app/Contents/Eclipse/plugins/com.st.stm32cube.ide.mcu.externaltools.gnu-tools-for-stm32.14.3.rel1.macosaarch64_1.0.0.202602081740/tools/bin/../lib/gcc/arm-none-eabi/14.3.1/thumb/v6-m/nofp/libgcc.a(fixsfsi.o)
                              CMakeFiles/current_control.dir/Core/Src/main.c.obj (__aeabi_f2iz)
[...]
Memory Configuration

Name             Origin             Length             Attributes
RAM              0x20000000         0x00007800         xrw
FLASH            0x08000000         0x00040000         xr
*default*        0x00000000         0xffffffff

Linker script and memory map

LOAD /Applications/STM32CubeIDE.app/Contents/Eclipse/plugins/com.st.stm32cube.ide.mcu.externaltools.gnu-tools-for-stm32.14.3.rel1.macosaarch64_1.0.0.202602081740/tools/bin/../lib/gcc/arm-none-eabi/14.3.1/thumb/v6-m/nofp/crti.o
LOAD /Applications/STM32CubeIDE.app/Contents/Eclipse/plugins/com.st.stm32cube.ide.mcu.externaltools.gnu-tools-for-stm32.14.3.rel1.macosaarch64_1.0.0.202602081740/tools/bin/../lib/gcc/arm-none-eabi/14.3.1/thumb/v6-m/nofp/crtbegin.o
LOAD /Applications/STM32CubeIDE.app/Contents/Eclipse/plugins/com.st.stm32cube.ide.mcu.externaltools.gnu-tools-for-stm32.14.3.rel1.macosaarch64_1.0.0.202602081740/tools/bin/../lib/gcc/arm-none-eabi/14.3.1/../../../../arm-none-eabi/lib/thumb/v6-m/nofp/crt0.o
LOAD cmake/stm32cubemx/CMakeFiles/STM32_Drivers.dir/__/__/Core/Src/system_stm32c0xx.c.obj
LOAD cmake/stm32cubemx/CMakeFiles/STM32_Drivers.dir/__/__/Drivers/STM32C0xx_HAL_Driver/Src/stm32c0xx_hal.c.obj
LOAD cmake/stm32cubemx/CMakeFiles/STM32_Drivers.dir/__/__/Drivers/STM32C0xx_HAL_Driver/Src/stm32c0xx_hal_adc.c.obj
LOAD cmake/stm32cubemx/CMakeFiles/STM32_Drivers.dir/__/__/Drivers/STM32C0xx_HAL_Driver/Src/stm32c0xx_hal_adc_ex.c.obj
LOAD cmake/stm32cubemx/CMakeFiles/STM32_Drivers.dir/__/__/Drivers/STM32C0xx_HAL_Driver/Src/stm32c0xx_hal_dma.c.obj
LOAD cmake/stm32cubemx/CMakeFiles/STM32_Drivers.dir/__/__/Drivers/STM32C0xx_HAL_Driver/Src/stm32c0xx_hal_dma_ex.c.obj
LOAD cmake/stm32cubemx/CMakeFiles/STM32_Drivers.dir/__/__/Drivers/STM32C0xx_HAL_Driver/Src/stm32c0xx_hal_rcc.c.obj
LOAD cmake/stm32cubemx/CMakeFiles/STM32_Drivers.dir/__/__/Drivers/STM32C0xx_HAL_Driver/Src/stm32c0xx_hal_rcc_ex.c.obj
LOAD cmake/stm32cubemx/CMakeFiles/STM32_Drivers.dir/__/__/Drivers/STM32C0xx_HAL_Driver/Src/stm32c0xx_hal_flash.c.obj
LOAD cmake/stm32cubemx/CMakeFiles/STM32_Drivers.dir/__/__/Drivers/STM32C0xx_HAL_Driver/Src/stm32c0xx_hal_flash_ex.c.obj
LOAD cmake/stm32cubemx/CMakeFiles/STM32_Drivers.dir/__/__/Drivers/STM32C0xx_HAL_Driver/Src/stm32c0xx_hal_gpio.c.obj
LOAD cmake/stm32cubemx/CMakeFiles/STM32_Drivers.dir/__/__/Drivers/STM32C0xx_HAL_Driver/Src/stm32c0xx_hal_pwr.c.obj
LOAD cmake/stm32cubemx/CMakeFiles/STM32_Drivers.dir/__/__/Drivers/STM32C0xx_HAL_Driver/Src/stm32c0xx_hal_pwr_ex.c.obj
LOAD cmake/stm32cubemx/CMakeFiles/STM32_Drivers.dir/__/__/Drivers/STM32C0xx_HAL_Driver/Src/stm32c0xx_hal_cortex.c.obj
LOAD cmake/stm32cubemx/CMakeFiles/STM32_Drivers.dir/__/__/Drivers/STM32C0xx_HAL_Driver/Src/stm32c0xx_hal_exti.c.obj
LOAD cmake/stm32cubemx/CMakeFiles/STM32_Drivers.dir/__/__/Drivers/STM32C0xx_HAL_Driver/Src/stm32c0xx_hal_i2c.c.obj
LOAD cmake/stm32cubemx/CMakeFiles/STM32_Drivers.dir/__/__/Drivers/STM32C0xx_HAL_Driver/Src/stm32c0xx_hal_i2c_ex.c.obj
LOAD cmake/stm32cubemx/CMakeFiles/STM32_Drivers.dir/__/__/Drivers/STM32C0xx_HAL_Driver/Src/stm32c0xx_hal_tim.c.obj
LOAD cmake/stm32cubemx/CMakeFiles/STM32_Drivers.dir/__/__/Drivers/STM32C0xx_HAL_Driver/Src/stm32c0xx_hal_tim_ex.c.obj
LOAD cmake/stm32cubemx/CMakeFiles/STM32_Drivers.dir/__/__/Drivers/STM32C0xx_HAL_Driver/Src/stm32c0xx_hal_usart.c.obj
LOAD cmake/stm32cubemx/CMakeFiles/STM32_Drivers.dir/__/__/Drivers/STM32C0xx_HAL_Driver/Src/stm32c0xx_hal_usart_ex.c.obj
LOAD cmake/stm32cubemx/CMakeFiles/STM32_Drivers.dir/__/__/Drivers/STM32C0xx_HAL_Driver/Src/stm32c0xx_hal_uart_ex.c.obj
LOAD cmake/stm32cubemx/CMakeFiles/STM32_Drivers.dir/__/__/Drivers/STM32C0xx_HAL_Driver/Src/stm32c0xx_hal_uart.c.obj
LOAD cmake/stm32cubemx/CMakeFiles/STM32_Drivers.dir/__/__/Drivers/BSP/STM32C0xx_Nucleo/stm32c0xx_nucleo.c.obj
LOAD CMakeFiles/current_control.dir/Core/Src/main.c.obj
LOAD CMakeFiles/current_control.dir/Core/Src/stm32c0xx_it.c.obj
LOAD CMakeFiles/current_control.dir/Core/Src/stm32c0xx_hal_msp.c.obj
LOAD CMakeFiles/current_control.dir/Core/Src/sysmem.c.obj
LOAD CMakeFiles/current_control.dir/Core/Src/syscalls.c.obj
LOAD CMakeFiles/current_control.dir/startup_stm32c092xx.s.obj
LOAD /Applications/STM32CubeIDE.app/Contents/Eclipse/plugins/com.st.stm32cube.ide.mcu.externaltools.gnu-tools-for-stm32.14.3.rel1.macosaarch64_1.0.0.202602081740/tools/bin/../lib/gcc/arm-none-eabi/14.3.1/../../../../arm-none-eabi/lib/thumb/v6-m/nofp/libm.a
START GROUP
LOAD /Applications/STM32CubeIDE.app/Contents/Eclipse/plugins/com.st.stm32cube.ide.mcu.externaltools.gnu-tools-for-stm32.14.3.rel1.macosaarch64_1.0.0.202602081740/tools/bin/../lib/gcc/arm-none-eabi/14.3.1/thumb/v6-m/nofp/libgcc.a
LOAD /Applications/STM32CubeIDE.app/Contents/Eclipse/plugins/com.st.stm32cube.ide.mcu.externaltools.gnu-tools-for-stm32.14.3.rel1.macosaarch64_1.0.0.202602081740/tools/bin/../lib/gcc/arm-none-eabi/14.3.1/../../../../arm-none-eabi/lib/thumb/v6-m/nofp/libg_nano.a
LOAD /Applications/STM32CubeIDE.app/Contents/Eclipse/plugins/com.st.stm32cube.ide.mcu.externaltools.gnu-tools-for-stm32.14.3.rel1.macosaarch64_1.0.0.202602081740/tools/bin/../lib/gcc/arm-none-eabi/14.3.1/../../../../arm-none-eabi/lib/thumb/v6-m/nofp/libc_nano.a
END GROUP
START GROUP
LOAD /Applications/STM32CubeIDE.app/Contents/Eclipse/plugins/com.st.stm32cube.ide.mcu.externaltools.gnu-tools-for-stm32.14.3.rel1.macosaarch64_1.0.0.202602081740/tools/bin/../lib/gcc/arm-none-eabi/14.3.1/thumb/v6-m/nofp/libgcc.a
LOAD /Applications/STM32CubeIDE.app/Contents/Eclipse/plugins/com.st.stm32cube.ide.mcu.externaltools.gnu-tools-for-stm32.14.3.rel1.macosaarch64_1.0.0.202602081740/tools/bin/../lib/gcc/arm-none-eabi/14.3.1/../../../../arm-none-eabi/lib/thumb/v6-m/nofp/libc_nano.a
END GROUP
LOAD /Applications/STM32CubeIDE.app/Contents/Eclipse/plugins/com.st.stm32cube.ide.mcu.externaltools.gnu-tools-for-stm32.14.3.rel1.macosaarch64_1.0.0.202602081740/tools/bin/../lib/gcc/arm-none-eabi/14.3.1/thumb/v6-m/nofp/crtend.o
LOAD /Applications/STM32CubeIDE.app/Contents/Eclipse/plugins/com.st.stm32cube.ide.mcu.externaltools.gnu-tools-for-stm32.14.3.rel1.macosaarch64_1.0.0.202602081740/tools/bin/../lib/gcc/arm-none-eabi/14.3.1/thumb/v6-m/nofp/crtn.o
                0x20007800                        _estack = (ORIGIN (RAM) + LENGTH (RAM))
                0x20007400                        _sstack = (_estack - _Min_Stack_Size)
                0x00000200                        _Min_Heap_Size = 0x200
                0x00000400                        _Min_Stack_Size = 0x400

.isr_vector     0x08000000       0xc0
                0x08000000                        . = ALIGN (0x4)
 *(.isr_vector)
 .isr_vector    0x08000000       0xc0 CMakeFiles/current_control.dir/startup_stm32c092xx.s.obj
                0x08000000                g_pfnVectors
                0x080000c0                        . = ALIGN (0x4)

.text           0x080000c0     0x7404
                0x080000c0                        . = ALIGN (0x4)
 *(.text)
 .text          0x080000c0       0x48 /Applications/STM32CubeIDE.app/Contents/Eclipse/plugins/com.st.stm32cube.ide.mcu.externaltools.gnu-tools-for-stm32.14.3.rel1.macosaarch64_1.0.0.202602081740/tools/bin/../lib/gcc/arm-none-eabi/14.3.1/thumb/v6-m/nofp/crtbegin.o
 .text          0x08000108      0x114 /Applications/STM32CubeIDE.app/Contents/Eclipse/plugins/com.st.stm32cube.ide.mcu.externaltools.gnu-tools-for-stm32.14.3.rel1.macosaarch64_1.0.0.202602081740/tools/bin/../lib/gcc/arm-none-eabi/14.3.1/thumb/v6-m/nofp/libgcc.a(_udivsi3.o)
                0x08000108                __udivsi3
                0x08000108                __aeabi_uidiv
                0x08000214                __aeabi_uidivmod
 .text          0x0800021c      0x1d4 /Applications/STM32CubeIDE.app/Contents/Eclipse/plugins/com.st.stm32cube.ide.mcu.externaltools.gnu-tools-for-stm32.14.3.rel1.macosaarch64_1.0.0.202602081740/tools/bin/../lib/gcc/arm-none-eabi/14.3.1/thumb/v6-m/nofp/libgcc.a(_divsi3.o)
                0x0800021c                __aeabi_idiv
                0x0800021c                __divsi3
                0x080003e8                __aeabi_idivmod
 .text          0x080003f0        0x4 /Applications/STM32CubeIDE.app/Contents/Eclipse/plugins/com.st.stm32cube.ide.mcu.externaltools.gnu-tools-for-stm32.14.3.rel1.macosaarch64_1.0.0.202602081740/tools/bin/../lib/gcc/arm-none-eabi/14.3.1/thumb/v6-m/nofp/libgcc.a(_dvmd_tls.o)
                0x080003f0                __aeabi_ldiv0
                0x080003f0                __aeabi_idiv0
 .text          0x080003f4       0x74 /Applications/STM32CubeIDE.app/Contents/Eclipse/plugins/com.st.stm32cube.ide.mcu.externaltools.gnu-tools-for-stm32.14.3.rel1.macosaarch64_1.0.0.202602081740/tools/bin/../lib/gcc/arm-none-eabi/14.3.1/thumb/v6-m/nofp/libgcc.a(_arm_cmpsf2.o)
                0x080003f4                __aeabi_cfrcmple
                0x080003fc                __aeabi_cfcmple
                0x080003fc                __aeabi_cfcmpeq
                0x0800040c                __aeabi_fcmpeq
                0x08000418                __aeabi_fcmplt
                0x0800042c                __aeabi_fcmple
                0x08000440                __aeabi_fcmpgt
                0x08000454                __aeabi_fcmpge
 .text          0x08000468      0x41c /Applications/STM32CubeIDE.app/Contents/Eclipse/plugins/com.st.stm32cube.ide.mcu.externaltools.gnu-tools-for-stm32.14.3.rel1.macosaarch64_1.0.0.202602081740/tools/bin/../lib/gcc/arm-none-eabi/14.3.1/thumb/v6-m/nofp/libgcc.a(addsf3.o)
                0x08000468                __aeabi_fadd
 .text          0x08000884       0x50 /Applications/STM32CubeIDE.app/Contents/Eclipse/plugins/com.st.stm32cube.ide.mcu.externaltools.gnu-tools-for-stm32.14.3.rel1.macosaarch64_1.0.0.202602081740/tools/bin/../lib/gcc/arm-none-eabi/14.3.1/thumb/v6-m/nofp/libgcc.a(eqsf2.o)
                0x08000884                __nesf2
                0x08000884                __eqsf2
 .text          0x080008d4       0x90 /Applications/STM32CubeIDE.app/Contents/Eclipse/plugins/com.st.stm32cube.ide.mcu.externaltools.gnu-tools-for-stm32.14.3.rel1.macosaarch64_1.0.0.202602081740/tools/bin/../lib/gcc/arm-none-eabi/14.3.1/thumb/v6-m/nofp/libgcc.a(gesf2.o)
                0x080008d4                __gtsf2
                0x080008d4                __gesf2
 .text          0x08000964       0x90 /Applications/STM32CubeIDE.app/Contents/Eclipse/plugins/com.st.stm32cube.ide.mcu.externaltools.gnu-tools-for-stm32.14.3.rel1.macosaarch64_1.0.0.202602081740/tools/bin/../lib/gcc/arm-none-eabi/14.3.1/thumb/v6-m/nofp/libgcc.a(lesf2.o)
                0x08000964                __lesf2
                0x08000964                __ltsf2
 .text          0x080009f4      0x2a4 /Applications/STM32CubeIDE.app/Contents/Eclipse/plugins/com.st.stm32cube.ide.mcu.externaltools.gnu-tools-for-stm32.14.3.rel1.macosaarch64_1.0.0.202602081740/tools/bin/../lib/gcc/arm-none-eabi/14.3.1/thumb/v6-m/nofp/libgcc.a(mulsf3.o)
                0x080009f4                __aeabi_fmul
 .text          0x08000c98      0x484 /Applications/STM32CubeIDE.app/Contents/Eclipse/plugins/com.st.stm32cube.ide.mcu.externaltools.gnu-tools-for-stm32.14.3.rel1.macosaarch64_1.0.0.202602081740/tools/bin/../lib/gcc/arm-none-eabi/14.3.1/thumb/v6-m/nofp/libgcc.a(subsf3.o)
                0x08000c98                __aeabi_fsub
 .text          0x0800111c       0x40 /Applications/STM32CubeIDE.app/Contents/Eclipse/plugins/com.st.stm32cube.ide.mcu.externaltools.gnu-tools-for-stm32.14.3.rel1.macosaarch64_1.0.0.202602081740/tools/bin/../lib/gcc/arm-none-eabi/14.3.1/thumb/v6-m/nofp/libgcc.a(fixsfsi.o)
                0x0800111c                __aeabi_f2iz
 .text          0x0800115c       0xa0 /Applications/STM32CubeIDE.app/Contents/Eclipse/plugins/com.st.stm32cube.ide.mcu.externaltools.gnu-tools-for-stm32.14.3.rel1.macosaarch64_1.0.0.202602081740/tools/bin/../lib/gcc/arm-none-eabi/14.3.1/thumb/v6-m/nofp/libgcc.a(floatsisf.o)
                0x0800115c                __aeabi_i2f
 .text          0x080011fc       0x3c /Applications/STM32CubeIDE.app/Contents/Eclipse/plugins/com.st.stm32cube.ide.mcu.externaltools.gnu-tools-for-stm32.14.3.rel1.macosaarch64_1.0.0.202602081740/tools/bin/../lib/gcc/arm-none-eabi/14.3.1/thumb/v6-m/nofp/libgcc.a(_clzsi2.o)
                0x080011fc                __clzsi2
 .text          0x08001238       0x14 /Applications/STM32CubeIDE.app/Contents/Eclipse/plugins/com.st.stm32cube.ide.mcu.externaltools.gnu-tools-for-stm32.14.3.rel1.macosaarch64_1.0.0.202602081740/tools/bin/../lib/gcc/arm-none-eabi/14.3.1/thumb/v6-m/nofp/libgcc.a(_thumb1_case_shi.o)
                0x08001238                __gnu_thumb1_case_shi
 *(.text*)
 .text.SystemInit
                0x0800124c       0x18 cmake/stm32cubemx/CMakeFiles/STM32_Drivers.dir/__/__/Core/Src/system_stm32c0xx.c.obj
                0x0800124c                SystemInit
 .text.HAL_Init
                0x08001264       0x2e cmake/stm32cubemx/CMakeFiles/STM32_Drivers.dir/__/__/Drivers/STM32C0xx_HAL_Driver/Src/stm32c0xx_hal.c.obj
                0x08001264                HAL_Init
 *fill*         0x08001292        0x2 
 .text.HAL_InitTick
                0x08001294       0x94 cmake/stm32cubemx/CMakeFiles/STM32_Drivers.dir/__/__/Drivers/STM32C0xx_HAL_Driver/Src/stm32c0xx_hal.c.obj
                0x08001294                HAL_InitTick
 .text.HAL_IncTick
                0x08001328       0x24 cmake/stm32cubemx/CMakeFiles/STM32_Drivers.dir/__/__/Drivers/STM32C0xx_HAL_Driver/Src/stm32c0xx_hal.c.obj
                0x08001328                HAL_IncTick
 .text.HAL_GetTick
                0x0800134c       0x14 cmake/stm32cubemx/CMakeFiles/STM32_Drivers.dir/__/__/Drivers/STM32C0xx_HAL_Driver/Src/stm32c0xx_hal.c.obj
                0x0800134c                HAL_GetTick
 .text.HAL_Delay
                0x08001360       0x48 cmake/stm32cubemx/CMakeFiles/STM32_Drivers.dir/__/__/Drivers/STM32C0xx_HAL_Driver/Src/stm32c0xx_hal.c.obj
                0x08001360                HAL_Delay
 .text.LL_ADC_SetCommonPathInternalCh
                0x080013a8       0x28 cmake/stm32cubemx/CMakeFiles/STM32_Drivers.dir/__/__/Drivers/STM32C0xx_HAL_Driver/Src/stm32c0xx_hal_adc.c.obj
 .text.LL_ADC_GetCommonPathInternalCh
                0x080013d0       0x1a cmake/stm32cubemx/CMakeFiles/STM32_Drivers.dir/__/__/Drivers/STM32C0xx_HAL_Driver/Src/stm32c0xx_hal_adc.c.obj
 .text.LL_ADC_SetSamplingTimeCommonChannels
                0x080013ea       0x3a cmake/stm32cubemx/CMakeFiles/STM32_Drivers.dir/__/__/Drivers/STM32C0xx_HAL_Driver/Src/stm32c0xx_hal_adc.c.obj
 .text.LL_ADC_GetSamplingTimeCommonChannels
                0x08001424       0x2e cmake/stm32cubemx/CMakeFiles/STM32_Drivers.dir/__/__/Drivers/STM32C0xx_HAL_Driver/Src/stm32c0xx_hal_adc.c.obj
 .text.LL_ADC_REG_SetSequencerRanks
                0x08001452       0x40 cmake/stm32cubemx/CMakeFiles/STM32_Drivers.dir/__/__/Drivers/STM32C0xx_HAL_Driver/Src/stm32c0xx_hal_adc.c.obj
 .text.LL_ADC_REG_SetSequencerChAdd
                0x08001492       0x22 cmake/stm32cubemx/CMakeFiles/STM32_Drivers.dir/__/__/Drivers/STM32C0xx_HAL_Driver/Src/stm32c0xx_hal_adc.c.obj
 .text.LL_ADC_REG_SetSequencerChRem
                0x080014b4       0x24 cmake/stm32cubemx/CMakeFiles/STM32_Drivers.dir/__/__/Drivers/STM32C0xx_HAL_Driver/Src/stm32c0xx_hal_adc.c.obj
 .text.LL_ADC_SetChannelSamplingTime
                0x080014d8       0x38 cmake/stm32cubemx/CMakeFiles/STM32_Drivers.dir/__/__/Drivers/STM32C0xx_HAL_Driver/Src/stm32c0xx_hal_adc.c.obj
 .text.LL_ADC_EnableInternalRegulator
                0x08001510       0x28 cmake/stm32cubemx/CMakeFiles/STM32_Drivers.dir/__/__/Drivers/STM32C0xx_HAL_Driver/Src/stm32c0xx_hal_adc.c.obj
 .text.LL_ADC_IsInternalRegulatorEnabled
                0x08001538       0x28 cmake/stm32cubemx/CMakeFiles/STM32_Drivers.dir/__/__/Drivers/STM32C0xx_HAL_Driver/Src/stm32c0xx_hal_adc.c.obj
 .text.LL_ADC_IsEnabled
                0x08001560       0x22 cmake/stm32cubemx/CMakeFiles/STM32_Drivers.dir/__/__/Drivers/STM32C0xx_HAL_Driver/Src/stm32c0xx_hal_adc.c.obj
 .text.LL_ADC_REG_IsConversionOngoing
                0x08001582       0x22 cmake/stm32cubemx/CMakeFiles/STM32_Drivers.dir/__/__/Drivers/STM32C0xx_HAL_Driver/Src/stm32c0xx_hal_adc.c.obj
 .text.HAL_ADC_Init
                0x080015a4      0x34c cmake/stm32cubemx/CMakeFiles/STM32_Drivers.dir/__/__/Drivers/STM32C0xx_HAL_Driver/Src/stm32c0xx_hal_adc.c.obj
                0x080015a4                HAL_ADC_Init
 .text.HAL_ADC_ConfigChannel
                0x080018f0      0x3ac cmake/stm32cubemx/CMakeFiles/STM32_Drivers.dir/__/__/Drivers/STM32C0xx_HAL_Driver/Src/stm32c0xx_hal_adc.c.obj
                0x080018f0                HAL_ADC_ConfigChannel
 .text.HAL_RCC_OscConfig
                0x08001c9c      0x3c8 cmake/stm32cubemx/CMakeFiles/STM32_Drivers.dir/__/__/Drivers/STM32C0xx_HAL_Driver/Src/stm32c0xx_hal_rcc.c.obj
                0x08001c9c                HAL_RCC_OscConfig
 .text.HAL_RCC_ClockConfig
                0x08002064      0x214 cmake/stm32cubemx/CMakeFiles/STM32_Drivers.dir/__/__/Drivers/STM32C0xx_HAL_Driver/Src/stm32c0xx_hal_rcc.c.obj
                0x08002064                HAL_RCC_ClockConfig
 .text.HAL_RCC_GetSysClockFreq
                0x08002278       0xa0 cmake/stm32cubemx/CMakeFiles/STM32_Drivers.dir/__/__/Drivers/STM32C0xx_HAL_Driver/Src/stm32c0xx_hal_rcc.c.obj
                0x08002278                HAL_RCC_GetSysClockFreq
 .text.HAL_RCC_GetHCLKFreq
                0x08002318       0x3c cmake/stm32cubemx/CMakeFiles/STM32_Drivers.dir/__/__/Drivers/STM32C0xx_HAL_Driver/Src/stm32c0xx_hal_rcc.c.obj
                0x08002318                HAL_RCC_GetHCLKFreq
 .text.HAL_RCC_GetPCLK1Freq
                0x08002354       0x30 cmake/stm32cubemx/CMakeFiles/STM32_Drivers.dir/__/__/Drivers/STM32C0xx_HAL_Driver/Src/stm32c0xx_hal_rcc.c.obj
                0x08002354                HAL_RCC_GetPCLK1Freq
 .text.HAL_RCCEx_PeriphCLKConfig
                0x08002384      0x1f4 cmake/stm32cubemx/CMakeFiles/STM32_Drivers.dir/__/__/Drivers/STM32C0xx_HAL_Driver/Src/stm32c0xx_hal_rcc_ex.c.obj
                0x08002384                HAL_RCCEx_PeriphCLKConfig
 .text.HAL_GPIO_Init
                0x08002578      0x2e4 cmake/stm32cubemx/CMakeFiles/STM32_Drivers.dir/__/__/Drivers/STM32C0xx_HAL_Driver/Src/stm32c0xx_hal_gpio.c.obj
                0x08002578                HAL_GPIO_Init
 .text.HAL_GPIO_WritePin
                0x0800285c       0x3a cmake/stm32cubemx/CMakeFiles/STM32_Drivers.dir/__/__/Drivers/STM32C0xx_HAL_Driver/Src/stm32c0xx_hal_gpio.c.obj
                0x0800285c                HAL_GPIO_WritePin
 .text.HAL_GPIO_TogglePin
                0x08002896       0x36 cmake/stm32cubemx/CMakeFiles/STM32_Drivers.dir/__/__/Drivers/STM32C0xx_HAL_Driver/Src/stm32c0xx_hal_gpio.c.obj
                0x08002896                HAL_GPIO_TogglePin
 .text.__NVIC_EnableIRQ
                0x080028cc       0x34 cmake/stm32cubemx/CMakeFiles/STM32_Drivers.dir/__/__/Drivers/STM32C0xx_HAL_Driver/Src/stm32c0xx_hal_cortex.c.obj
 .text.__NVIC_SetPriority
                0x08002900       0xdc cmake/stm32cubemx/CMakeFiles/STM32_Drivers.dir/__/__/Drivers/STM32C0xx_HAL_Driver/Src/stm32c0xx_hal_cortex.c.obj
 .text.SysTick_Config
                0x080029dc       0x48 cmake/stm32cubemx/CMakeFiles/STM32_Drivers.dir/__/__/Drivers/STM32C0xx_HAL_Driver/Src/stm32c0xx_hal_cortex.c.obj
 .text.HAL_NVIC_SetPriority
                0x08002a24       0x2a cmake/stm32cubemx/CMakeFiles/STM32_Drivers.dir/__/__/Drivers/STM32C0xx_HAL_Driver/Src/stm32c0xx_hal_cortex.c.obj
                0x08002a24                HAL_NVIC_SetPriority
 .text.HAL_NVIC_EnableIRQ
                0x08002a4e       0x20 cmake/stm32cubemx/CMakeFiles/STM32_Drivers.dir/__/__/Drivers/STM32C0xx_HAL_Driver/Src/stm32c0xx_hal_cortex.c.obj
                0x08002a4e                HAL_NVIC_EnableIRQ
 .text.HAL_SYSTICK_Config
                0x08002a6e       0x1a cmake/stm32cubemx/CMakeFiles/STM32_Drivers.dir/__/__/Drivers/STM32C0xx_HAL_Driver/Src/stm32c0xx_hal_cortex.c.obj
                0x08002a6e                HAL_SYSTICK_Config
 .text.HAL_EXTI_RegisterCallback
                0x08002a88       0x64 cmake/stm32cubemx/CMakeFiles/STM32_Drivers.dir/__/__/Drivers/STM32C0xx_HAL_Driver/Src/stm32c0xx_hal_exti.c.obj
                0x08002a88                HAL_EXTI_RegisterCallback
 .text.HAL_EXTI_GetHandle
                0x08002aec       0x24 cmake/stm32cubemx/CMakeFiles/STM32_Drivers.dir/__/__/Drivers/STM32C0xx_HAL_Driver/Src/stm32c0xx_hal_exti.c.obj
                0x08002aec                HAL_EXTI_GetHandle
 .text.HAL_EXTI_IRQHandler
                0x08002b10       0x94 cmake/stm32cubemx/CMakeFiles/STM32_Drivers.dir/__/__/Drivers/STM32C0xx_HAL_Driver/Src/stm32c0xx_hal_exti.c.obj
                0x08002b10                HAL_EXTI_IRQHandler
 .text.HAL_I2C_Init
                0x08002ba4      0x14c cmake/stm32cubemx/CMakeFiles/STM32_Drivers.dir/__/__/Drivers/STM32C0xx_HAL_Driver/Src/stm32c0xx_hal_i2c.c.obj
                0x08002ba4                HAL_I2C_Init
 .text.HAL_I2C_Master_Transmit
                0x08002cf0      0x254 cmake/stm32cubemx/CMakeFiles/STM32_Drivers.dir/__/__/Drivers/STM32C0xx_HAL_Driver/Src/stm32c0xx_hal_i2c.c.obj
                0x08002cf0                HAL_I2C_Master_Transmit
 .text.I2C_Flush_TXDR
                0x08002f44       0x44 cmake/stm32cubemx/CMakeFiles/STM32_Drivers.dir/__/__/Drivers/STM32C0xx_HAL_Driver/Src/stm32c0xx_hal_i2c.c.obj
 .text.I2C_WaitOnFlagUntilTimeout
                0x08002f88       0xb0 cmake/stm32cubemx/CMakeFiles/STM32_Drivers.dir/__/__/Drivers/STM32C0xx_HAL_Driver/Src/stm32c0xx_hal_i2c.c.obj
 .text.I2C_WaitOnTXISFlagUntilTimeout
                0x08003038       0x8c cmake/stm32cubemx/CMakeFiles/STM32_Drivers.dir/__/__/Drivers/STM32C0xx_HAL_Driver/Src/stm32c0xx_hal_i2c.c.obj
 .text.I2C_WaitOnSTOPFlagUntilTimeout
                0x080030c4       0x86 cmake/stm32cubemx/CMakeFiles/STM32_Drivers.dir/__/__/Drivers/STM32C0xx_HAL_Driver/Src/stm32c0xx_hal_i2c.c.obj
 *fill*         0x0800314a        0x2 
 .text.I2C_IsErrorOccurred
                0x0800314c      0x1f0 cmake/stm32cubemx/CMakeFiles/STM32_Drivers.dir/__/__/Drivers/STM32C0xx_HAL_Driver/Src/stm32c0xx_hal_i2c.c.obj
 .text.I2C_TransferConfig
                0x0800333c       0x74 cmake/stm32cubemx/CMakeFiles/STM32_Drivers.dir/__/__/Drivers/STM32C0xx_HAL_Driver/Src/stm32c0xx_hal_i2c.c.obj
 .text.HAL_I2CEx_ConfigAnalogFilter
                0x080033b0       0x98 cmake/stm32cubemx/CMakeFiles/STM32_Drivers.dir/__/__/Drivers/STM32C0xx_HAL_Driver/Src/stm32c0xx_hal_i2c_ex.c.obj
                0x080033b0                HAL_I2CEx_ConfigAnalogFilter
 .text.HAL_I2CEx_ConfigDigitalFilter
                0x08003448       0x98 cmake/stm32cubemx/CMakeFiles/STM32_Drivers.dir/__/__/Drivers/STM32C0xx_HAL_Driver/Src/stm32c0xx_hal_i2c_ex.c.obj
                0x08003448                HAL_I2CEx_ConfigDigitalFilter
 .text.HAL_TIM_Base_Init
                0x080034e0       0xb0 cmake/stm32cubemx/CMakeFiles/STM32_Drivers.dir/__/__/Drivers/STM32C0xx_HAL_Driver/Src/stm32c0xx_hal_tim.c.obj
                0x080034e0                HAL_TIM_Base_Init
 .text.HAL_TIM_Base_Start_IT
                0x08003590       0xb8 cmake/stm32cubemx/CMakeFiles/STM32_Drivers.dir/__/__/Drivers/STM32C0xx_HAL_Driver/Src/stm32c0xx_hal_tim.c.obj
                0x08003590                HAL_TIM_Base_Start_IT
 .text.HAL_TIM_PWM_Init
                0x08003648       0xb0 cmake/stm32cubemx/CMakeFiles/STM32_Drivers.dir/__/__/Drivers/STM32C0xx_HAL_Driver/Src/stm32c0xx_hal_tim.c.obj
                0x08003648                HAL_TIM_PWM_Init
 .text.HAL_TIM_PWM_Start
                0x080036f8      0x1d4 cmake/stm32cubemx/CMakeFiles/STM32_Drivers.dir/__/__/Drivers/STM32C0xx_HAL_Driver/Src/stm32c0xx_hal_tim.c.obj
                0x080036f8                HAL_TIM_PWM_Start
 .text.HAL_TIM_IRQHandler
                0x080038cc      0x210 cmake/stm32cubemx/CMakeFiles/STM32_Drivers.dir/__/__/Drivers/STM32C0xx_HAL_Driver/Src/stm32c0xx_hal_tim.c.obj
                0x080038cc                HAL_TIM_IRQHandler
 .text.HAL_TIM_PWM_ConfigChannel
                0x08003adc      0x200 cmake/stm32cubemx/CMakeFiles/STM32_Drivers.dir/__/__/Drivers/STM32C0xx_HAL_Driver/Src/stm32c0xx_hal_tim.c.obj
                0x08003adc                HAL_TIM_PWM_ConfigChannel
 .text.HAL_TIM_ConfigClockSource
                0x08003cdc      0x1ac cmake/stm32cubemx/CMakeFiles/STM32_Drivers.dir/__/__/Drivers/STM32C0xx_HAL_Driver/Src/stm32c0xx_hal_tim.c.obj
                0x08003cdc                HAL_TIM_ConfigClockSource
 .text.HAL_TIM_OC_DelayElapsedCallback
                0x08003e88       0x10 cmake/stm32cubemx/CMakeFiles/STM32_Drivers.dir/__/__/Drivers/STM32C0xx_HAL_Driver/Src/stm32c0xx_hal_tim.c.obj
                0x08003e88                HAL_TIM_OC_DelayElapsedCallback
 .text.HAL_TIM_IC_CaptureCallback
                0x08003e98       0x10 cmake/stm32cubemx/CMakeFiles/STM32_Drivers.dir/__/__/Drivers/STM32C0xx_HAL_Driver/Src/stm32c0xx_hal_tim.c.obj
                0x08003e98                HAL_TIM_IC_CaptureCallback
 .text.HAL_TIM_PWM_PulseFinishedCallback
                0x08003ea8       0x10 cmake/stm32cubemx/CMakeFiles/STM32_Drivers.dir/__/__/Drivers/STM32C0xx_HAL_Driver/Src/stm32c0xx_hal_tim.c.obj
                0x08003ea8                HAL_TIM_PWM_PulseFinishedCallback
 .text.HAL_TIM_TriggerCallback
                0x08003eb8       0x10 cmake/stm32cubemx/CMakeFiles/STM32_Drivers.dir/__/__/Drivers/STM32C0xx_HAL_Driver/Src/stm32c0xx_hal_tim.c.obj
                0x08003eb8                HAL_TIM_TriggerCallback
 .text.TIM_Base_SetConfig
                0x08003ec8      0x10c cmake/stm32cubemx/CMakeFiles/STM32_Drivers.dir/__/__/Drivers/STM32C0xx_HAL_Driver/Src/stm32c0xx_hal_tim.c.obj
                0x08003ec8                TIM_Base_SetConfig
 .text.TIM_OC1_SetConfig
                0x08003fd4      0x114 cmake/stm32cubemx/CMakeFiles/STM32_Drivers.dir/__/__/Drivers/STM32C0xx_HAL_Driver/Src/stm32c0xx_hal_tim.c.obj
 .text.TIM_OC2_SetConfig
                0x080040e8      0x108 cmake/stm32cubemx/CMakeFiles/STM32_Drivers.dir/__/__/Drivers/STM32C0xx_HAL_Driver/Src/stm32c0xx_hal_tim.c.obj
                0x080040e8                TIM_OC2_SetConfig
 .text.TIM_OC3_SetConfig
                0x080041f0      0x110 cmake/stm32cubemx/CMakeFiles/STM32_Drivers.dir/__/__/Drivers/STM32C0xx_HAL_Driver/Src/stm32c0xx_hal_tim.c.obj
 .text.TIM_OC4_SetConfig
                0x08004300       0xd4 cmake/stm32cubemx/CMakeFiles/STM32_Drivers.dir/__/__/Drivers/STM32C0xx_HAL_Driver/Src/stm32c0xx_hal_tim.c.obj
 .text.TIM_OC5_SetConfig
                0x080043d4       0xc0 cmake/stm32cubemx/CMakeFiles/STM32_Drivers.dir/__/__/Drivers/STM32C0xx_HAL_Driver/Src/stm32c0xx_hal_tim.c.obj
 .text.TIM_OC6_SetConfig
                0x08004494       0xc8 cmake/stm32cubemx/CMakeFiles/STM32_Drivers.dir/__/__/Drivers/STM32C0xx_HAL_Driver/Src/stm32c0xx_hal_tim.c.obj
 .text.TIM_TI1_ConfigInputStage
                0x0800455c       0x5c cmake/stm32cubemx/CMakeFiles/STM32_Drivers.dir/__/__/Drivers/STM32C0xx_HAL_Driver/Src/stm32c0xx_hal_tim.c.obj
 .text.TIM_TI2_ConfigInputStage
                0x080045b8       0x64 cmake/stm32cubemx/CMakeFiles/STM32_Drivers.dir/__/__/Drivers/STM32C0xx_HAL_Driver/Src/stm32c0xx_hal_tim.c.obj
 .text.TIM_ITRx_SetConfig
                0x0800461c       0x38 cmake/stm32cubemx/CMakeFiles/STM32_Drivers.dir/__/__/Drivers/STM32C0xx_HAL_Driver/Src/stm32c0xx_hal_tim.c.obj
 .text.TIM_ETR_SetConfig
                0x08004654       0x40 cmake/stm32cubemx/CMakeFiles/STM32_Drivers.dir/__/__/Drivers/STM32C0xx_HAL_Driver/Src/stm32c0xx_hal_tim.c.obj
                0x08004654                TIM_ETR_SetConfig
 .text.TIM_CCxChannelCmd
                0x08004694       0x46 cmake/stm32cubemx/CMakeFiles/STM32_Drivers.dir/__/__/Drivers/STM32C0xx_HAL_Driver/Src/stm32c0xx_hal_tim.c.obj
                0x08004694                TIM_CCxChannelCmd
 *fill*         0x080046da        0x2 
 .text.HAL_TIMEx_MasterConfigSynchronization
                0x080046dc       0xdc cmake/stm32cubemx/CMakeFiles/STM32_Drivers.dir/__/__/Drivers/STM32C0xx_HAL_Driver/Src/stm32c0xx_hal_tim_ex.c.obj
                0x080046dc                HAL_TIMEx_MasterConfigSynchronization
 .text.HAL_TIMEx_ConfigBreakDeadTime
                0x080047b8      0x138 cmake/stm32cubemx/CMakeFiles/STM32_Drivers.dir/__/__/Drivers/STM32C0xx_HAL_Driver/Src/stm32c0xx_hal_tim_ex.c.obj
                0x080047b8                HAL_TIMEx_ConfigBreakDeadTime
 .text.HAL_TIMEx_CommutCallback
                0x080048f0       0x10 cmake/stm32cubemx/CMakeFiles/STM32_Drivers.dir/__/__/Drivers/STM32C0xx_HAL_Driver/Src/stm32c0xx_hal_tim_ex.c.obj
                0x080048f0                HAL_TIMEx_CommutCallback
 .text.HAL_TIMEx_BreakCallback
                0x08004900       0x10 cmake/stm32cubemx/CMakeFiles/STM32_Drivers.dir/__/__/Drivers/STM32C0xx_HAL_Driver/Src/stm32c0xx_hal_tim_ex.c.obj
                0x08004900                HAL_TIMEx_BreakCallback
 .text.HAL_TIMEx_Break2Callback
                0x08004910       0x10 cmake/stm32cubemx/CMakeFiles/STM32_Drivers.dir/__/__/Drivers/STM32C0xx_HAL_Driver/Src/stm32c0xx_hal_tim_ex.c.obj
                0x08004910                HAL_TIMEx_Break2Callback
 .text.HAL_UART_Init
                0x08004920       0xac cmake/stm32cubemx/CMakeFiles/STM32_Drivers.dir/__/__/Drivers/STM32C0xx_HAL_Driver/Src/stm32c0xx_hal_uart.c.obj
                0x08004920                HAL_UART_Init
 .text.HAL_UART_Transmit
                0x080049cc      0x148 cmake/stm32cubemx/CMakeFiles/STM32_Drivers.dir/__/__/Drivers/STM32C0xx_HAL_Driver/Src/stm32c0xx_hal_uart.c.obj
                0x080049cc                HAL_UART_Transmit
 .text.HAL_UART_Receive
                0x08004b14      0x1cc cmake/stm32cubemx/CMakeFiles/STM32_Drivers.dir/__/__/Drivers/STM32C0xx_HAL_Driver/Src/stm32c0xx_hal_uart.c.obj
                0x08004b14                HAL_UART_Receive
 .text.UART_SetConfig
                0x08004ce0      0x32c cmake/stm32cubemx/CMakeFiles/STM32_Drivers.dir/__/__/Drivers/STM32C0xx_HAL_Driver/Src/stm32c0xx_hal_uart.c.obj
                0x08004ce0                UART_SetConfig
 .text.UART_AdvFeatureConfig
                0x0800500c      0x168 cmake/stm32cubemx/CMakeFiles/STM32_Drivers.dir/__/__/Drivers/STM32C0xx_HAL_Driver/Src/stm32c0xx_hal_uart.c.obj
                0x0800500c                UART_AdvFeatureConfig
 .text.UART_CheckIdleState
                0x08005174      0x154 cmake/stm32cubemx/CMakeFiles/STM32_Drivers.dir/__/__/Drivers/STM32C0xx_HAL_Driver/Src/stm32c0xx_hal_uart.c.obj
                0x08005174                UART_CheckIdleState
 .text.UART_WaitOnFlagUntilTimeout
                0x080052c8       0xde cmake/stm32cubemx/CMakeFiles/STM32_Drivers.dir/__/__/Drivers/STM32C0xx_HAL_Driver/Src/stm32c0xx_hal_uart.c.obj
                0x080052c8                UART_WaitOnFlagUntilTimeout
 *fill*         0x080053a6        0x2 
 .text.UART_EndRxTransfer
                0x080053a8       0xcc cmake/stm32cubemx/CMakeFiles/STM32_Drivers.dir/__/__/Drivers/STM32C0xx_HAL_Driver/Src/stm32c0xx_hal_uart.c.obj
 .text.BSP_LED_Init
                0x08005474       0xd4 cmake/stm32cubemx/CMakeFiles/STM32_Drivers.dir/__/__/Drivers/BSP/STM32C0xx_Nucleo/stm32c0xx_nucleo.c.obj
                0x08005474                BSP_LED_Init
 .text.BSP_LED_Toggle
                0x08005548       0x54 cmake/stm32cubemx/CMakeFiles/STM32_Drivers.dir/__/__/Drivers/BSP/STM32C0xx_Nucleo/stm32c0xx_nucleo.c.obj
                0x08005548                BSP_LED_Toggle
 .text.BSP_PB_Init
                0x0800559c      0x108 cmake/stm32cubemx/CMakeFiles/STM32_Drivers.dir/__/__/Drivers/BSP/STM32C0xx_Nucleo/stm32c0xx_nucleo.c.obj
                0x0800559c                BSP_PB_Init
 .text.BSP_PB_IRQHandler
                0x080056a4       0x30 cmake/stm32cubemx/CMakeFiles/STM32_Drivers.dir/__/__/Drivers/BSP/STM32C0xx_Nucleo/stm32c0xx_nucleo.c.obj
                0x080056a4                BSP_PB_IRQHandler
 .text.BSP_PB_Callback
                0x080056d4       0x14 cmake/stm32cubemx/CMakeFiles/STM32_Drivers.dir/__/__/Drivers/BSP/STM32C0xx_Nucleo/stm32c0xx_nucleo.c.obj
                0x080056d4                BSP_PB_Callback
 .text.BUTTON_USER_EXTI_Callback
                0x080056e8       0x10 cmake/stm32cubemx/CMakeFiles/STM32_Drivers.dir/__/__/Drivers/BSP/STM32C0xx_Nucleo/stm32c0xx_nucleo.c.obj
 .text.__io_putchar
                0x080056f8       0x24 CMakeFiles/current_control.dir/Core/Src/main.c.obj
                0x080056f8                __io_putchar
 .text.main     0x0800571c      0x16c CMakeFiles/current_control.dir/Core/Src/main.c.obj
                0x0800571c                main
 .text.SystemClock_Config
                0x08005888       0x9c CMakeFiles/current_control.dir/Core/Src/main.c.obj
                0x08005888                SystemClock_Config
 .text.MX_ADC1_Init
                0x08005924       0xcc CMakeFiles/current_control.dir/Core/Src/main.c.obj
 .text.MX_I2C2_Init
                0x080059f0       0x80 CMakeFiles/current_control.dir/Core/Src/main.c.obj
 .text.MX_TIM1_Init
                0x08005a70      0x16c CMakeFiles/current_control.dir/Core/Src/main.c.obj
 .text.MX_TIM2_Init
                0x08005bdc       0xa8 CMakeFiles/current_control.dir/Core/Src/main.c.obj
 .text.MX_USART2_UART_Init
                0x08005c84       0x68 CMakeFiles/current_control.dir/Core/Src/main.c.obj
 .text.MX_GPIO_Init
                0x08005cec       0x5c CMakeFiles/current_control.dir/Core/Src/main.c.obj
 .text.HAL_TIM_PeriodElapsedCallback
                0x08005d48      0x188 CMakeFiles/current_control.dir/Core/Src/main.c.obj
                0x08005d48                HAL_TIM_PeriodElapsedCallback
 .text.writeINA219
                0x08005ed0       0x44 CMakeFiles/current_control.dir/Core/Src/main.c.obj
                0x08005ed0                writeINA219
 .text.init_ina219
                0x08005f14       0x38 CMakeFiles/current_control.dir/Core/Src/main.c.obj
                0x08005f14                init_ina219
 .text.setPWM   0x08005f4c       0xac CMakeFiles/current_control.dir/Core/Src/main.c.obj
                0x08005f4c                setPWM
 .text.Error_Handler
                0x08005ff8        0xc CMakeFiles/current_control.dir/Core/Src/main.c.obj
                0x08005ff8                Error_Handler
 .text.NMI_Handler
                0x08006004        0x8 CMakeFiles/current_control.dir/Core/Src/stm32c0xx_it.c.obj
                0x08006004                NMI_Handler
 .text.HardFault_Handler
                0x0800600c        0x8 CMakeFiles/current_control.dir/Core/Src/stm32c0xx_it.c.obj
                0x0800600c                HardFault_Handler
 .text.SVC_Handler
                0x08006014        0xa CMakeFiles/current_control.dir/Core/Src/stm32c0xx_it.c.obj
                0x08006014                SVC_Handler
 .text.PendSV_Handler
                0x0800601e        0xa CMakeFiles/current_control.dir/Core/Src/stm32c0xx_it.c.obj
                0x0800601e                PendSV_Handler
 .text.SysTick_Handler
                0x08006028       0x16 CMakeFiles/current_control.dir/Core/Src/stm32c0xx_it.c.obj
                0x08006028                SysTick_Handler
 .text.EXTI4_15_IRQHandler
                0x0800603e       0x10 CMakeFiles/current_control.dir/Core/Src/stm32c0xx_it.c.obj
                0x0800603e                EXTI4_15_IRQHandler
 *fill*         0x0800604e        0x2 
 .text.TIM2_IRQHandler
                0x08006050       0x18 CMakeFiles/current_control.dir/Core/Src/stm32c0xx_it.c.obj
                0x08006050                TIM2_IRQHandler
 .text.HAL_MspInit
                0x08006068       0x48 CMakeFiles/current_control.dir/Core/Src/stm32c0xx_hal_msp.c.obj
                0x08006068                HAL_MspInit
 .text.HAL_ADC_MspInit
                0x080060b0       0xb4 CMakeFiles/current_control.dir/Core/Src/stm32c0xx_hal_msp.c.obj
                0x080060b0                HAL_ADC_MspInit
 .text.HAL_I2C_MspInit
                0x08006164       0x94 CMakeFiles/current_control.dir/Core/Src/stm32c0xx_hal_msp.c.obj
                0x08006164                HAL_I2C_MspInit
 .text.HAL_TIM_PWM_MspInit
                0x080061f8       0x40 CMakeFiles/current_control.dir/Core/Src/stm32c0xx_hal_msp.c.obj
                0x080061f8                HAL_TIM_PWM_MspInit
 .text.HAL_TIM_Base_MspInit
                0x08006238       0x48 CMakeFiles/current_control.dir/Core/Src/stm32c0xx_hal_msp.c.obj
                0x08006238                HAL_TIM_Base_MspInit
 .text.HAL_TIM_MspPostInit
                0x08006280       0xa8 CMakeFiles/current_control.dir/Core/Src/stm32c0xx_hal_msp.c.obj
                0x08006280                HAL_TIM_MspPostInit
 .text.HAL_UART_MspInit
                0x08006328       0x94 CMakeFiles/current_control.dir/Core/Src/stm32c0xx_hal_msp.c.obj
                0x08006328                HAL_UART_MspInit
 .text._sbrk    0x080063bc       0x6c CMakeFiles/current_control.dir/Core/Src/sysmem.c.obj
                0x080063bc                _sbrk
 .text._read    0x08006428       0x3a CMakeFiles/current_control.dir/Core/Src/syscalls.c.obj
                0x08006428                _read
 .text._write   0x08006462       0x38 CMakeFiles/current_control.dir/Core/Src/syscalls.c.obj
                0x08006462                _write
 .text._close   0x0800649a       0x14 CMakeFiles/current_control.dir/Core/Src/syscalls.c.obj
                0x0800649a                _close
 .text._fstat   0x080064ae       0x1c CMakeFiles/current_control.dir/Core/Src/syscalls.c.obj
                0x080064ae                _fstat
 .text._isatty  0x080064ca       0x12 CMakeFiles/current_control.dir/Core/Src/syscalls.c.obj
                0x080064ca                _isatty
 .text._lseek   0x080064dc       0x16 CMakeFiles/current_control.dir/Core/Src/syscalls.c.obj
                0x080064dc                _lseek
 *fill*         0x080064f2        0x2 
 .text.Reset_Handler
                0x080064f4       0x50 CMakeFiles/current_control.dir/startup_stm32c092xx.s.obj
                0x080064f4                Reset_Handler
 .text.Default_Handler
                0x08006544        0x2 CMakeFiles/current_control.dir/startup_stm32c092xx.s.obj
                0x08006544                TIM1_BRK_UP_TRG_COM_IRQHandler
                0x08006544                I2C1_IRQHandler
                0x08006544                FDCAN1_IT1_IRQHandler
                0x08006544                SPI1_IRQHandler
                0x08006544                USART3_4_IRQHandler
                0x08006544                EXTI2_3_IRQHandler
                0x08006544                ADC1_IRQHandler
                0x08006544                I2C2_IRQHandler
                0x08006544                TIM17_IRQHandler
                0x08006544                RTC_IRQHandler
                0x08006544                TIM16_IRQHandler
                0x08006544                TIM3_IRQHandler
                0x08006544                RCC_IRQHandler
                0x08006544                DMA1_Channel1_IRQHandler
                0x08006544                Default_Handler
                0x08006544                TIM14_IRQHandler
                0x08006544                TIM15_IRQHandler
                0x08006544                EXTI0_1_IRQHandler
                0x08006544                SPI2_IRQHandler
                0x08006544                WWDG_IRQHandler
                0x08006544                FDCAN1_IT0_IRQHandler
                0x08006544                DMA1_Channel2_3_IRQHandler
                0x08006544                DMAMUX1_DMA1_CH4_5_IRQHandler
                0x08006544                USART2_IRQHandler
                0x08006544                FLASH_IRQHandler
                0x08006544                USART1_IRQHandler
                0x08006544                TIM1_CC_IRQHandler
 *fill*         0x08006546        0x2 
 .text.std      0x08006548       0x6c /Applications/STM32CubeIDE.app/Contents/Eclipse/plugins/com.st.stm32cube.ide.mcu.externaltools.gnu-tools-for-stm32.14.3.rel1.macosaarch64_1.0.0.202602081740/tools/bin/../lib/gcc/arm-none-eabi/14.3.1/../../../../arm-none-eabi/lib/thumb/v6-m/nofp/libg_nano.a(libc_a-findfp.o)
 .text.stdio_exit_handler
                0x080065b4       0x1c /Applications/STM32CubeIDE.app/Contents/Eclipse/plugins/com.st.stm32cube.ide.mcu.externaltools.gnu-tools-for-stm32.14.3.rel1.macosaarch64_1.0.0.202602081740/tools/bin/../lib/gcc/arm-none-eabi/14.3.1/../../../../arm-none-eabi/lib/thumb/v6-m/nofp/libg_nano.a(libc_a-findfp.o)
 .text.cleanup_stdio
                0x080065d0       0x3c /Applications/STM32CubeIDE.app/Contents/Eclipse/plugins/com.st.stm32cube.ide.mcu.externaltools.gnu-tools-for-stm32.14.3.rel1.macosaarch64_1.0.0.202602081740/tools/bin/../lib/gcc/arm-none-eabi/14.3.1/../../../../arm-none-eabi/lib/thumb/v6-m/nofp/libg_nano.a(libc_a-findfp.o)
 .text.global_stdio_init.part.0
                0x0800660c       0x3c /Applications/STM32CubeIDE.app/Contents/Eclipse/plugins/com.st.stm32cube.ide.mcu.externaltools.gnu-tools-for-stm32.14.3.rel1.macosaarch64_1.0.0.202602081740/tools/bin/../lib/gcc/arm-none-eabi/14.3.1/../../../../arm-none-eabi/lib/thumb/v6-m/nofp/libg_nano.a(libc_a-findfp.o)
 .text.__sfp_lock_acquire
                0x08006648       0x10 /Applications/STM32CubeIDE.app/Contents/Eclipse/plugins/com.st.stm32cube.ide.mcu.externaltools.gnu-tools-for-stm32.14.3.rel1.macosaarch64_1.0.0.202602081740/tools/bin/../lib/gcc/arm-none-eabi/14.3.1/../../../../arm-none-eabi/lib/thumb/v6-m/nofp/libg_nano.a(libc_a-findfp.o)
                0x08006648                __sfp_lock_acquire
 .text.__sfp_lock_release
                0x08006658       0x10 /Applications/STM32CubeIDE.app/Contents/Eclipse/plugins/com.st.stm32cube.ide.mcu.externaltools.gnu-tools-for-stm32.14.3.rel1.macosaarch64_1.0.0.202602081740/tools/bin/../lib/gcc/arm-none-eabi/14.3.1/../../../../arm-none-eabi/lib/thumb/v6-m/nofp/libg_nano.a(libc_a-findfp.o)
                0x08006658                __sfp_lock_release
 .text.__sinit  0x08006668       0x30 /Applications/STM32CubeIDE.app/Contents/Eclipse/plugins/com.st.stm32cube.ide.mcu.externaltools.gnu-tools-for-stm32.14.3.rel1.macosaarch64_1.0.0.202602081740/tools/bin/../lib/gcc/arm-none-eabi/14.3.1/../../../../arm-none-eabi/lib/thumb/v6-m/nofp/libg_nano.a(libc_a-findfp.o)
                0x08006668                __sinit
 .text._fwalk_sglue
                0x08006698       0x38 /Applications/STM32CubeIDE.app/Contents/Eclipse/plugins/com.st.stm32cube.ide.mcu.externaltools.gnu-tools-for-stm32.14.3.rel1.macosaarch64_1.0.0.202602081740/tools/bin/../lib/gcc/arm-none-eabi/14.3.1/../../../../arm-none-eabi/lib/thumb/v6-m/nofp/libg_nano.a(libc_a-fwalk.o)
                0x08006698                _fwalk_sglue
 .text.printf   0x080066d0       0x20 /Applications/STM32CubeIDE.app/Contents/Eclipse/plugins/com.st.stm32cube.ide.mcu.externaltools.gnu-tools-for-stm32.14.3.rel1.macosaarch64_1.0.0.202602081740/tools/bin/../lib/gcc/arm-none-eabi/14.3.1/../../../../arm-none-eabi/lib/thumb/v6-m/nofp/libg_nano.a(libc_a-printf.o)
                0x080066d0                printf
                0x080066d0                iprintf
 .text._puts_r  0x080066f0       0xac /Applications/STM32CubeIDE.app/Contents/Eclipse/plugins/com.st.stm32cube.ide.mcu.externaltools.gnu-tools-for-stm32.14.3.rel1.macosaarch64_1.0.0.202602081740/tools/bin/../lib/gcc/arm-none-eabi/14.3.1/../../../../arm-none-eabi/lib/thumb/v6-m/nofp/libg_nano.a(libc_a-puts.o)
                0x080066f0                _puts_r
 .text.puts     0x0800679c       0x14 /Applications/STM32CubeIDE.app/Contents/Eclipse/plugins/com.st.stm32cube.ide.mcu.externaltools.gnu-tools-for-stm32.14.3.rel1.macosaarch64_1.0.0.202602081740/tools/bin/../lib/gcc/arm-none-eabi/14.3.1/../../../../arm-none-eabi/lib/thumb/v6-m/nofp/libg_nano.a(libc_a-puts.o)
                0x0800679c                puts
 .text.memset   0x080067b0       0x10 /Applications/STM32CubeIDE.app/Contents/Eclipse/plugins/com.st.stm32cube.ide.mcu.externaltools.gnu-tools-for-stm32.14.3.rel1.macosaarch64_1.0.0.202602081740/tools/bin/../lib/gcc/arm-none-eabi/14.3.1/../../../../arm-none-eabi/lib/thumb/v6-m/nofp/libg_nano.a(libc_a-memset.o)
                0x080067b0                memset
 .text.__errno  0x080067c0        0xc /Applications/STM32CubeIDE.app/Contents/Eclipse/plugins/com.st.stm32cube.ide.mcu.externaltools.gnu-tools-for-stm32.14.3.rel1.macosaarch64_1.0.0.202602081740/tools/bin/../lib/gcc/arm-none-eabi/14.3.1/../../../../arm-none-eabi/lib/thumb/v6-m/nofp/libg_nano.a(libc_a-errno.o)
                0x080067c0                __errno
 .text.__libc_init_array
                0x080067cc       0x48 /Applications/STM32CubeIDE.app/Contents/Eclipse/plugins/com.st.stm32cube.ide.mcu.externaltools.gnu-tools-for-stm32.14.3.rel1.macosaarch64_1.0.0.202602081740/tools/bin/../lib/gcc/arm-none-eabi/14.3.1/../../../../arm-none-eabi/lib/thumb/v6-m/nofp/libg_nano.a(libc_a-init.o)
                0x080067cc                __libc_init_array
 .text.__retarget_lock_init_recursive
                0x08006814        0x2 /Applications/STM32CubeIDE.app/Contents/Eclipse/plugins/com.st.stm32cube.ide.mcu.externaltools.gnu-tools-for-stm32.14.3.rel1.macosaarch64_1.0.0.202602081740/tools/bin/../lib/gcc/arm-none-eabi/14.3.1/../../../../arm-none-eabi/lib/thumb/v6-m/nofp/libg_nano.a(libc_a-lock.o)
                0x08006814                __retarget_lock_init_recursive
 .text.__retarget_lock_acquire_recursive
                0x08006816        0x2 /Applications/STM32CubeIDE.app/Contents/Eclipse/plugins/com.st.stm32cube.ide.mcu.externaltools.gnu-tools-for-stm32.14.3.rel1.macosaarch64_1.0.0.202602081740/tools/bin/../lib/gcc/arm-none-eabi/14.3.1/../../../../arm-none-eabi/lib/thumb/v6-m/nofp/libg_nano.a(libc_a-lock.o)
                0x08006816                __retarget_lock_acquire_recursive
 .text.__retarget_lock_release_recursive
                0x08006818        0x2 /Applications/STM32CubeIDE.app/Contents/Eclipse/plugins/com.st.stm32cube.ide.mcu.externaltools.gnu-tools-for-stm32.14.3.rel1.macosaarch64_1.0.0.202602081740/tools/bin/../lib/gcc/arm-none-eabi/14.3.1/../../../../arm-none-eabi/lib/thumb/v6-m/nofp/libg_nano.a(libc_a-lock.o)
                0x08006818                __retarget_lock_release_recursive
 .text.__sfputc_r
                0x0800681a       0x2a /Applications/STM32CubeIDE.app/Contents/Eclipse/plugins/com.st.stm32cube.ide.mcu.externaltools.gnu-tools-for-stm32.14.3.rel1.macosaarch64_1.0.0.202602081740/tools/bin/../lib/gcc/arm-none-eabi/14.3.1/../../../../arm-none-eabi/lib/thumb/v6-m/nofp/libg_nano.a(libc_a-nano-vfprintf.o)
 .text.__sfputs_r
                0x08006844       0x24 /Applications/STM32CubeIDE.app/Contents/Eclipse/plugins/com.st.stm32cube.ide.mcu.externaltools.gnu-tools-for-stm32.14.3.rel1.macosaarch64_1.0.0.202602081740/tools/bin/../lib/gcc/arm-none-eabi/14.3.1/../../../../arm-none-eabi/lib/thumb/v6-m/nofp/libg_nano.a(libc_a-nano-vfprintf.o)
                0x08006844                __sfputs_r
 .text._vfprintf_r
                0x08006868      0x230 /Applications/STM32CubeIDE.app/Contents/Eclipse/plugins/com.st.stm32cube.ide.mcu.externaltools.gnu-tools-for-stm32.14.3.rel1.macosaarch64_1.0.0.202602081740/tools/bin/../lib/gcc/arm-none-eabi/14.3.1/../../../../arm-none-eabi/lib/thumb/v6-m/nofp/libg_nano.a(libc_a-nano-vfprintf.o)
                0x08006868                _vfiprintf_r
                0x08006868                _vfprintf_r
 .text.sbrk_aligned
                0x08006a98       0x44 /Applications/STM32CubeIDE.app/Contents/Eclipse/plugins/com.st.stm32cube.ide.mcu.externaltools.gnu-tools-for-stm32.14.3.rel1.macosaarch64_1.0.0.202602081740/tools/bin/../lib/gcc/arm-none-eabi/14.3.1/../../../../arm-none-eabi/lib/thumb/v6-m/nofp/libg_nano.a(libc_a-mallocr.o)
 .text._malloc_r
                0x08006adc      0x100 /Applications/STM32CubeIDE.app/Contents/Eclipse/plugins/com.st.stm32cube.ide.mcu.externaltools.gnu-tools-for-stm32.14.3.rel1.macosaarch64_1.0.0.202602081740/tools/bin/../lib/gcc/arm-none-eabi/14.3.1/../../../../arm-none-eabi/lib/thumb/v6-m/nofp/libg_nano.a(libc_a-mallocr.o)
                0x08006adc                _malloc_r
 .text._printf_common
                0x08006bdc       0xde /Applications/STM32CubeIDE.app/Contents/Eclipse/plugins/com.st.stm32cube.ide.mcu.externaltools.gnu-tools-for-stm32.14.3.rel1.macosaarch64_1.0.0.202602081740/tools/bin/../lib/gcc/arm-none-eabi/14.3.1/../../../../arm-none-eabi/lib/thumb/v6-m/nofp/libg_nano.a(libc_a-nano-vfprintf_i.o)
                0x08006bdc                _printf_common
 *fill*         0x08006cba        0x2 
 .text._printf_i
                0x08006cbc      0x218 /Applications/STM32CubeIDE.app/Contents/Eclipse/plugins/com.st.stm32cube.ide.mcu.externaltools.gnu-tools-for-stm32.14.3.rel1.macosaarch64_1.0.0.202602081740/tools/bin/../lib/gcc/arm-none-eabi/14.3.1/../../../../arm-none-eabi/lib/thumb/v6-m/nofp/libg_nano.a(libc_a-nano-vfprintf_i.o)
                0x08006cbc                _printf_i
 .text.__sflush_r
                0x08006ed4      0x114 /Applications/STM32CubeIDE.app/Contents/Eclipse/plugins/com.st.stm32cube.ide.mcu.externaltools.gnu-tools-for-stm32.14.3.rel1.macosaarch64_1.0.0.202602081740/tools/bin/../lib/gcc/arm-none-eabi/14.3.1/../../../../arm-none-eabi/lib/thumb/v6-m/nofp/libg_nano.a(libc_a-fflush.o)
                0x08006ed4                __sflush_r
 .text._fflush_r
                0x08006fe8       0x56 /Applications/STM32CubeIDE.app/Contents/Eclipse/plugins/com.st.stm32cube.ide.mcu.externaltools.gnu-tools-for-stm32.14.3.rel1.macosaarch64_1.0.0.202602081740/tools/bin/../lib/gcc/arm-none-eabi/14.3.1/../../../../arm-none-eabi/lib/thumb/v6-m/nofp/libg_nano.a(libc_a-fflush.o)
                0x08006fe8                _fflush_r
 *fill*         0x0800703e        0x2 
 .text.__malloc_lock
                0x08007040       0x10 /Applications/STM32CubeIDE.app/Contents/Eclipse/plugins/com.st.stm32cube.ide.mcu.externaltools.gnu-tools-for-stm32.14.3.rel1.macosaarch64_1.0.0.202602081740/tools/bin/../lib/gcc/arm-none-eabi/14.3.1/../../../../arm-none-eabi/lib/thumb/v6-m/nofp/libg_nano.a(libc_a-mlock.o)
                0x08007040                __malloc_lock
 .text.__malloc_unlock
                0x08007050       0x10 /Applications/STM32CubeIDE.app/Contents/Eclipse/plugins/com.st.stm32cube.ide.mcu.externaltools.gnu-tools-for-stm32.14.3.rel1.macosaarch64_1.0.0.202602081740/tools/bin/../lib/gcc/arm-none-eabi/14.3.1/../../../../arm-none-eabi/lib/thumb/v6-m/nofp/libg_nano.a(libc_a-mlock.o)
                0x08007050                __malloc_unlock
 .text.__sread  0x08007060       0x28 /Applications/STM32CubeIDE.app/Contents/Eclipse/plugins/com.st.stm32cube.ide.mcu.externaltools.gnu-tools-for-stm32.14.3.rel1.macosaarch64_1.0.0.202602081740/tools/bin/../lib/gcc/arm-none-eabi/14.3.1/../../../../arm-none-eabi/lib/thumb/v6-m/nofp/libg_nano.a(libc_a-stdio.o)
                0x08007060                __sread
 .text.__swrite
                0x08007088       0x38 /Applications/STM32CubeIDE.app/Contents/Eclipse/plugins/com.st.stm32cube.ide.mcu.externaltools.gnu-tools-for-stm32.14.3.rel1.macosaarch64_1.0.0.202602081740/tools/bin/../lib/gcc/arm-none-eabi/14.3.1/../../../../arm-none-eabi/lib/thumb/v6-m/nofp/libg_nano.a(libc_a-stdio.o)
                0x08007088                __swrite
 .text.__sseek  0x080070c0       0x2c /Applications/STM32CubeIDE.app/Contents/Eclipse/plugins/com.st.stm32cube.ide.mcu.externaltools.gnu-tools-for-stm32.14.3.rel1.macosaarch64_1.0.0.202602081740/tools/bin/../lib/gcc/arm-none-eabi/14.3.1/../../../../arm-none-eabi/lib/thumb/v6-m/nofp/libg_nano.a(libc_a-stdio.o)
                0x080070c0                __sseek
 .text.__sclose
                0x080070ec        0xc /Applications/STM32CubeIDE.app/Contents/Eclipse/plugins/com.st.stm32cube.ide.mcu.externaltools.gnu-tools-for-stm32.14.3.rel1.macosaarch64_1.0.0.202602081740/tools/bin/../lib/gcc/arm-none-eabi/14.3.1/../../../../arm-none-eabi/lib/thumb/v6-m/nofp/libg_nano.a(libc_a-stdio.o)
                0x080070ec                __sclose
 .text.__swbuf_r
                0x080070f8       0x84 /Applications/STM32CubeIDE.app/Contents/Eclipse/plugins/com.st.stm32cube.ide.mcu.externaltools.gnu-tools-for-stm32.14.3.rel1.macosaarch64_1.0.0.202602081740/tools/bin/../lib/gcc/arm-none-eabi/14.3.1/../../../../arm-none-eabi/lib/thumb/v6-m/nofp/libg_nano.a(libc_a-wbuf.o)
                0x080070f8                __swbuf_r
 .text.__swsetup_r
                0x0800717c       0xb4 /Applications/STM32CubeIDE.app/Contents/Eclipse/plugins/com.st.stm32cube.ide.mcu.externaltools.gnu-tools-for-stm32.14.3.rel1.macosaarch64_1.0.0.202602081740/tools/bin/../lib/gcc/arm-none-eabi/14.3.1/../../../../arm-none-eabi/lib/thumb/v6-m/nofp/libg_nano.a(libc_a-wsetup.o)
                0x0800717c                __swsetup_r
 .text.__swhatbuf_r
                0x08007230       0x54 /Applications/STM32CubeIDE.app/Contents/Eclipse/plugins/com.st.stm32cube.ide.mcu.externaltools.gnu-tools-for-stm32.14.3.rel1.macosaarch64_1.0.0.202602081740/tools/bin/../lib/gcc/arm-none-eabi/14.3.1/../../../../arm-none-eabi/lib/thumb/v6-m/nofp/libg_nano.a(libc_a-makebuf.o)
                0x08007230                __swhatbuf_r
 .text.__smakebuf_r
                0x08007284       0x72 /Applications/STM32CubeIDE.app/Contents/Eclipse/plugins/com.st.stm32cube.ide.mcu.externaltools.gnu-tools-for-stm32.14.3.rel1.macosaarch64_1.0.0.202602081740/tools/bin/../lib/gcc/arm-none-eabi/14.3.1/../../../../arm-none-eabi/lib/thumb/v6-m/nofp/libg_nano.a(libc_a-makebuf.o)
                0x08007284                __smakebuf_r
 *fill*         0x080072f6        0x2 
 .text._isatty_r
                0x080072f8       0x24 /Applications/STM32CubeIDE.app/Contents/Eclipse/plugins/com.st.stm32cube.ide.mcu.externaltools.gnu-tools-for-stm32.14.3.rel1.macosaarch64_1.0.0.202602081740/tools/bin/../lib/gcc/arm-none-eabi/14.3.1/../../../../arm-none-eabi/lib/thumb/v6-m/nofp/libg_nano.a(libc_a-isattyr.o)
                0x080072f8                _isatty_r
 .text._lseek_r
                0x0800731c       0x28 /Applications/STM32CubeIDE.app/Contents/Eclipse/plugins/com.st.stm32cube.ide.mcu.externaltools.gnu-tools-for-stm32.14.3.rel1.macosaarch64_1.0.0.202602081740/tools/bin/../lib/gcc/arm-none-eabi/14.3.1/../../../../arm-none-eabi/lib/thumb/v6-m/nofp/libg_nano.a(libc_a-lseekr.o)
                0x0800731c                _lseek_r
 .text._read_r  0x08007344       0x28 /Applications/STM32CubeIDE.app/Contents/Eclipse/plugins/com.st.stm32cube.ide.mcu.externaltools.gnu-tools-for-stm32.14.3.rel1.macosaarch64_1.0.0.202602081740/tools/bin/../lib/gcc/arm-none-eabi/14.3.1/../../../../arm-none-eabi/lib/thumb/v6-m/nofp/libg_nano.a(libc_a-readr.o)
                0x08007344                _read_r
 .text._sbrk_r  0x0800736c       0x24 /Applications/STM32CubeIDE.app/Contents/Eclipse/plugins/com.st.stm32cube.ide.mcu.externaltools.gnu-tools-for-stm32.14.3.rel1.macosaarch64_1.0.0.202602081740/tools/bin/../lib/gcc/arm-none-eabi/14.3.1/../../../../arm-none-eabi/lib/thumb/v6-m/nofp/libg_nano.a(libc_a-sbrkr.o)
                0x0800736c                _sbrk_r
 .text._write_r
                0x08007390       0x28 /Applications/STM32CubeIDE.app/Contents/Eclipse/plugins/com.st.stm32cube.ide.mcu.externaltools.gnu-tools-for-stm32.14.3.rel1.macosaarch64_1.0.0.202602081740/tools/bin/../lib/gcc/arm-none-eabi/14.3.1/../../../../arm-none-eabi/lib/thumb/v6-m/nofp/libg_nano.a(libc_a-writer.o)
                0x08007390                _write_r
 .text._close_r
                0x080073b8       0x24 /Applications/STM32CubeIDE.app/Contents/Eclipse/plugins/com.st.stm32cube.ide.mcu.externaltools.gnu-tools-for-stm32.14.3.rel1.macosaarch64_1.0.0.202602081740/tools/bin/../lib/gcc/arm-none-eabi/14.3.1/../../../../arm-none-eabi/lib/thumb/v6-m/nofp/libg_nano.a(libc_a-closer.o)
                0x080073b8                _close_r
 .text._fstat_r
                0x080073dc       0x24 /Applications/STM32CubeIDE.app/Contents/Eclipse/plugins/com.st.stm32cube.ide.mcu.externaltools.gnu-tools-for-stm32.14.3.rel1.macosaarch64_1.0.0.202602081740/tools/bin/../lib/gcc/arm-none-eabi/14.3.1/../../../../arm-none-eabi/lib/thumb/v6-m/nofp/libg_nano.a(libc_a-fstatr.o)
                0x080073dc                _fstat_r
 .text.memchr   0x08007400       0x16 /Applications/STM32CubeIDE.app/Contents/Eclipse/plugins/com.st.stm32cube.ide.mcu.externaltools.gnu-tools-for-stm32.14.3.rel1.macosaarch64_1.0.0.202602081740/tools/bin/../lib/gcc/arm-none-eabi/14.3.1/../../../../arm-none-eabi/lib/thumb/v6-m/nofp/libg_nano.a(libc_a-memchr-stub.o)
                0x08007400                memchr
 *fill*         0x08007416        0x2 
 .text._free_r  0x08007418       0x94 /Applications/STM32CubeIDE.app/Contents/Eclipse/plugins/com.st.stm32cube.ide.mcu.externaltools.gnu-tools-for-stm32.14.3.rel1.macosaarch64_1.0.0.202602081740/tools/bin/../lib/gcc/arm-none-eabi/14.3.1/../../../../arm-none-eabi/lib/thumb/v6-m/nofp/libg_nano.a(libc_a-freer.o)
                0x08007418                _free_r
 *(.glue_7)
 .glue_7        0x080074ac        0x0 linker stubs
 *(.glue_7t)
 .glue_7t       0x080074ac        0x0 linker stubs
 *(.eh_frame)
 .eh_frame      0x080074ac        0x0 /Applications/STM32CubeIDE.app/Contents/Eclipse/plugins/com.st.stm32cube.ide.mcu.externaltools.gnu-tools-for-stm32.14.3.rel1.macosaarch64_1.0.0.202602081740/tools/bin/../lib/gcc/arm-none-eabi/14.3.1/thumb/v6-m/nofp/crtbegin.o
 *(.init)
 .init          0x080074ac        0x4 /Applications/STM32CubeIDE.app/Contents/Eclipse/plugins/com.st.stm32cube.ide.mcu.externaltools.gnu-tools-for-stm32.14.3.rel1.macosaarch64_1.0.0.202602081740/tools/bin/../lib/gcc/arm-none-eabi/14.3.1/thumb/v6-m/nofp/crti.o
                0x080074ac                _init
 .init          0x080074b0        0x8 /Applications/STM32CubeIDE.app/Contents/Eclipse/plugins/com.st.stm32cube.ide.mcu.externaltools.gnu-tools-for-stm32.14.3.rel1.macosaarch64_1.0.0.202602081740/tools/bin/../lib/gcc/arm-none-eabi/14.3.1/thumb/v6-m/nofp/crtn.o
 *(.fini)
 .fini          0x080074b8        0x4 /Applications/STM32CubeIDE.app/Contents/Eclipse/plugins/com.st.stm32cube.ide.mcu.externaltools.gnu-tools-for-stm32.14.3.rel1.macosaarch64_1.0.0.202602081740/tools/bin/../lib/gcc/arm-none-eabi/14.3.1/thumb/v6-m/nofp/crti.o
                0x080074b8                _fini
 .fini          0x080074bc        0x8 /Applications/STM32CubeIDE.app/Contents/Eclipse/plugins/com.st.stm32cube.ide.mcu.externaltools.gnu-tools-for-stm32.14.3.rel1.macosaarch64_1.0.0.202602081740/tools/bin/../lib/gcc/arm-none-eabi/14.3.1/thumb/v6-m/nofp/crtn.o
                0x080074c4                        . = ALIGN (0x4)
                0x080074c4                        _etext = .

.vfp11_veneer   0x080074c4        0x0
 .vfp11_veneer  0x080074c4        0x0 linker stubs

.v4_bx          0x080074c4        0x0
 .v4_bx         0x080074c4        0x0 linker stubs

.iplt           0x080074c4        0x0
 .iplt          0x080074c4        0x0 /Applications/STM32CubeIDE.app/Contents/Eclipse/plugins/com.st.stm32cube.ide.mcu.externaltools.gnu-tools-for-stm32.14.3.rel1.macosaarch64_1.0.0.202602081740/tools/bin/../lib/gcc/arm-none-eabi/14.3.1/thumb/v6-m/nofp/crtbegin.o

.rodata         0x080074c4      0x178
                0x080074c4                        . = ALIGN (0x4)
 *(.rodata)
 .rodata        0x080074c4       0x6d CMakeFiles/current_control.dir/Core/Src/main.c.obj
 *(.rodata*)
 *fill*         0x08007531        0x3 
 .rodata.AHBPrescTable
                0x08007534       0x40 cmake/stm32cubemx/CMakeFiles/STM32_Drivers.dir/__/__/Core/Src/system_stm32c0xx.c.obj
                0x08007534                AHBPrescTable
 .rodata.APBPrescTable
                0x08007574       0x20 cmake/stm32cubemx/CMakeFiles/STM32_Drivers.dir/__/__/Core/Src/system_stm32c0xx.c.obj
                0x08007574                APBPrescTable
 .rodata.HAL_TIM_PWM_ConfigChannel
                0x08007594       0x54 cmake/stm32cubemx/CMakeFiles/STM32_Drivers.dir/__/__/Drivers/STM32C0xx_HAL_Driver/Src/stm32c0xx_hal_tim.c.obj
 .rodata.UARTPrescTable
                0x080075e8       0x18 cmake/stm32cubemx/CMakeFiles/STM32_Drivers.dir/__/__/Drivers/STM32C0xx_HAL_Driver/Src/stm32c0xx_hal_uart.c.obj
                0x080075e8                UARTPrescTable
 .rodata.LED_PIN
                0x08007600        0x4 cmake/stm32cubemx/CMakeFiles/STM32_Drivers.dir/__/__/Drivers/BSP/STM32C0xx_Nucleo/stm32c0xx_nucleo.c.obj
 .rodata.BUTTON_EXTI_LINE.2
                0x08007604        0x4 cmake/stm32cubemx/CMakeFiles/STM32_Drivers.dir/__/__/Drivers/BSP/STM32C0xx_Nucleo/stm32c0xx_nucleo.c.obj
 .rodata._vfprintf_r.str1.1
                0x08007608       0x33 /Applications/STM32CubeIDE.app/Contents/Eclipse/plugins/com.st.stm32cube.ide.mcu.externaltools.gnu-tools-for-stm32.14.3.rel1.macosaarch64_1.0.0.202602081740/tools/bin/../lib/gcc/arm-none-eabi/14.3.1/../../../../arm-none-eabi/lib/thumb/v6-m/nofp/libg_nano.a(libc_a-nano-vfprintf.o)
                                 0x11 (size before relaxing)
 .rodata._printf_i.str1.1
                0x0800763b       0x22 /Applications/STM32CubeIDE.app/Contents/Eclipse/plugins/com.st.stm32cube.ide.mcu.externaltools.gnu-tools-for-stm32.14.3.rel1.macosaarch64_1.0.0.202602081740/tools/bin/../lib/gcc/arm-none-eabi/14.3.1/../../../../arm-none-eabi/lib/thumb/v6-m/nofp/libg_nano.a(libc_a-nano-vfprintf_i.o)
                0x08007660                        . = ALIGN (0x4)
 *fill*         0x0800763b        0x1 

.ARM.extab      0x0800763c        0x0
                0x0800763c                        . = ALIGN (0x4)
 *(.ARM.extab* .gnu.linkonce.armextab.*)
                0x0800763c                        . = ALIGN (0x4)

.ARM            0x0800763c        0x0
                0x0800763c                        . = ALIGN (0x4)
                0x0800763c                        __exidx_start = .
 *(.ARM.exidx*)
                0x0800763c                        __exidx_end = .
                0x0800763c                        . = ALIGN (0x4)

.preinit_array  0x0800763c        0x0
                0x0800763c                        . = ALIGN (0x4)
                0x0800763c                        PROVIDE (__preinit_array_start = .)
 *(.preinit_array*)
                0x0800763c                        PROVIDE (__preinit_array_end = .)
                0x0800763c                        . = ALIGN (0x4)

.init_array     0x0800763c        0x4
                0x0800763c                        . = ALIGN (0x4)
                0x0800763c                        PROVIDE (__init_array_start = .)
 *(SORT_BY_NAME(.init_array.*))
 *(.init_array*)
 .init_array    0x0800763c        0x4 /Applications/STM32CubeIDE.app/Contents/Eclipse/plugins/com.st.stm32cube.ide.mcu.externaltools.gnu-tools-for-stm32.14.3.rel1.macosaarch64_1.0.0.202602081740/tools/bin/../lib/gcc/arm-none-eabi/14.3.1/thumb/v6-m/nofp/crtbegin.o
                0x08007640                        PROVIDE (__init_array_end = .)
                0x08007640                        . = ALIGN (0x4)

.fini_array     0x08007640        0x4
                0x08007640                        . = ALIGN (0x4)
                [!provide]                        PROVIDE (__fini_array_start = .)
 *(SORT_BY_NAME(.fini_array.*))
 *(.fini_array*)
 .fini_array    0x08007640        0x4 /Applications/STM32CubeIDE.app/Contents/Eclipse/plugins/com.st.stm32cube.ide.mcu.externaltools.gnu-tools-for-stm32.14.3.rel1.macosaarch64_1.0.0.202602081740/tools/bin/../lib/gcc/arm-none-eabi/14.3.1/thumb/v6-m/nofp/crtbegin.o
                [!provide]                        PROVIDE (__fini_array_end = .)
                0x08007644                        . = ALIGN (0x4)
                0x08007644                        _sidata = LOADADDR (.data)

.rel.dyn        0x08007644        0x0
 .rel.iplt      0x08007644        0x0 /Applications/STM32CubeIDE.app/Contents/Eclipse/plugins/com.st.stm32cube.ide.mcu.externaltools.gnu-tools-for-stm32.14.3.rel1.macosaarch64_1.0.0.202602081740/tools/bin/../lib/gcc/arm-none-eabi/14.3.1/thumb/v6-m/nofp/crtbegin.o

.data           0x20000000       0x80 load address 0x08007644
                0x20000000                        . = ALIGN (0x4)
                0x20000000                        _sdata = .
 *(.data)
 *(.data*)
 .data.SystemCoreClock
                0x20000000        0x4 cmake/stm32cubemx/CMakeFiles/STM32_Drivers.dir/__/__/Core/Src/system_stm32c0xx.c.obj
                0x20000000                SystemCoreClock
 .data.uwTickPrio
                0x20000004        0x4 cmake/stm32cubemx/CMakeFiles/STM32_Drivers.dir/__/__/Drivers/STM32C0xx_HAL_Driver/Src/stm32c0xx_hal.c.obj
                0x20000004                uwTickPrio
 .data.uwTickFreq
                0x20000008        0x1 cmake/stm32cubemx/CMakeFiles/STM32_Drivers.dir/__/__/Drivers/STM32C0xx_HAL_Driver/Src/stm32c0xx_hal.c.obj
                0x20000008                uwTickFreq
 *fill*         0x20000009        0x3 
 .data.LED_PORT
                0x2000000c        0x8 cmake/stm32cubemx/CMakeFiles/STM32_Drivers.dir/__/__/Drivers/BSP/STM32C0xx_Nucleo/stm32c0xx_nucleo.c.obj
 .data.BUTTON_PORT
                0x20000014        0x4 cmake/stm32cubemx/CMakeFiles/STM32_Drivers.dir/__/__/Drivers/BSP/STM32C0xx_Nucleo/stm32c0xx_nucleo.c.obj
 .data.ButtonCallback.1
                0x20000018        0x4 cmake/stm32cubemx/CMakeFiles/STM32_Drivers.dir/__/__/Drivers/BSP/STM32C0xx_Nucleo/stm32c0xx_nucleo.c.obj
 .data.BSP_BUTTON_PRIO.0
                0x2000001c        0x4 cmake/stm32cubemx/CMakeFiles/STM32_Drivers.dir/__/__/Drivers/BSP/STM32C0xx_Nucleo/stm32c0xx_nucleo.c.obj
 .data.desired_current
                0x20000020        0x4 CMakeFiles/current_control.dir/Core/Src/main.c.obj
                0x20000020                desired_current
 .data.__sglue  0x20000024        0xc /Applications/STM32CubeIDE.app/Contents/Eclipse/plugins/com.st.stm32cube.ide.mcu.externaltools.gnu-tools-for-stm32.14.3.rel1.macosaarch64_1.0.0.202602081740/tools/bin/../lib/gcc/arm-none-eabi/14.3.1/../../../../arm-none-eabi/lib/thumb/v6-m/nofp/libg_nano.a(libc_a-findfp.o)
                0x20000024                __sglue
 .data._impure_ptr
                0x20000030        0x4 /Applications/STM32CubeIDE.app/Contents/Eclipse/plugins/com.st.stm32cube.ide.mcu.externaltools.gnu-tools-for-stm32.14.3.rel1.macosaarch64_1.0.0.202602081740/tools/bin/../lib/gcc/arm-none-eabi/14.3.1/../../../../arm-none-eabi/lib/thumb/v6-m/nofp/libg_nano.a(libc_a-impure.o)
                0x20000030                _impure_ptr
 .data._impure_data
                0x20000034       0x4c /Applications/STM32CubeIDE.app/Contents/Eclipse/plugins/com.st.stm32cube.ide.mcu.externaltools.gnu-tools-for-stm32.14.3.rel1.macosaarch64_1.0.0.202602081740/tools/bin/../lib/gcc/arm-none-eabi/14.3.1/../../../../arm-none-eabi/lib/thumb/v6-m/nofp/libg_nano.a(libc_a-impure.o)
                0x20000034                _impure_data
 *(.RamFunc)
 *(.RamFunc*)
                0x20000080                        . = ALIGN (0x4)

.igot.plt       0x20000080        0x0 load address 0x080076c4
 .igot.plt      0x20000080        0x0 /Applications/STM32CubeIDE.app/Contents/Eclipse/plugins/com.st.stm32cube.ide.mcu.externaltools.gnu-tools-for-stm32.14.3.rel1.macosaarch64_1.0.0.202602081740/tools/bin/../lib/gcc/arm-none-eabi/14.3.1/thumb/v6-m/nofp/crtbegin.o

.tdata          0x20000080        0x0 load address 0x080076c4
 *(.tdata .tdata.* .gnu.linkonce.td.*)
                0x20000080                        . = ALIGN (0x4)
                0x20000080                        _edata = .
                [!provide]                        PROVIDE (__data_end = .)
                [!provide]                        PROVIDE (__tdata_end = .)
                [!provide]                        PROVIDE (__tdata_start = ADDR (.tdata))
                [!provide]                        PROVIDE (__tdata_size = (__tdata_end - __tdata_start))
                [!provide]                        PROVIDE (__data_start = ADDR (.data))
                [!provide]                        PROVIDE (__data_size = (__data_end - __data_start))
                [!provide]                        PROVIDE (__tdata_source = LOADADDR (.tdata))
                [!provide]                        PROVIDE (__tdata_source_end = (LOADADDR (.tdata) + SIZEOF (.tdata)))
                [!provide]                        PROVIDE (__tdata_source_size = (__tdata_source_end - __tdata_source))
                [!provide]                        PROVIDE (__data_source = LOADADDR (.data))
                [!provide]                        PROVIDE (__data_source_end = __tdata_source_end)
                [!provide]                        PROVIDE (__data_source_size = (__data_source_end - __data_source))

.tbss           0x20000080        0x0 load address 0x080076c4
                0x20000080                        _sbss = .
                0x20000080                        __bss_start__ = _sbss
 *(.tbss .tbss.*)
                0x20000080                        . = ALIGN (0x4)
                [!provide]                        PROVIDE (__tbss_end = .)
                [!provide]                        PROVIDE (__tbss_start = ADDR (.tbss))
                [!provide]                        PROVIDE (__tbss_size = (__tbss_end - __tbss_start))
                [!provide]                        PROVIDE (__tbss_offset = (ADDR (.tbss) - ADDR (.tdata)))
                [!provide]                        PROVIDE (__tls_base = __tdata_start)
                [!provide]                        PROVIDE (__tls_end = __tbss_end)
                [!provide]                        PROVIDE (__tls_size = (__tls_end - __tls_base))
                [!provide]                        PROVIDE (__tls_align = MAX (ALIGNOF (.tdata), ALIGNOF (.tbss)))
                [!provide]                        PROVIDE (__tls_size_align = (((__tls_size + __tls_align) - 0x1) & ~ ((__tls_align - 0x1))))
                [!provide]                        PROVIDE (__arm32_tls_tcb_offset = MAX (0x8, __tls_align))
                [!provide]                        PROVIDE (__arm64_tls_tcb_offset = MAX (0x10, __tls_align))

.bss            0x20000080     0x1630 load address 0x080076c4
 *(.bss)
 .bss           0x20000080       0x1c /Applications/STM32CubeIDE.app/Contents/Eclipse/plugins/com.st.stm32cube.ide.mcu.externaltools.gnu-tools-for-stm32.14.3.rel1.macosaarch64_1.0.0.202602081740/tools/bin/../lib/gcc/arm-none-eabi/14.3.1/thumb/v6-m/nofp/crtbegin.o
 *(.bss*)
 .bss.uwTick    0x2000009c        0x4 cmake/stm32cubemx/CMakeFiles/STM32_Drivers.dir/__/__/Drivers/STM32C0xx_HAL_Driver/Src/stm32c0xx_hal.c.obj
                0x2000009c                uwTick
 .bss.hpb_exti  0x200000a0        0xc cmake/stm32cubemx/CMakeFiles/STM32_Drivers.dir/__/__/Drivers/BSP/STM32C0xx_Nucleo/stm32c0xx_nucleo.c.obj
                0x200000a0                hpb_exti
 .bss.hadc1     0x200000ac       0x64 CMakeFiles/current_control.dir/Core/Src/main.c.obj
                0x200000ac                hadc1
 .bss.hi2c2     0x20000110       0x54 CMakeFiles/current_control.dir/Core/Src/main.c.obj
                0x20000110                hi2c2
 .bss.htim1     0x20000164       0x4c CMakeFiles/current_control.dir/Core/Src/main.c.obj
                0x20000164                htim1
 .bss.htim2     0x200001b0       0x4c CMakeFiles/current_control.dir/Core/Src/main.c.obj
                0x200001b0                htim2
 .bss.huart2    0x200001fc       0x94 CMakeFiles/current_control.dir/Core/Src/main.c.obj
                0x200001fc                huart2
 .bss.error_integral
                0x20000290        0x4 CMakeFiles/current_control.dir/Core/Src/main.c.obj
                0x20000290                error_integral
 .bss.log_i     0x20000294        0x4 CMakeFiles/current_control.dir/Core/Src/main.c.obj
                0x20000294                log_i
 .bss.control_state
                0x20000298        0x1 CMakeFiles/current_control.dir/Core/Src/main.c.obj
                0x20000298                control_state
 *fill*         0x20000299        0x3 
 .bss.log_index
                0x2000029c      0x640 CMakeFiles/current_control.dir/Core/Src/main.c.obj
                0x2000029c                log_index
 .bss.log_desired
                0x200008dc      0x640 CMakeFiles/current_control.dir/Core/Src/main.c.obj
                0x200008dc                log_desired
 .bss.log_actual
                0x20000f1c      0x640 CMakeFiles/current_control.dir/Core/Src/main.c.obj
                0x20000f1c                log_actual
 .bss.counter.0
                0x2000155c        0x4 CMakeFiles/current_control.dir/Core/Src/main.c.obj
 .bss.__sbrk_heap_end
                0x20001560        0x4 CMakeFiles/current_control.dir/Core/Src/sysmem.c.obj
 .bss.__sf      0x20001564      0x138 /Applications/STM32CubeIDE.app/Contents/Eclipse/plugins/com.st.stm32cube.ide.mcu.externaltools.gnu-tools-for-stm32.14.3.rel1.macosaarch64_1.0.0.202602081740/tools/bin/../lib/gcc/arm-none-eabi/14.3.1/../../../../arm-none-eabi/lib/thumb/v6-m/nofp/libg_nano.a(libc_a-findfp.o)
                0x20001564                __sf
 .bss.__stdio_exit_handler
                0x2000169c        0x4 /Applications/STM32CubeIDE.app/Contents/Eclipse/plugins/com.st.stm32cube.ide.mcu.externaltools.gnu-tools-for-stm32.14.3.rel1.macosaarch64_1.0.0.202602081740/tools/bin/../lib/gcc/arm-none-eabi/14.3.1/../../../../arm-none-eabi/lib/thumb/v6-m/nofp/libg_nano.a(libc_a-findfp.o)
                0x2000169c                __stdio_exit_handler
 .bss.__lock___malloc_recursive_mutex
                0x200016a0        0x1 /Applications/STM32CubeIDE.app/Contents/Eclipse/plugins/com.st.stm32cube.ide.mcu.externaltools.gnu-tools-for-stm32.14.3.rel1.macosaarch64_1.0.0.202602081740/tools/bin/../lib/gcc/arm-none-eabi/14.3.1/../../../../arm-none-eabi/lib/thumb/v6-m/nofp/libg_nano.a(libc_a-lock.o)
                0x200016a0                __lock___malloc_recursive_mutex
 .bss.__lock___sfp_recursive_mutex
                0x200016a1        0x1 /Applications/STM32CubeIDE.app/Contents/Eclipse/plugins/com.st.stm32cube.ide.mcu.externaltools.gnu-tools-for-stm32.14.3.rel1.macosaarch64_1.0.0.202602081740/tools/bin/../lib/gcc/arm-none-eabi/14.3.1/../../../../arm-none-eabi/lib/thumb/v6-m/nofp/libg_nano.a(libc_a-lock.o)
                0x200016a1                __lock___sfp_recursive_mutex
 *fill*         0x200016a2        0x2 
 .bss.__malloc_sbrk_start
                0x200016a4        0x4 /Applications/STM32CubeIDE.app/Contents/Eclipse/plugins/com.st.stm32cube.ide.mcu.externaltools.gnu-tools-for-stm32.14.3.rel1.macosaarch64_1.0.0.202602081740/tools/bin/../lib/gcc/arm-none-eabi/14.3.1/../../../../arm-none-eabi/lib/thumb/v6-m/nofp/libg_nano.a(libc_a-mallocr.o)
                0x200016a4                __malloc_sbrk_start
 .bss.__malloc_free_list
                0x200016a8        0x4 /Applications/STM32CubeIDE.app/Contents/Eclipse/plugins/com.st.stm32cube.ide.mcu.externaltools.gnu-tools-for-stm32.14.3.rel1.macosaarch64_1.0.0.202602081740/tools/bin/../lib/gcc/arm-none-eabi/14.3.1/../../../../arm-none-eabi/lib/thumb/v6-m/nofp/libg_nano.a(libc_a-mallocr.o)
                0x200016a8                __malloc_free_list
 .bss.errno     0x200016ac        0x4 /Applications/STM32CubeIDE.app/Contents/Eclipse/plugins/com.st.stm32cube.ide.mcu.externaltools.gnu-tools-for-stm32.14.3.rel1.macosaarch64_1.0.0.202602081740/tools/bin/../lib/gcc/arm-none-eabi/14.3.1/../../../../arm-none-eabi/lib/thumb/v6-m/nofp/libg_nano.a(libc_a-reent.o)
                0x200016ac                errno
 *(COMMON)
                0x200016b0                        . = ALIGN (0x4)
                0x200016b0                        _ebss = .
                0x200016b0                        __bss_end__ = _ebss
                [!provide]                        PROVIDE (__bss_end = .)
                [!provide]                        PROVIDE (__non_tls_bss_start = ADDR (.bss))
                [!provide]                        PROVIDE (__bss_start = __tbss_start)
                [!provide]                        PROVIDE (__bss_size = (__bss_end - __bss_start))

._user_heap_stack
                0x200016b0      0x600 load address 0x080076c4
                0x200016b0                        . = ALIGN (0x8)
                [!provide]                        PROVIDE (end = .)
                0x200016b0                        PROVIDE (_end = .)
                0x200018b0                        . = (. + _Min_Heap_Size)
 *fill*         0x200016b0      0x200 
                0x20001cb0                        . = (. + _Min_Stack_Size)
 *fill*         0x200018b0      0x400 
                0x20001cb0                        . = ALIGN (0x8)

/DISCARD/
 libc.a:*(*)
 libm.a:*(*)
 libgcc.a:*(*)
OUTPUT(current_control.elf elf32-littlearm)
LOAD linker stubs

.ARM.attributes
                0x00000000       0x28
 .ARM.attributes
                0x00000000       0x1e /Applications/STM32CubeIDE.app/Contents/Eclipse/plugins/com.st.stm32cube.ide.mcu.externaltools.gnu-tools-for-stm32.14.3.rel1.macosaarch64_1.0.0.202602081740/tools/bin/../lib/gcc/arm-none-eabi/14.3.1/thumb/v6-m/nofp/crti.o
 .ARM.attributes
                0x0000001e       0x2c /Applications/STM32CubeIDE.app/Contents/Eclipse/plugins/com.st.stm32cube.ide.mcu.externaltools.gnu-tools-for-stm32.14.3.rel1.macosaarch64_1.0.0.202602081740/tools/bin/../lib/gcc/arm-none-eabi/14.3.1/thumb/v6-m/nofp/crtbegin.o
 .ARM.attributes
                0x0000004a       0x2c cmake/stm32cubemx/CMakeFiles/STM32_Drivers.dir/__/__/Core/Src/system_stm32c0xx.c.obj
 .ARM.attributes
                0x00000076       0x2c cmake/stm32cubemx/CMakeFiles/STM32_Drivers.dir/__/__/Drivers/STM32C0xx_HAL_Driver/Src/stm32c0xx_hal.c.obj
 .ARM.attributes
                0x000000a2       0x2c cmake/stm32cubemx/CMakeFiles/STM32_Drivers.dir/__/__/Drivers/STM32C0xx_HAL_Driver/Src/stm32c0xx_hal_adc.c.obj
 .ARM.attributes
                0x000000ce       0x2c cmake/stm32cubemx/CMakeFiles/STM32_Drivers.dir/__/__/Drivers/STM32C0xx_HAL_Driver/Src/stm32c0xx_hal_rcc.c.obj
 .ARM.attributes
                0x000000fa       0x2c cmake/stm32cubemx/CMakeFiles/STM32_Drivers.dir/__/__/Drivers/STM32C0xx_HAL_Driver/Src/stm32c0xx_hal_rcc_ex.c.obj
 .ARM.attributes
                0x00000126       0x2c cmake/stm32cubemx/CMakeFiles/STM32_Drivers.dir/__/__/Drivers/STM32C0xx_HAL_Driver/Src/stm32c0xx_hal_gpio.c.obj
 .ARM.attributes
                0x00000152       0x2c cmake/stm32cubemx/CMakeFiles/STM32_Drivers.dir/__/__/Drivers/STM32C0xx_HAL_Driver/Src/stm32c0xx_hal_cortex.c.obj
 .ARM.attributes
                0x0000017e       0x2c cmake/stm32cubemx/CMakeFiles/STM32_Drivers.dir/__/__/Drivers/STM32C0xx_HAL_Driver/Src/stm32c0xx_hal_exti.c.obj
 .ARM.attributes
                0x000001aa       0x2c cmake/stm32cubemx/CMakeFiles/STM32_Drivers.dir/__/__/Drivers/STM32C0xx_HAL_Driver/Src/stm32c0xx_hal_i2c.c.obj
 .ARM.attributes
                0x000001d6       0x2c cmake/stm32cubemx/CMakeFiles/STM32_Drivers.dir/__/__/Drivers/STM32C0xx_HAL_Driver/Src/stm32c0xx_hal_i2c_ex.c.obj
 .ARM.attributes
                0x00000202       0x2c cmake/stm32cubemx/CMakeFiles/STM32_Drivers.dir/__/__/Drivers/STM32C0xx_HAL_Driver/Src/stm32c0xx_hal_tim.c.obj
 .ARM.attributes
                0x0000022e       0x2c cmake/stm32cubemx/CMakeFiles/STM32_Drivers.dir/__/__/Drivers/STM32C0xx_HAL_Driver/Src/stm32c0xx_hal_tim_ex.c.obj
 .ARM.attributes
                0x0000025a       0x2c cmake/stm32cubemx/CMakeFiles/STM32_Drivers.dir/__/__/Drivers/STM32C0xx_HAL_Driver/Src/stm32c0xx_hal_uart.c.obj
 .ARM.attributes
                0x00000286       0x2c cmake/stm32cubemx/CMakeFiles/STM32_Drivers.dir/__/__/Drivers/BSP/STM32C0xx_Nucleo/stm32c0xx_nucleo.c.obj
 .ARM.attributes
                0x000002b2       0x2c CMakeFiles/current_control.dir/Core/Src/main.c.obj
 .ARM.attributes
                0x000002de       0x2c CMakeFiles/current_control.dir/Core/Src/stm32c0xx_it.c.obj
 .ARM.attributes
                0x0000030a       0x2c CMakeFiles/current_control.dir/Core/Src/stm32c0xx_hal_msp.c.obj
 .ARM.attributes
                0x00000336       0x2c CMakeFiles/current_control.dir/Core/Src/sysmem.c.obj
 .ARM.attributes
                0x00000362       0x2c CMakeFiles/current_control.dir/Core/Src/syscalls.c.obj
 .ARM.attributes
                0x0000038e       0x22 CMakeFiles/current_control.dir/startup_stm32c092xx.s.obj
 .ARM.attributes
                0x000003b0       0x1e /Applications/STM32CubeIDE.app/Contents/Eclipse/plugins/com.st.stm32cube.ide.mcu.externaltools.gnu-tools-for-stm32.14.3.rel1.macosaarch64_1.0.0.202602081740/tools/bin/../lib/gcc/arm-none-eabi/14.3.1/thumb/v6-m/nofp/libgcc.a(_udivsi3.o)
 .ARM.attributes
                0x000003ce       0x1e /Applications/STM32CubeIDE.app/Contents/Eclipse/plugins/com.st.stm32cube.ide.mcu.externaltools.gnu-tools-for-stm32.14.3.rel1.macosaarch64_1.0.0.202602081740/tools/bin/../lib/gcc/arm-none-eabi/14.3.1/thumb/v6-m/nofp/libgcc.a(_divsi3.o)
 .ARM.attributes
                0x000003ec       0x1e /Applications/STM32CubeIDE.app/Contents/Eclipse/plugins/com.st.stm32cube.ide.mcu.externaltools.gnu-tools-for-stm32.14.3.rel1.macosaarch64_1.0.0.202602081740/tools/bin/../lib/gcc/arm-none-eabi/14.3.1/thumb/v6-m/nofp/libgcc.a(_dvmd_tls.o)
 .ARM.attributes
                0x0000040a       0x1e /Applications/STM32CubeIDE.app/Contents/Eclipse/plugins/com.st.stm32cube.ide.mcu.externaltools.gnu-tools-for-stm32.14.3.rel1.macosaarch64_1.0.0.202602081740/tools/bin/../lib/gcc/arm-none-eabi/14.3.1/thumb/v6-m/nofp/libgcc.a(_arm_cmpsf2.o)
 .ARM.attributes
                0x00000428       0x2c /Applications/STM32CubeIDE.app/Contents/Eclipse/plugins/com.st.stm32cube.ide.mcu.externaltools.gnu-tools-for-stm32.14.3.rel1.macosaarch64_1.0.0.202602081740/tools/bin/../lib/gcc/arm-none-eabi/14.3.1/thumb/v6-m/nofp/libgcc.a(addsf3.o)
 .ARM.attributes
                0x00000454       0x2c /Applications/STM32CubeIDE.app/Contents/Eclipse/plugins/com.st.stm32cube.ide.mcu.externaltools.gnu-tools-for-stm32.14.3.rel1.macosaarch64_1.0.0.202602081740/tools/bin/../lib/gcc/arm-none-eabi/14.3.1/thumb/v6-m/nofp/libgcc.a(eqsf2.o)
 .ARM.attributes
                0x00000480       0x2c /Applications/STM32CubeIDE.app/Contents/Eclipse/plugins/com.st.stm32cube.ide.mcu.externaltools.gnu-tools-for-stm32.14.3.rel1.macosaarch64_1.0.0.202602081740/tools/bin/../lib/gcc/arm-none-eabi/14.3.1/thumb/v6-m/nofp/libgcc.a(gesf2.o)
 .ARM.attributes
                0x000004ac       0x2c /Applications/STM32CubeIDE.app/Contents/Eclipse/plugins/com.st.stm32cube.ide.mcu.externaltools.gnu-tools-for-stm32.14.3.rel1.macosaarch64_1.0.0.202602081740/tools/bin/../lib/gcc/arm-none-eabi/14.3.1/thumb/v6-m/nofp/libgcc.a(lesf2.o)
 .ARM.attributes
                0x000004d8       0x2c /Applications/STM32CubeIDE.app/Contents/Eclipse/plugins/com.st.stm32cube.ide.mcu.externaltools.gnu-tools-for-stm32.14.3.rel1.macosaarch64_1.0.0.202602081740/tools/bin/../lib/gcc/arm-none-eabi/14.3.1/thumb/v6-m/nofp/libgcc.a(mulsf3.o)
 .ARM.attributes
                0x00000504       0x2c /Applications/STM32CubeIDE.app/Contents/Eclipse/plugins/com.st.stm32cube.ide.mcu.externaltools.gnu-tools-for-stm32.14.3.rel1.macosaarch64_1.0.0.202602081740/tools/bin/../lib/gcc/arm-none-eabi/14.3.1/thumb/v6-m/nofp/libgcc.a(subsf3.o)
 .ARM.attributes
                0x00000530       0x2c /Applications/STM32CubeIDE.app/Contents/Eclipse/plugins/com.st.stm32cube.ide.mcu.externaltools.gnu-tools-for-stm32.14.3.rel1.macosaarch64_1.0.0.202602081740/tools/bin/../lib/gcc/arm-none-eabi/14.3.1/thumb/v6-m/nofp/libgcc.a(fixsfsi.o)
 .ARM.attributes
                0x0000055c       0x2c /Applications/STM32CubeIDE.app/Contents/Eclipse/plugins/com.st.stm32cube.ide.mcu.externaltools.gnu-tools-for-stm32.14.3.rel1.macosaarch64_1.0.0.202602081740/tools/bin/../lib/gcc/arm-none-eabi/14.3.1/thumb/v6-m/nofp/libgcc.a(floatsisf.o)
 .ARM.attributes
                0x00000588       0x1e /Applications/STM32CubeIDE.app/Contents/Eclipse/plugins/com.st.stm32cube.ide.mcu.externaltools.gnu-tools-for-stm32.14.3.rel1.macosaarch64_1.0.0.202602081740/tools/bin/../lib/gcc/arm-none-eabi/14.3.1/thumb/v6-m/nofp/libgcc.a(_clzsi2.o)
 .ARM.attributes
                0x000005a6       0x2c /Applications/STM32CubeIDE.app/Contents/Eclipse/plugins/com.st.stm32cube.ide.mcu.externaltools.gnu-tools-for-stm32.14.3.rel1.macosaarch64_1.0.0.202602081740/tools/bin/../lib/gcc/arm-none-eabi/14.3.1/../../../../arm-none-eabi/lib/thumb/v6-m/nofp/libg_nano.a(libc_a-findfp.o)
 .ARM.attributes
                0x000005d2       0x2c /Applications/STM32CubeIDE.app/Contents/Eclipse/plugins/com.st.stm32cube.ide.mcu.externaltools.gnu-tools-for-stm32.14.3.rel1.macosaarch64_1.0.0.202602081740/tools/bin/../lib/gcc/arm-none-eabi/14.3.1/../../../../arm-none-eabi/lib/thumb/v6-m/nofp/libg_nano.a(libc_a-fwalk.o)
 .ARM.attributes
                0x000005fe       0x2c /Applications/STM32CubeIDE.app/Contents/Eclipse/plugins/com.st.stm32cube.ide.mcu.externaltools.gnu-tools-for-stm32.14.3.rel1.macosaarch64_1.0.0.202602081740/tools/bin/../lib/gcc/arm-none-eabi/14.3.1/../../../../arm-none-eabi/lib/thumb/v6-m/nofp/libg_nano.a(libc_a-printf.o)
 .ARM.attributes
                0x0000062a       0x2c /Applications/STM32CubeIDE.app/Contents/Eclipse/plugins/com.st.stm32cube.ide.mcu.externaltools.gnu-tools-for-stm32.14.3.rel1.macosaarch64_1.0.0.202602081740/tools/bin/../lib/gcc/arm-none-eabi/14.3.1/../../../../arm-none-eabi/lib/thumb/v6-m/nofp/libg_nano.a(libc_a-puts.o)
 .ARM.attributes
                0x00000656       0x2c /Applications/STM32CubeIDE.app/Contents/Eclipse/plugins/com.st.stm32cube.ide.mcu.externaltools.gnu-tools-for-stm32.14.3.rel1.macosaarch64_1.0.0.202602081740/tools/bin/../lib/gcc/arm-none-eabi/14.3.1/../../../../arm-none-eabi/lib/thumb/v6-m/nofp/libg_nano.a(libc_a-memset.o)
 .ARM.attributes
                0x00000682       0x2c /Applications/STM32CubeIDE.app/Contents/Eclipse/plugins/com.st.stm32cube.ide.mcu.externaltools.gnu-tools-for-stm32.14.3.rel1.macosaarch64_1.0.0.202602081740/tools/bin/../lib/gcc/arm-none-eabi/14.3.1/../../../../arm-none-eabi/lib/thumb/v6-m/nofp/libg_nano.a(libc_a-errno.o)
 .ARM.attributes
                0x000006ae       0x2c /Applications/STM32CubeIDE.app/Contents/Eclipse/plugins/com.st.stm32cube.ide.mcu.externaltools.gnu-tools-for-stm32.14.3.rel1.macosaarch64_1.0.0.202602081740/tools/bin/../lib/gcc/arm-none-eabi/14.3.1/../../../../arm-none-eabi/lib/thumb/v6-m/nofp/libg_nano.a(libc_a-init.o)
 .ARM.attributes
                0x000006da       0x2c /Applications/STM32CubeIDE.app/Contents/Eclipse/plugins/com.st.stm32cube.ide.mcu.externaltools.gnu-tools-for-stm32.14.3.rel1.macosaarch64_1.0.0.202602081740/tools/bin/../lib/gcc/arm-none-eabi/14.3.1/../../../../arm-none-eabi/lib/thumb/v6-m/nofp/libg_nano.a(libc_a-lock.o)
 .ARM.attributes
                0x00000706       0x2c /Applications/STM32CubeIDE.app/Contents/Eclipse/plugins/com.st.stm32cube.ide.mcu.externaltools.gnu-tools-for-stm32.14.3.rel1.macosaarch64_1.0.0.202602081740/tools/bin/../lib/gcc/arm-none-eabi/14.3.1/../../../../arm-none-eabi/lib/thumb/v6-m/nofp/libg_nano.a(libc_a-impure.o)
 .ARM.attributes
                0x00000732       0x2c /Applications/STM32CubeIDE.app/Contents/Eclipse/plugins/com.st.stm32cube.ide.mcu.externaltools.gnu-tools-for-stm32.14.3.rel1.macosaarch64_1.0.0.202602081740/tools/bin/../lib/gcc/arm-none-eabi/14.3.1/../../../../arm-none-eabi/lib/thumb/v6-m/nofp/libg_nano.a(libc_a-nano-vfprintf.o)
 .ARM.attributes
                0x0000075e       0x2c /Applications/STM32CubeIDE.app/Contents/Eclipse/plugins/com.st.stm32cube.ide.mcu.externaltools.gnu-tools-for-stm32.14.3.rel1.macosaarch64_1.0.0.202602081740/tools/bin/../lib/gcc/arm-none-eabi/14.3.1/../../../../arm-none-eabi/lib/thumb/v6-m/nofp/libg_nano.a(libc_a-mallocr.o)
 .ARM.attributes
                0x0000078a       0x2c /Applications/STM32CubeIDE.app/Contents/Eclipse/plugins/com.st.stm32cube.ide.mcu.externaltools.gnu-tools-for-stm32.14.3.rel1.macosaarch64_1.0.0.202602081740/tools/bin/../lib/gcc/arm-none-eabi/14.3.1/../../../../arm-none-eabi/lib/thumb/v6-m/nofp/libg_nano.a(libc_a-nano-vfprintf_i.o)
 .ARM.attributes
                0x000007b6       0x2c /Applications/STM32CubeIDE.app/Contents/Eclipse/plugins/com.st.stm32cube.ide.mcu.externaltools.gnu-tools-for-stm32.14.3.rel1.macosaarch64_1.0.0.202602081740/tools/bin/../lib/gcc/arm-none-eabi/14.3.1/../../../../arm-none-eabi/lib/thumb/v6-m/nofp/libg_nano.a(libc_a-fflush.o)
 .ARM.attributes
                0x000007e2       0x2c /Applications/STM32CubeIDE.app/Contents/Eclipse/plugins/com.st.stm32cube.ide.mcu.externaltools.gnu-tools-for-stm32.14.3.rel1.macosaarch64_1.0.0.202602081740/tools/bin/../lib/gcc/arm-none-eabi/14.3.1/../../../../arm-none-eabi/lib/thumb/v6-m/nofp/libg_nano.a(libc_a-mlock.o)
 .ARM.attributes
                0x0000080e       0x2c /Applications/STM32CubeIDE.app/Contents/Eclipse/plugins/com.st.stm32cube.ide.mcu.externaltools.gnu-tools-for-stm32.14.3.rel1.macosaarch64_1.0.0.202602081740/tools/bin/../lib/gcc/arm-none-eabi/14.3.1/../../../../arm-none-eabi/lib/thumb/v6-m/nofp/libg_nano.a(libc_a-stdio.o)
 .ARM.attributes
                0x0000083a       0x2c /Applications/STM32CubeIDE.app/Contents/Eclipse/plugins/com.st.stm32cube.ide.mcu.externaltools.gnu-tools-for-stm32.14.3.rel1.macosaarch64_1.0.0.202602081740/tools/bin/../lib/gcc/arm-none-eabi/14.3.1/../../../../arm-none-eabi/lib/thumb/v6-m/nofp/libg_nano.a(libc_a-wbuf.o)
 .ARM.attributes
                0x00000866       0x2c /Applications/STM32CubeIDE.app/Contents/Eclipse/plugins/com.st.stm32cube.ide.mcu.externaltools.gnu-tools-for-stm32.14.3.rel1.macosaarch64_1.0.0.202602081740/tools/bin/../lib/gcc/arm-none-eabi/14.3.1/../../../../arm-none-eabi/lib/thumb/v6-m/nofp/libg_nano.a(libc_a-wsetup.o)
 .ARM.attributes
                0x00000892       0x2c /Applications/STM32CubeIDE.app/Contents/Eclipse/plugins/com.st.stm32cube.ide.mcu.externaltools.gnu-tools-for-stm32.14.3.rel1.macosaarch64_1.0.0.202602081740/tools/bin/../lib/gcc/arm-none-eabi/14.3.1/../../../../arm-none-eabi/lib/thumb/v6-m/nofp/libg_nano.a(libc_a-makebuf.o)
 .ARM.attributes
                0x000008be       0x2c /Applications/STM32CubeIDE.app/Contents/Eclipse/plugins/com.st.stm32cube.ide.mcu.externaltools.gnu-tools-for-stm32.14.3.rel1.macosaarch64_1.0.0.202602081740/tools/bin/../lib/gcc/arm-none-eabi/14.3.1/../../../../arm-none-eabi/lib/thumb/v6-m/nofp/libg_nano.a(libc_a-isattyr.o)
 .ARM.attributes
                0x000008ea       0x2c /Applications/STM32CubeIDE.app/Contents/Eclipse/plugins/com.st.stm32cube.ide.mcu.externaltools.gnu-tools-for-stm32.14.3.rel1.macosaarch64_1.0.0.202602081740/tools/bin/../lib/gcc/arm-none-eabi/14.3.1/../../../../arm-none-eabi/lib/thumb/v6-m/nofp/libg_nano.a(libc_a-lseekr.o)
 .ARM.attributes
                0x00000916       0x2c /Applications/STM32CubeIDE.app/Contents/Eclipse/plugins/com.st.stm32cube.ide.mcu.externaltools.gnu-tools-for-stm32.14.3.rel1.macosaarch64_1.0.0.202602081740/tools/bin/../lib/gcc/arm-none-eabi/14.3.1/../../../../arm-none-eabi/lib/thumb/v6-m/nofp/libg_nano.a(libc_a-readr.o)
 .ARM.attributes
                0x00000942       0x2c /Applications/STM32CubeIDE.app/Contents/Eclipse/plugins/com.st.stm32cube.ide.mcu.externaltools.gnu-tools-for-stm32.14.3.rel1.macosaarch64_1.0.0.202602081740/tools/bin/../lib/gcc/arm-none-eabi/14.3.1/../../../../arm-none-eabi/lib/thumb/v6-m/nofp/libg_nano.a(libc_a-sbrkr.o)
 .ARM.attributes
                0x0000096e       0x2c /Applications/STM32CubeIDE.app/Contents/Eclipse/plugins/com.st.stm32cube.ide.mcu.externaltools.gnu-tools-for-stm32.14.3.rel1.macosaarch64_1.0.0.202602081740/tools/bin/../lib/gcc/arm-none-eabi/14.3.1/../../../../arm-none-eabi/lib/thumb/v6-m/nofp/libg_nano.a(libc_a-writer.o)
 .ARM.attributes
                0x0000099a       0x2c /Applications/STM32CubeIDE.app/Contents/Eclipse/plugins/com.st.stm32cube.ide.mcu.externaltools.gnu-tools-for-stm32.14.3.rel1.macosaarch64_1.0.0.202602081740/tools/bin/../lib/gcc/arm-none-eabi/14.3.1/../../../../arm-none-eabi/lib/thumb/v6-m/nofp/libg_nano.a(libc_a-closer.o)
 .ARM.attributes
                0x000009c6       0x2c /Applications/STM32CubeIDE.app/Contents/Eclipse/plugins/com.st.stm32cube.ide.mcu.externaltools.gnu-tools-for-stm32.14.3.rel1.macosaarch64_1.0.0.202602081740/tools/bin/../lib/gcc/arm-none-eabi/14.3.1/../../../../arm-none-eabi/lib/thumb/v6-m/nofp/libg_nano.a(libc_a-reent.o)
 .ARM.attributes
                0x000009f2       0x2c /Applications/STM32CubeIDE.app/Contents/Eclipse/plugins/com.st.stm32cube.ide.mcu.externaltools.gnu-tools-for-stm32.14.3.rel1.macosaarch64_1.0.0.202602081740/tools/bin/../lib/gcc/arm-none-eabi/14.3.1/../../../../arm-none-eabi/lib/thumb/v6-m/nofp/libg_nano.a(libc_a-fstatr.o)
 .ARM.attributes
                0x00000a1e       0x2c /Applications/STM32CubeIDE.app/Contents/Eclipse/plugins/com.st.stm32cube.ide.mcu.externaltools.gnu-tools-for-stm32.14.3.rel1.macosaarch64_1.0.0.202602081740/tools/bin/../lib/gcc/arm-none-eabi/14.3.1/../../../../arm-none-eabi/lib/thumb/v6-m/nofp/libg_nano.a(libc_a-memchr-stub.o)
 .ARM.attributes
                0x00000a4a       0x2c /Applications/STM32CubeIDE.app/Contents/Eclipse/plugins/com.st.stm32cube.ide.mcu.externaltools.gnu-tools-for-stm32.14.3.rel1.macosaarch64_1.0.0.202602081740/tools/bin/../lib/gcc/arm-none-eabi/14.3.1/../../../../arm-none-eabi/lib/thumb/v6-m/nofp/libg_nano.a(libc_a-freer.o)
 .ARM.attributes
                0x00000a76       0x1e /Applications/STM32CubeIDE.app/Contents/Eclipse/plugins/com.st.stm32cube.ide.mcu.externaltools.gnu-tools-for-stm32.14.3.rel1.macosaarch64_1.0.0.202602081740/tools/bin/../lib/gcc/arm-none-eabi/14.3.1/thumb/v6-m/nofp/libgcc.a(_thumb1_case_shi.o)
 .ARM.attributes
                0x00000a94       0x1e /Applications/STM32CubeIDE.app/Contents/Eclipse/plugins/com.st.stm32cube.ide.mcu.externaltools.gnu-tools-for-stm32.14.3.rel1.macosaarch64_1.0.0.202602081740/tools/bin/../lib/gcc/arm-none-eabi/14.3.1/thumb/v6-m/nofp/crtn.o

.comment        0x00000000       0x43
 .comment       0x00000000       0x43 cmake/stm32cubemx/CMakeFiles/STM32_Drivers.dir/__/__/Core/Src/system_stm32c0xx.c.obj
                                 0x44 (size before relaxing)
 .comment       0x00000043       0x44 cmake/stm32cubemx/CMakeFiles/STM32_Drivers.dir/__/__/Drivers/STM32C0xx_HAL_Driver/Src/stm32c0xx_hal.c.obj
 .comment       0x00000043       0x44 cmake/stm32cubemx/CMakeFiles/STM32_Drivers.dir/__/__/Drivers/STM32C0xx_HAL_Driver/Src/stm32c0xx_hal_adc.c.obj
 .comment       0x00000043       0x44 cmake/stm32cubemx/CMakeFiles/STM32_Drivers.dir/__/__/Drivers/STM32C0xx_HAL_Driver/Src/stm32c0xx_hal_rcc.c.obj
 .comment       0x00000043       0x44 cmake/stm32cubemx/CMakeFiles/STM32_Drivers.dir/__/__/Drivers/STM32C0xx_HAL_Driver/Src/stm32c0xx_hal_rcc_ex.c.obj
 .comment       0x00000043       0x44 cmake/stm32cubemx/CMakeFiles/STM32_Drivers.dir/__/__/Drivers/STM32C0xx_HAL_Driver/Src/stm32c0xx_hal_gpio.c.obj
 .comment       0x00000043       0x44 cmake/stm32cubemx/CMakeFiles/STM32_Drivers.dir/__/__/Drivers/STM32C0xx_HAL_Driver/Src/stm32c0xx_hal_cortex.c.obj