Archive member included to satisfy reference by file (symbol)

/Applications/STM32CubeIDE.app/Contents/Eclipse/plugins/com.st.stm32cube.ide.mcu.externaltools.gnu-tools-for-stm32.14.3.rel1.macosaarch64_1.0.0.202602081740/tools/bin/../lib/gcc/arm-none-eabi/14.3.1/thumb/v6-m/nofp/libgcc.a(_udivsi3.o)
                              cmake/stm32cubemx/CMakeFiles/STM32_Drivers.dir/__/__/Core/Src/system_stm32c0xx.c.obj (__aeabi_uidiv)
/Applications/STM32CubeIDE.app/Contents/Eclipse/plugins/com.st.stm32cube.ide.mcu.externaltools.gnu-tools-for-stm32.14.3.rel1.macosaarch64_1.0.0.202602081740/tools/bin/../lib/gcc/arm-none-eabi/14.3.1/thumb/v6-m/nofp/libgcc.a(_divsi3.o)
                              cmake/stm32cubemx/CMakeFiles/STM32_Drivers.dir/__/__/Drivers/STM32C0xx_HAL_Driver/Src/stm32c0xx_hal_uart_ex.c.obj (__aeabi_idiv)
/Applications/STM32CubeIDE.app/Contents/Eclipse/plugins/com.st.stm32cube.ide.mcu.externaltools.gnu-tools-for-stm32.14.3.rel1.macosaarch64_1.0.0.202602081740/tools/bin/../lib/gcc/arm-none-eabi/14.3.1/thumb/v6-m/nofp/libgcc.a(_dvmd_tls.o)
                              /Applications/STM32CubeIDE.app/Contents/Eclipse/plugins/com.st.stm32cube.ide.mcu.externaltools.gnu-tools-for-stm32.14.3.rel1.macosaarch64_1.0.0.202602081740/tools/bin/../lib/gcc/arm-none-eabi/14.3.1/thumb/v6-m/nofp/libgcc.a(_udivsi3.o) (__aeabi_idiv0)
/Applications/STM32CubeIDE.app/Contents/Eclipse/plugins/com.st.stm32cube.ide.mcu.externaltools.gnu-tools-for-stm32.14.3.rel1.macosaarch64_1.0.0.202602081740/tools/bin/../lib/gcc/arm-none-eabi/14.3.1/thumb/v6-m/nofp/libgcc.a(divsf3.o)
                              CMakeFiles/current_control.dir/Core/Src/main.c.obj (__aeabi_fdiv)
/Applications/STM32CubeIDE.app/Contents/Eclipse/plugins/com.st.stm32cube.ide.mcu.externaltools.gnu-tools-for-stm32.14.3.rel1.macosaarch64_1.0.0.202602081740/tools/bin/../lib/gcc/arm-none-eabi/14.3.1/thumb/v6-m/nofp/libgcc.a(floatsisf.o)
                              CMakeFiles/current_control.dir/Core/Src/main.c.obj (__aeabi_i2f)
/Applications/STM32CubeIDE.app/Contents/Eclipse/plugins/com.st.stm32cube.ide.mcu.externaltools.gnu-tools-for-stm32.14.3.rel1.macosaarch64_1.0.0.202602081740/tools/bin/../lib/gcc/arm-none-eabi/14.3.1/thumb/v6-m/nofp/libgcc.a(_clzsi2.o)
                              /Applications/STM32CubeIDE.app/Contents/Eclipse/plugins/com.st.stm32cube.ide.mcu.externaltools.gnu-tools-for-stm32.14.3.rel1.macosaarch64_1.0.0.202602081740/tools/bin/../lib/gcc/arm-none-eabi/14.3.1/thumb/v6-m/nofp/libgcc.a(divsf3.o) (__clzsi2)
/Applications/STM32CubeIDE.app/Contents/Eclipse/plugins/com.st.stm32cube.ide.mcu.externaltools.gnu-tools-for-stm32.14.3.rel1.macosaarch64_1.0.0.202602081740/tools/bin/../lib/gcc/arm-none-eabi/14.3.1/../../../../arm-none-eabi/lib/thumb/v6-m/nofp/libg_nano.a(libc_a-exit.o)
                              /Applications/STM32CubeIDE.app/Contents/Eclipse/plugins/com.st.stm32cube.ide.mcu.externaltools.gnu-tools-for-stm32.14.3.rel1.macosaarch64_1.0.0.202602081740/tools/bin/../lib/gcc/arm-none-eabi/14.3.1/../../../../arm-none-eabi/lib/thumb/v6-m/nofp/crt0.o (exit)
/Applications/STM32CubeIDE.app/Contents/Eclipse/plugins/com.st.stm32cube.ide.mcu.externaltools.gnu-tools-for-stm32.14.3.rel1.macosaarch64_1.0.0.202602081740/tools/bin/../lib/gcc/arm-none-eabi/14.3.1/../../../../arm-none-eabi/lib/thumb/v6-m/nofp/libg_nano.a(libc_a-findfp.o)
                              /Applications/STM32CubeIDE.app/Contents/Eclipse/plugins/com.st.stm32cube.ide.mcu.externaltools.gnu-tools-for-stm32.14.3.rel1.macosaarch64_1.0.0.202602081740/tools/bin/../lib/gcc/arm-none-eabi/14.3.1/../../../../arm-none-eabi/lib/thumb/v6-m/nofp/libg_nano.a(libc_a-exit.o) (__stdio_exit_handler)
/Applications/STM32CubeIDE.app/Contents/Eclipse/plugins/com.st.stm32cube.ide.mcu.externaltools.gnu-tools-for-stm32.14.3.rel1.macosaarch64_1.0.0.202602081740/tools/bin/../lib/gcc/arm-none-eabi/14.3.1/../../../../arm-none-eabi/lib/thumb/v6-m/nofp/libg_nano.a(libc_a-fwalk.o)
                              /Applications/STM32CubeIDE.app/Contents/Eclipse/plugins/com.st.stm32cube.ide.mcu.externaltools.gnu-tools-for-stm32.14.3.rel1.macosaarch64_1.0.0.202602081740/tools/bin/../lib/gcc/arm-none-eabi/14.3.1/../../../../arm-none-eabi/lib/thumb/v6-m/nofp/libg_nano.a(libc_a-findfp.o) (_fwalk_sglue)
/Applications/STM32CubeIDE.app/Contents/Eclipse/plugins/com.st.stm32cube.ide.mcu.externaltools.gnu-tools-for-stm32.14.3.rel1.macosaarch64_1.0.0.202602081740/tools/bin/../lib/gcc/arm-none-eabi/14.3.1/../../../../arm-none-eabi/lib/thumb/v6-m/nofp/libg_nano.a(libc_a-printf.o)
                              CMakeFiles/current_control.dir/Core/Src/main.c.obj (printf)
/Applications/STM32CubeIDE.app/Contents/Eclipse/plugins/com.st.stm32cube.ide.mcu.externaltools.gnu-tools-for-stm32.14.3.rel1.macosaarch64_1.0.0.202602081740/tools/bin/../lib/gcc/arm-none-eabi/14.3.1/../../../../arm-none-eabi/lib/thumb/v6-m/nofp/libg_nano.a(libc_a-memset.o)
[...]
Memory Configuration

Name             Origin             Length             Attributes
RAM              0x20000000         0x00007800         xrw
FLASH            0x08000000         0x00040000         xr
*default*        0x00000000         0xffffffff

Linker script and memory map

LOAD /Applications/STM32CubeIDE.app/Contents/Eclipse/plugins/com.st.stm32cube.ide.mcu.externaltools.gnu-tools-for-stm32.14.3.rel1.macosaarch64_1.0.0.202602081740/tools/bin/../lib/gcc/arm-none-eabi/14.3.1/thumb/v6-m/nofp/crti.o
LOAD /Applications/STM32CubeIDE.app/Contents/Eclipse/plugins/com.st.stm32cube.ide.mcu.externaltools.gnu-tools-for-stm32.14.3.rel1.macosaarch64_1.0.0.202602081740/tools/bin/../lib/gcc/arm-none-eabi/14.3.1/thumb/v6-m/nofp/crtbegin.o
LOAD /Applications/STM32CubeIDE.app/Contents/Eclipse/plugins/com.st.stm32cube.ide.mcu.externaltools.gnu-tools-for-stm32.14.3.rel1.macosaarch64_1.0.0.202602081740/tools/bin/../lib/gcc/arm-none-eabi/14.3.1/../../../../arm-none-eabi/lib/thumb/v6-m/nofp/crt0.o
LOAD cmake/stm32cubemx/CMakeFiles/STM32_Drivers.dir/__/__/Core/Src/system_stm32c0xx.c.obj
LOAD cmake/stm32cubemx/CMakeFiles/STM32_Drivers.dir/__/__/Drivers/STM32C0xx_HAL_Driver/Src/stm32c0xx_hal.c.obj
LOAD cmake/stm32cubemx/CMakeFiles/STM32_Drivers.dir/__/__/Drivers/STM32C0xx_HAL_Driver/Src/stm32c0xx_hal_adc.c.obj
LOAD cmake/stm32cubemx/CMakeFiles/STM32_Drivers.dir/__/__/Drivers/STM32C0xx_HAL_Driver/Src/stm32c0xx_hal_adc_ex.c.obj
LOAD cmake/stm32cubemx/CMakeFiles/STM32_Drivers.dir/__/__/Drivers/STM32C0xx_HAL_Driver/Src/stm32c0xx_hal_dma.c.obj
LOAD cmake/stm32cubemx/CMakeFiles/STM32_Drivers.dir/__/__/Drivers/STM32C0xx_HAL_Driver/Src/stm32c0xx_hal_dma_ex.c.obj
LOAD cmake/stm32cubemx/CMakeFiles/STM32_Drivers.dir/__/__/Drivers/STM32C0xx_HAL_Driver/Src/stm32c0xx_hal_rcc.c.obj
LOAD cmake/stm32cubemx/CMakeFiles/STM32_Drivers.dir/__/__/Drivers/STM32C0xx_HAL_Driver/Src/stm32c0xx_hal_rcc_ex.c.obj
LOAD cmake/stm32cubemx/CMakeFiles/STM32_Drivers.dir/__/__/Drivers/STM32C0xx_HAL_Driver/Src/stm32c0xx_hal_flash.c.obj
LOAD cmake/stm32cubemx/CMakeFiles/STM32_Drivers.dir/__/__/Drivers/STM32C0xx_HAL_Driver/Src/stm32c0xx_hal_flash_ex.c.obj
LOAD cmake/stm32cubemx/CMakeFiles/STM32_Drivers.dir/__/__/Drivers/STM32C0xx_HAL_Driver/Src/stm32c0xx_hal_gpio.c.obj
LOAD cmake/stm32cubemx/CMakeFiles/STM32_Drivers.dir/__/__/Drivers/STM32C0xx_HAL_Driver/Src/stm32c0xx_hal_pwr.c.obj
LOAD cmake/stm32cubemx/CMakeFiles/STM32_Drivers.dir/__/__/Drivers/STM32C0xx_HAL_Driver/Src/stm32c0xx_hal_pwr_ex.c.obj
LOAD cmake/stm32cubemx/CMakeFiles/STM32_Drivers.dir/__/__/Drivers/STM32C0xx_HAL_Driver/Src/stm32c0xx_hal_cortex.c.obj
LOAD cmake/stm32cubemx/CMakeFiles/STM32_Drivers.dir/__/__/Drivers/STM32C0xx_HAL_Driver/Src/stm32c0xx_hal_exti.c.obj
LOAD cmake/stm32cubemx/CMakeFiles/STM32_Drivers.dir/__/__/Drivers/STM32C0xx_HAL_Driver/Src/stm32c0xx_hal_i2c.c.obj
LOAD cmake/stm32cubemx/CMakeFiles/STM32_Drivers.dir/__/__/Drivers/STM32C0xx_HAL_Driver/Src/stm32c0xx_hal_i2c_ex.c.obj
LOAD cmake/stm32cubemx/CMakeFiles/STM32_Drivers.dir/__/__/Drivers/STM32C0xx_HAL_Driver/Src/stm32c0xx_hal_tim.c.obj
LOAD cmake/stm32cubemx/CMakeFiles/STM32_Drivers.dir/__/__/Drivers/STM32C0xx_HAL_Driver/Src/stm32c0xx_hal_tim_ex.c.obj
LOAD cmake/stm32cubemx/CMakeFiles/STM32_Drivers.dir/__/__/Drivers/STM32C0xx_HAL_Driver/Src/stm32c0xx_hal_usart.c.obj
LOAD cmake/stm32cubemx/CMakeFiles/STM32_Drivers.dir/__/__/Drivers/STM32C0xx_HAL_Driver/Src/stm32c0xx_hal_usart_ex.c.obj
LOAD cmake/stm32cubemx/CMakeFiles/STM32_Drivers.dir/__/__/Drivers/STM32C0xx_HAL_Driver/Src/stm32c0xx_hal_uart_ex.c.obj
LOAD cmake/stm32cubemx/CMakeFiles/STM32_Drivers.dir/__/__/Drivers/STM32C0xx_HAL_Driver/Src/stm32c0xx_hal_uart.c.obj
LOAD cmake/stm32cubemx/CMakeFiles/STM32_Drivers.dir/__/__/Drivers/BSP/STM32C0xx_Nucleo/stm32c0xx_nucleo.c.obj
LOAD CMakeFiles/current_control.dir/Core/Src/main.c.obj
LOAD CMakeFiles/current_control.dir/Core/Src/stm32c0xx_it.c.obj
LOAD CMakeFiles/current_control.dir/Core/Src/stm32c0xx_hal_msp.c.obj
LOAD CMakeFiles/current_control.dir/Core/Src/sysmem.c.obj
LOAD CMakeFiles/current_control.dir/Core/Src/syscalls.c.obj
LOAD CMakeFiles/current_control.dir/startup_stm32c092xx.s.obj
LOAD /Applications/STM32CubeIDE.app/Contents/Eclipse/plugins/com.st.stm32cube.ide.mcu.externaltools.gnu-tools-for-stm32.14.3.rel1.macosaarch64_1.0.0.202602081740/tools/bin/../lib/gcc/arm-none-eabi/14.3.1/../../../../arm-none-eabi/lib/thumb/v6-m/nofp/libm.a
START GROUP
LOAD /Applications/STM32CubeIDE.app/Contents/Eclipse/plugins/com.st.stm32cube.ide.mcu.externaltools.gnu-tools-for-stm32.14.3.rel1.macosaarch64_1.0.0.202602081740/tools/bin/../lib/gcc/arm-none-eabi/14.3.1/thumb/v6-m/nofp/libgcc.a
LOAD /Applications/STM32CubeIDE.app/Contents/Eclipse/plugins/com.st.stm32cube.ide.mcu.externaltools.gnu-tools-for-stm32.14.3.rel1.macosaarch64_1.0.0.202602081740/tools/bin/../lib/gcc/arm-none-eabi/14.3.1/../../../../arm-none-eabi/lib/thumb/v6-m/nofp/libg_nano.a
LOAD /Applications/STM32CubeIDE.app/Contents/Eclipse/plugins/com.st.stm32cube.ide.mcu.externaltools.gnu-tools-for-stm32.14.3.rel1.macosaarch64_1.0.0.202602081740/tools/bin/../lib/gcc/arm-none-eabi/14.3.1/../../../../arm-none-eabi/lib/thumb/v6-m/nofp/libc_nano.a
END GROUP
START GROUP
LOAD /Applications/STM32CubeIDE.app/Contents/Eclipse/plugins/com.st.stm32cube.ide.mcu.externaltools.gnu-tools-for-stm32.14.3.rel1.macosaarch64_1.0.0.202602081740/tools/bin/../lib/gcc/arm-none-eabi/14.3.1/thumb/v6-m/nofp/libgcc.a
LOAD /Applications/STM32CubeIDE.app/Contents/Eclipse/plugins/com.st.stm32cube.ide.mcu.externaltools.gnu-tools-for-stm32.14.3.rel1.macosaarch64_1.0.0.202602081740/tools/bin/../lib/gcc/arm-none-eabi/14.3.1/../../../../arm-none-eabi/lib/thumb/v6-m/nofp/libc_nano.a
END GROUP
LOAD /Applications/STM32CubeIDE.app/Contents/Eclipse/plugins/com.st.stm32cube.ide.mcu.externaltools.gnu-tools-for-stm32.14.3.rel1.macosaarch64_1.0.0.202602081740/tools/bin/../lib/gcc/arm-none-eabi/14.3.1/thumb/v6-m/nofp/crtend.o
LOAD /Applications/STM32CubeIDE.app/Contents/Eclipse/plugins/com.st.stm32cube.ide.mcu.externaltools.gnu-tools-for-stm32.14.3.rel1.macosaarch64_1.0.0.202602081740/tools/bin/../lib/gcc/arm-none-eabi/14.3.1/thumb/v6-m/nofp/crtn.o
                0x20007800                        _estack = (ORIGIN (RAM) + LENGTH (RAM))
                0x20007400                        _sstack = (_estack - _Min_Stack_Size)
                0x00000200                        _Min_Heap_Size = 0x200
                0x00000400                        _Min_Stack_Size = 0x400

.isr_vector     0x08000000       0xc0
                0x08000000                        . = ALIGN (0x4)
 *(.isr_vector)
 .isr_vector    0x08000000       0xc0 CMakeFiles/current_control.dir/startup_stm32c092xx.s.obj
                0x08000000                g_pfnVectors
                0x080000c0                        . = ALIGN (0x4)

.text           0x080000c0     0x6820
                0x080000c0                        . = ALIGN (0x4)
 *(.text)
 .text          0x080000c0       0x48 /Applications/STM32CubeIDE.app/Contents/Eclipse/plugins/com.st.stm32cube.ide.mcu.externaltools.gnu-tools-for-stm32.14.3.rel1.macosaarch64_1.0.0.202602081740/tools/bin/../lib/gcc/arm-none-eabi/14.3.1/thumb/v6-m/nofp/crtbegin.o
 .text          0x08000108      0x114 /Applications/STM32CubeIDE.app/Contents/Eclipse/plugins/com.st.stm32cube.ide.mcu.externaltools.gnu-tools-for-stm32.14.3.rel1.macosaarch64_1.0.0.202602081740/tools/bin/../lib/gcc/arm-none-eabi/14.3.1/thumb/v6-m/nofp/libgcc.a(_udivsi3.o)
                0x08000108                __udivsi3
                0x08000108                __aeabi_uidiv
                0x08000214                __aeabi_uidivmod
 .text          0x0800021c        0x4 /Applications/STM32CubeIDE.app/Contents/Eclipse/plugins/com.st.stm32cube.ide.mcu.externaltools.gnu-tools-for-stm32.14.3.rel1.macosaarch64_1.0.0.202602081740/tools/bin/../lib/gcc/arm-none-eabi/14.3.1/thumb/v6-m/nofp/libgcc.a(_dvmd_tls.o)
                0x0800021c                __aeabi_ldiv0
                0x0800021c                __aeabi_idiv0
 .text          0x08000220       0x14 /Applications/STM32CubeIDE.app/Contents/Eclipse/plugins/com.st.stm32cube.ide.mcu.externaltools.gnu-tools-for-stm32.14.3.rel1.macosaarch64_1.0.0.202602081740/tools/bin/../lib/gcc/arm-none-eabi/14.3.1/thumb/v6-m/nofp/libgcc.a(_thumb1_case_shi.o)
                0x08000220                __gnu_thumb1_case_shi
 *(.text*)
 .text.SystemInit
                0x08000234       0x18 cmake/stm32cubemx/CMakeFiles/STM32_Drivers.dir/__/__/Core/Src/system_stm32c0xx.c.obj
                0x08000234                SystemInit
 .text.HAL_Init
                0x0800024c       0x2e cmake/stm32cubemx/CMakeFiles/STM32_Drivers.dir/__/__/Drivers/STM32C0xx_HAL_Driver/Src/stm32c0xx_hal.c.obj
                0x0800024c                HAL_Init
 *fill*         0x0800027a        0x2 
 .text.HAL_InitTick
                0x0800027c       0x94 cmake/stm32cubemx/CMakeFiles/STM32_Drivers.dir/__/__/Drivers/STM32C0xx_HAL_Driver/Src/stm32c0xx_hal.c.obj
                0x0800027c                HAL_InitTick
 .text.HAL_IncTick
                0x08000310       0x24 cmake/stm32cubemx/CMakeFiles/STM32_Drivers.dir/__/__/Drivers/STM32C0xx_HAL_Driver/Src/stm32c0xx_hal.c.obj
                0x08000310                HAL_IncTick
 .text.HAL_GetTick
                0x08000334       0x14 cmake/stm32cubemx/CMakeFiles/STM32_Drivers.dir/__/__/Drivers/STM32C0xx_HAL_Driver/Src/stm32c0xx_hal.c.obj
                0x08000334                HAL_GetTick
 .text.HAL_Delay
                0x08000348       0x48 cmake/stm32cubemx/CMakeFiles/STM32_Drivers.dir/__/__/Drivers/STM32C0xx_HAL_Driver/Src/stm32c0xx_hal.c.obj
                0x08000348                HAL_Delay
 .text.LL_ADC_SetCommonPathInternalCh
                0x08000390       0x28 cmake/stm32cubemx/CMakeFiles/STM32_Drivers.dir/__/__/Drivers/STM32C0xx_HAL_Driver/Src/stm32c0xx_hal_adc.c.obj
 .text.LL_ADC_GetCommonPathInternalCh
                0x080003b8       0x1a cmake/stm32cubemx/CMakeFiles/STM32_Drivers.dir/__/__/Drivers/STM32C0xx_HAL_Driver/Src/stm32c0xx_hal_adc.c.obj
 .text.LL_ADC_SetSamplingTimeCommonChannels
                0x080003d2       0x3a cmake/stm32cubemx/CMakeFiles/STM32_Drivers.dir/__/__/Drivers/STM32C0xx_HAL_Driver/Src/stm32c0xx_hal_adc.c.obj
 .text.LL_ADC_GetSamplingTimeCommonChannels
                0x0800040c       0x2e cmake/stm32cubemx/CMakeFiles/STM32_Drivers.dir/__/__/Drivers/STM32C0xx_HAL_Driver/Src/stm32c0xx_hal_adc.c.obj
 .text.LL_ADC_REG_IsTriggerSourceSWStart
                0x0800043a       0x22 cmake/stm32cubemx/CMakeFiles/STM32_Drivers.dir/__/__/Drivers/STM32C0xx_HAL_Driver/Src/stm32c0xx_hal_adc.c.obj
 .text.LL_ADC_REG_SetSequencerRanks
                0x0800045c       0x40 cmake/stm32cubemx/CMakeFiles/STM32_Drivers.dir/__/__/Drivers/STM32C0xx_HAL_Driver/Src/stm32c0xx_hal_adc.c.obj
 .text.LL_ADC_REG_SetSequencerChAdd
                0x0800049c       0x22 cmake/stm32cubemx/CMakeFiles/STM32_Drivers.dir/__/__/Drivers/STM32C0xx_HAL_Driver/Src/stm32c0xx_hal_adc.c.obj
 .text.LL_ADC_REG_SetSequencerChRem
                0x080004be       0x24 cmake/stm32cubemx/CMakeFiles/STM32_Drivers.dir/__/__/Drivers/STM32C0xx_HAL_Driver/Src/stm32c0xx_hal_adc.c.obj
 *fill*         0x080004e2        0x2 
 .text.LL_ADC_SetChannelSamplingTime
                0x080004e4       0x38 cmake/stm32cubemx/CMakeFiles/STM32_Drivers.dir/__/__/Drivers/STM32C0xx_HAL_Driver/Src/stm32c0xx_hal_adc.c.obj
 .text.LL_ADC_EnableInternalRegulator
                0x0800051c       0x28 cmake/stm32cubemx/CMakeFiles/STM32_Drivers.dir/__/__/Drivers/STM32C0xx_HAL_Driver/Src/stm32c0xx_hal_adc.c.obj
 .text.LL_ADC_IsInternalRegulatorEnabled
                0x08000544       0x28 cmake/stm32cubemx/CMakeFiles/STM32_Drivers.dir/__/__/Drivers/STM32C0xx_HAL_Driver/Src/stm32c0xx_hal_adc.c.obj
 .text.LL_ADC_Enable
                0x0800056c       0x24 cmake/stm32cubemx/CMakeFiles/STM32_Drivers.dir/__/__/Drivers/STM32C0xx_HAL_Driver/Src/stm32c0xx_hal_adc.c.obj
 .text.LL_ADC_Disable
                0x08000590       0x24 cmake/stm32cubemx/CMakeFiles/STM32_Drivers.dir/__/__/Drivers/STM32C0xx_HAL_Driver/Src/stm32c0xx_hal_adc.c.obj
 .text.LL_ADC_IsEnabled
                0x080005b4       0x22 cmake/stm32cubemx/CMakeFiles/STM32_Drivers.dir/__/__/Drivers/STM32C0xx_HAL_Driver/Src/stm32c0xx_hal_adc.c.obj
 .text.LL_ADC_IsDisableOngoing
                0x080005d6       0x22 cmake/stm32cubemx/CMakeFiles/STM32_Drivers.dir/__/__/Drivers/STM32C0xx_HAL_Driver/Src/stm32c0xx_hal_adc.c.obj
 .text.LL_ADC_REG_StartConversion
                0x080005f8       0x24 cmake/stm32cubemx/CMakeFiles/STM32_Drivers.dir/__/__/Drivers/STM32C0xx_HAL_Driver/Src/stm32c0xx_hal_adc.c.obj
 .text.LL_ADC_REG_StopConversion
                0x0800061c       0x24 cmake/stm32cubemx/CMakeFiles/STM32_Drivers.dir/__/__/Drivers/STM32C0xx_HAL_Driver/Src/stm32c0xx_hal_adc.c.obj
 .text.LL_ADC_REG_IsConversionOngoing
                0x08000640       0x22 cmake/stm32cubemx/CMakeFiles/STM32_Drivers.dir/__/__/Drivers/STM32C0xx_HAL_Driver/Src/stm32c0xx_hal_adc.c.obj
 *fill*         0x08000662        0x2 
 .text.HAL_ADC_Init
                0x08000664      0x34c cmake/stm32cubemx/CMakeFiles/STM32_Drivers.dir/__/__/Drivers/STM32C0xx_HAL_Driver/Src/stm32c0xx_hal_adc.c.obj
                0x08000664                HAL_ADC_Init
 .text.HAL_ADC_Start
                0x080009b0       0x9c cmake/stm32cubemx/CMakeFiles/STM32_Drivers.dir/__/__/Drivers/STM32C0xx_HAL_Driver/Src/stm32c0xx_hal_adc.c.obj
                0x080009b0                HAL_ADC_Start
 .text.HAL_ADC_Stop
                0x08000a4c       0x78 cmake/stm32cubemx/CMakeFiles/STM32_Drivers.dir/__/__/Drivers/STM32C0xx_HAL_Driver/Src/stm32c0xx_hal_adc.c.obj
                0x08000a4c                HAL_ADC_Stop
 .text.HAL_ADC_PollForConversion
                0x08000ac4      0x11c cmake/stm32cubemx/CMakeFiles/STM32_Drivers.dir/__/__/Drivers/STM32C0xx_HAL_Driver/Src/stm32c0xx_hal_adc.c.obj
                0x08000ac4                HAL_ADC_PollForConversion
 .text.HAL_ADC_GetValue
                0x08000be0       0x16 cmake/stm32cubemx/CMakeFiles/STM32_Drivers.dir/__/__/Drivers/STM32C0xx_HAL_Driver/Src/stm32c0xx_hal_adc.c.obj
                0x08000be0                HAL_ADC_GetValue
 *fill*         0x08000bf6        0x2 
 .text.HAL_ADC_ConfigChannel
                0x08000bf8      0x3ac cmake/stm32cubemx/CMakeFiles/STM32_Drivers.dir/__/__/Drivers/STM32C0xx_HAL_Driver/Src/stm32c0xx_hal_adc.c.obj
                0x08000bf8                HAL_ADC_ConfigChannel
 .text.ADC_ConversionStop
                0x08000fa4       0x78 cmake/stm32cubemx/CMakeFiles/STM32_Drivers.dir/__/__/Drivers/STM32C0xx_HAL_Driver/Src/stm32c0xx_hal_adc.c.obj
                0x08000fa4                ADC_ConversionStop
 .text.ADC_Enable
                0x0800101c       0xfc cmake/stm32cubemx/CMakeFiles/STM32_Drivers.dir/__/__/Drivers/STM32C0xx_HAL_Driver/Src/stm32c0xx_hal_adc.c.obj
                0x0800101c                ADC_Enable
 .text.ADC_Disable
                0x08001118       0xb0 cmake/stm32cubemx/CMakeFiles/STM32_Drivers.dir/__/__/Drivers/STM32C0xx_HAL_Driver/Src/stm32c0xx_hal_adc.c.obj
                0x08001118                ADC_Disable
 .text.HAL_RCC_OscConfig
                0x080011c8      0x3c8 cmake/stm32cubemx/CMakeFiles/STM32_Drivers.dir/__/__/Drivers/STM32C0xx_HAL_Driver/Src/stm32c0xx_hal_rcc.c.obj
                0x080011c8                HAL_RCC_OscConfig
 .text.HAL_RCC_ClockConfig
                0x08001590      0x214 cmake/stm32cubemx/CMakeFiles/STM32_Drivers.dir/__/__/Drivers/STM32C0xx_HAL_Driver/Src/stm32c0xx_hal_rcc.c.obj
                0x08001590                HAL_RCC_ClockConfig
 .text.HAL_RCC_GetSysClockFreq
                0x080017a4       0xa0 cmake/stm32cubemx/CMakeFiles/STM32_Drivers.dir/__/__/Drivers/STM32C0xx_HAL_Driver/Src/stm32c0xx_hal_rcc.c.obj
                0x080017a4                HAL_RCC_GetSysClockFreq
 .text.HAL_RCC_GetHCLKFreq
                0x08001844       0x3c cmake/stm32cubemx/CMakeFiles/STM32_Drivers.dir/__/__/Drivers/STM32C0xx_HAL_Driver/Src/stm32c0xx_hal_rcc.c.obj
                0x08001844                HAL_RCC_GetHCLKFreq
 .text.HAL_RCC_GetPCLK1Freq
                0x08001880       0x30 cmake/stm32cubemx/CMakeFiles/STM32_Drivers.dir/__/__/Drivers/STM32C0xx_HAL_Driver/Src/stm32c0xx_hal_rcc.c.obj
                0x08001880                HAL_RCC_GetPCLK1Freq
 .text.HAL_RCCEx_PeriphCLKConfig
                0x080018b0      0x1f4 cmake/stm32cubemx/CMakeFiles/STM32_Drivers.dir/__/__/Drivers/STM32C0xx_HAL_Driver/Src/stm32c0xx_hal_rcc_ex.c.obj
                0x080018b0                HAL_RCCEx_PeriphCLKConfig
 .text.HAL_GPIO_Init
                0x08001aa4      0x2e4 cmake/stm32cubemx/CMakeFiles/STM32_Drivers.dir/__/__/Drivers/STM32C0xx_HAL_Driver/Src/stm32c0xx_hal_gpio.c.obj
                0x08001aa4                HAL_GPIO_Init
 .text.HAL_GPIO_WritePin
                0x08001d88       0x3a cmake/stm32cubemx/CMakeFiles/STM32_Drivers.dir/__/__/Drivers/STM32C0xx_HAL_Driver/Src/stm32c0xx_hal_gpio.c.obj
                0x08001d88                HAL_GPIO_WritePin
 *fill*         0x08001dc2        0x2 
 .text.__NVIC_EnableIRQ
                0x08001dc4       0x34 cmake/stm32cubemx/CMakeFiles/STM32_Drivers.dir/__/__/Drivers/STM32C0xx_HAL_Driver/Src/stm32c0xx_hal_cortex.c.obj
 .text.__NVIC_SetPriority
                0x08001df8       0xdc cmake/stm32cubemx/CMakeFiles/STM32_Drivers.dir/__/__/Drivers/STM32C0xx_HAL_Driver/Src/stm32c0xx_hal_cortex.c.obj
 .text.SysTick_Config
                0x08001ed4       0x48 cmake/stm32cubemx/CMakeFiles/STM32_Drivers.dir/__/__/Drivers/STM32C0xx_HAL_Driver/Src/stm32c0xx_hal_cortex.c.obj
 .text.HAL_NVIC_SetPriority
                0x08001f1c       0x2a cmake/stm32cubemx/CMakeFiles/STM32_Drivers.dir/__/__/Drivers/STM32C0xx_HAL_Driver/Src/stm32c0xx_hal_cortex.c.obj
                0x08001f1c                HAL_NVIC_SetPriority
 .text.HAL_NVIC_EnableIRQ
                0x08001f46       0x20 cmake/stm32cubemx/CMakeFiles/STM32_Drivers.dir/__/__/Drivers/STM32C0xx_HAL_Driver/Src/stm32c0xx_hal_cortex.c.obj
                0x08001f46                HAL_NVIC_EnableIRQ
 .text.HAL_SYSTICK_Config
                0x08001f66       0x1a cmake/stm32cubemx/CMakeFiles/STM32_Drivers.dir/__/__/Drivers/STM32C0xx_HAL_Driver/Src/stm32c0xx_hal_cortex.c.obj
                0x08001f66                HAL_SYSTICK_Config
 .text.HAL_EXTI_RegisterCallback
                0x08001f80       0x64 cmake/stm32cubemx/CMakeFiles/STM32_Drivers.dir/__/__/Drivers/STM32C0xx_HAL_Driver/Src/stm32c0xx_hal_exti.c.obj
                0x08001f80                HAL_EXTI_RegisterCallback
 .text.HAL_EXTI_GetHandle
                0x08001fe4       0x24 cmake/stm32cubemx/CMakeFiles/STM32_Drivers.dir/__/__/Drivers/STM32C0xx_HAL_Driver/Src/stm32c0xx_hal_exti.c.obj
                0x08001fe4                HAL_EXTI_GetHandle
 .text.HAL_EXTI_IRQHandler
                0x08002008       0x94 cmake/stm32cubemx/CMakeFiles/STM32_Drivers.dir/__/__/Drivers/STM32C0xx_HAL_Driver/Src/stm32c0xx_hal_exti.c.obj
                0x08002008                HAL_EXTI_IRQHandler
 .text.HAL_I2C_Init
                0x0800209c      0x14c cmake/stm32cubemx/CMakeFiles/STM32_Drivers.dir/__/__/Drivers/STM32C0xx_HAL_Driver/Src/stm32c0xx_hal_i2c.c.obj
                0x0800209c                HAL_I2C_Init
 .text.HAL_I2C_Master_Transmit
                0x080021e8      0x254 cmake/stm32cubemx/CMakeFiles/STM32_Drivers.dir/__/__/Drivers/STM32C0xx_HAL_Driver/Src/stm32c0xx_hal_i2c.c.obj
                0x080021e8                HAL_I2C_Master_Transmit
 .text.HAL_I2C_Master_Receive
                0x0800243c      0x210 cmake/stm32cubemx/CMakeFiles/STM32_Drivers.dir/__/__/Drivers/STM32C0xx_HAL_Driver/Src/stm32c0xx_hal_i2c.c.obj
                0x0800243c                HAL_I2C_Master_Receive
 .text.I2C_Flush_TXDR
                0x0800264c       0x44 cmake/stm32cubemx/CMakeFiles/STM32_Drivers.dir/__/__/Drivers/STM32C0xx_HAL_Driver/Src/stm32c0xx_hal_i2c.c.obj
 .text.I2C_WaitOnFlagUntilTimeout
                0x08002690       0xb0 cmake/stm32cubemx/CMakeFiles/STM32_Drivers.dir/__/__/Drivers/STM32C0xx_HAL_Driver/Src/stm32c0xx_hal_i2c.c.obj
 .text.I2C_WaitOnTXISFlagUntilTimeout
                0x08002740       0x8c cmake/stm32cubemx/CMakeFiles/STM32_Drivers.dir/__/__/Drivers/STM32C0xx_HAL_Driver/Src/stm32c0xx_hal_i2c.c.obj
 .text.I2C_WaitOnSTOPFlagUntilTimeout
                0x080027cc       0x86 cmake/stm32cubemx/CMakeFiles/STM32_Drivers.dir/__/__/Drivers/STM32C0xx_HAL_Driver/Src/stm32c0xx_hal_i2c.c.obj
 *fill*         0x08002852        0x2 
 .text.I2C_WaitOnRXNEFlagUntilTimeout
                0x08002854      0x13c cmake/stm32cubemx/CMakeFiles/STM32_Drivers.dir/__/__/Drivers/STM32C0xx_HAL_Driver/Src/stm32c0xx_hal_i2c.c.obj
 .text.I2C_IsErrorOccurred
                0x08002990      0x1f0 cmake/stm32cubemx/CMakeFiles/STM32_Drivers.dir/__/__/Drivers/STM32C0xx_HAL_Driver/Src/stm32c0xx_hal_i2c.c.obj
 .text.I2C_TransferConfig
                0x08002b80       0x74 cmake/stm32cubemx/CMakeFiles/STM32_Drivers.dir/__/__/Drivers/STM32C0xx_HAL_Driver/Src/stm32c0xx_hal_i2c.c.obj
 .text.HAL_I2CEx_ConfigAnalogFilter
                0x08002bf4       0x98 cmake/stm32cubemx/CMakeFiles/STM32_Drivers.dir/__/__/Drivers/STM32C0xx_HAL_Driver/Src/stm32c0xx_hal_i2c_ex.c.obj
                0x08002bf4                HAL_I2CEx_ConfigAnalogFilter
 .text.HAL_I2CEx_ConfigDigitalFilter
                0x08002c8c       0x98 cmake/stm32cubemx/CMakeFiles/STM32_Drivers.dir/__/__/Drivers/STM32C0xx_HAL_Driver/Src/stm32c0xx_hal_i2c_ex.c.obj
                0x08002c8c                HAL_I2CEx_ConfigDigitalFilter
 .text.HAL_TIM_Base_Init
                0x08002d24       0xb0 cmake/stm32cubemx/CMakeFiles/STM32_Drivers.dir/__/__/Drivers/STM32C0xx_HAL_Driver/Src/stm32c0xx_hal_tim.c.obj
                0x08002d24                HAL_TIM_Base_Init
 .text.HAL_TIM_Base_Start_IT
                0x08002dd4       0xb8 cmake/stm32cubemx/CMakeFiles/STM32_Drivers.dir/__/__/Drivers/STM32C0xx_HAL_Driver/Src/stm32c0xx_hal_tim.c.obj
                0x08002dd4                HAL_TIM_Base_Start_IT
 .text.HAL_TIM_PWM_Init
                0x08002e8c       0xb0 cmake/stm32cubemx/CMakeFiles/STM32_Drivers.dir/__/__/Drivers/STM32C0xx_HAL_Driver/Src/stm32c0xx_hal_tim.c.obj
                0x08002e8c                HAL_TIM_PWM_Init
 .text.HAL_TIM_PWM_Start
                0x08002f3c      0x1d4 cmake/stm32cubemx/CMakeFiles/STM32_Drivers.dir/__/__/Drivers/STM32C0xx_HAL_Driver/Src/stm32c0xx_hal_tim.c.obj
                0x08002f3c                HAL_TIM_PWM_Start
 .text.HAL_TIM_IRQHandler
                0x08003110      0x210 cmake/stm32cubemx/CMakeFiles/STM32_Drivers.dir/__/__/Drivers/STM32C0xx_HAL_Driver/Src/stm32c0xx_hal_tim.c.obj
                0x08003110                HAL_TIM_IRQHandler
 .text.HAL_TIM_PWM_ConfigChannel
                0x08003320      0x200 cmake/stm32cubemx/CMakeFiles/STM32_Drivers.dir/__/__/Drivers/STM32C0xx_HAL_Driver/Src/stm32c0xx_hal_tim.c.obj
                0x08003320                HAL_TIM_PWM_ConfigChannel
 .text.HAL_TIM_ConfigClockSource
                0x08003520      0x1ac cmake/stm32cubemx/CMakeFiles/STM32_Drivers.dir/__/__/Drivers/STM32C0xx_HAL_Driver/Src/stm32c0xx_hal_tim.c.obj
                0x08003520                HAL_TIM_ConfigClockSource
 .text.HAL_TIM_OC_DelayElapsedCallback
                0x080036cc       0x10 cmake/stm32cubemx/CMakeFiles/STM32_Drivers.dir/__/__/Drivers/STM32C0xx_HAL_Driver/Src/stm32c0xx_hal_tim.c.obj
                0x080036cc                HAL_TIM_OC_DelayElapsedCallback
 .text.HAL_TIM_IC_CaptureCallback
                0x080036dc       0x10 cmake/stm32cubemx/CMakeFiles/STM32_Drivers.dir/__/__/Drivers/STM32C0xx_HAL_Driver/Src/stm32c0xx_hal_tim.c.obj
                0x080036dc                HAL_TIM_IC_CaptureCallback
 .text.HAL_TIM_PWM_PulseFinishedCallback
                0x080036ec       0x10 cmake/stm32cubemx/CMakeFiles/STM32_Drivers.dir/__/__/Drivers/STM32C0xx_HAL_Driver/Src/stm32c0xx_hal_tim.c.obj
                0x080036ec                HAL_TIM_PWM_PulseFinishedCallback
 .text.HAL_TIM_TriggerCallback
                0x080036fc       0x10 cmake/stm32cubemx/CMakeFiles/STM32_Drivers.dir/__/__/Drivers/STM32C0xx_HAL_Driver/Src/stm32c0xx_hal_tim.c.obj
                0x080036fc                HAL_TIM_TriggerCallback
 .text.TIM_Base_SetConfig
                0x0800370c      0x10c cmake/stm32cubemx/CMakeFiles/STM32_Drivers.dir/__/__/Drivers/STM32C0xx_HAL_Driver/Src/stm32c0xx_hal_tim.c.obj
                0x0800370c                TIM_Base_SetConfig
 .text.TIM_OC1_SetConfig
                0x08003818      0x114 cmake/stm32cubemx/CMakeFiles/STM32_Drivers.dir/__/__/Drivers/STM32C0xx_HAL_Driver/Src/stm32c0xx_hal_tim.c.obj
 .text.TIM_OC2_SetConfig
                0x0800392c      0x108 cmake/stm32cubemx/CMakeFiles/STM32_Drivers.dir/__/__/Drivers/STM32C0xx_HAL_Driver/Src/stm32c0xx_hal_tim.c.obj
                0x0800392c                TIM_OC2_SetConfig
 .text.TIM_OC3_SetConfig
                0x08003a34      0x110 cmake/stm32cubemx/CMakeFiles/STM32_Drivers.dir/__/__/Drivers/STM32C0xx_HAL_Driver/Src/stm32c0xx_hal_tim.c.obj
 .text.TIM_OC4_SetConfig
                0x08003b44       0xd4 cmake/stm32cubemx/CMakeFiles/STM32_Drivers.dir/__/__/Drivers/STM32C0xx_HAL_Driver/Src/stm32c0xx_hal_tim.c.obj
 .text.TIM_OC5_SetConfig
                0x08003c18       0xc0 cmake/stm32cubemx/CMakeFiles/STM32_Drivers.dir/__/__/Drivers/STM32C0xx_HAL_Driver/Src/stm32c0xx_hal_tim.c.obj
 .text.TIM_OC6_SetConfig
                0x08003cd8       0xc8 cmake/stm32cubemx/CMakeFiles/STM32_Drivers.dir/__/__/Drivers/STM32C0xx_HAL_Driver/Src/stm32c0xx_hal_tim.c.obj
 .text.TIM_TI1_ConfigInputStage
                0x08003da0       0x5c cmake/stm32cubemx/CMakeFiles/STM32_Drivers.dir/__/__/Drivers/STM32C0xx_HAL_Driver/Src/stm32c0xx_hal_tim.c.obj
 .text.TIM_TI2_ConfigInputStage
                0x08003dfc       0x64 cmake/stm32cubemx/CMakeFiles/STM32_Drivers.dir/__/__/Drivers/STM32C0xx_HAL_Driver/Src/stm32c0xx_hal_tim.c.obj
 .text.TIM_ITRx_SetConfig
                0x08003e60       0x38 cmake/stm32cubemx/CMakeFiles/STM32_Drivers.dir/__/__/Drivers/STM32C0xx_HAL_Driver/Src/stm32c0xx_hal_tim.c.obj
 .text.TIM_ETR_SetConfig
                0x08003e98       0x40 cmake/stm32cubemx/CMakeFiles/STM32_Drivers.dir/__/__/Drivers/STM32C0xx_HAL_Driver/Src/stm32c0xx_hal_tim.c.obj
                0x08003e98                TIM_ETR_SetConfig
 .text.TIM_CCxChannelCmd
                0x08003ed8       0x46 cmake/stm32cubemx/CMakeFiles/STM32_Drivers.dir/__/__/Drivers/STM32C0xx_HAL_Driver/Src/stm32c0xx_hal_tim.c.obj
                0x08003ed8                TIM_CCxChannelCmd
 *fill*         0x08003f1e        0x2 
 .text.HAL_TIMEx_MasterConfigSynchronization
                0x08003f20       0xdc cmake/stm32cubemx/CMakeFiles/STM32_Drivers.dir/__/__/Drivers/STM32C0xx_HAL_Driver/Src/stm32c0xx_hal_tim_ex.c.obj
                0x08003f20                HAL_TIMEx_MasterConfigSynchronization
 .text.HAL_TIMEx_ConfigBreakDeadTime
                0x08003ffc      0x138 cmake/stm32cubemx/CMakeFiles/STM32_Drivers.dir/__/__/Drivers/STM32C0xx_HAL_Driver/Src/stm32c0xx_hal_tim_ex.c.obj
                0x08003ffc                HAL_TIMEx_ConfigBreakDeadTime
 .text.HAL_TIMEx_CommutCallback
                0x08004134       0x10 cmake/stm32cubemx/CMakeFiles/STM32_Drivers.dir/__/__/Drivers/STM32C0xx_HAL_Driver/Src/stm32c0xx_hal_tim_ex.c.obj
                0x08004134                HAL_TIMEx_CommutCallback
 .text.HAL_TIMEx_BreakCallback
                0x08004144       0x10 cmake/stm32cubemx/CMakeFiles/STM32_Drivers.dir/__/__/Drivers/STM32C0xx_HAL_Driver/Src/stm32c0xx_hal_tim_ex.c.obj
                0x08004144                HAL_TIMEx_BreakCallback
 .text.HAL_TIMEx_Break2Callback
                0x08004154       0x10 cmake/stm32cubemx/CMakeFiles/STM32_Drivers.dir/__/__/Drivers/STM32C0xx_HAL_Driver/Src/stm32c0xx_hal_tim_ex.c.obj
                0x08004154                HAL_TIMEx_Break2Callback
 .text.HAL_UART_Init
                0x08004164       0xac cmake/stm32cubemx/CMakeFiles/STM32_Drivers.dir/__/__/Drivers/STM32C0xx_HAL_Driver/Src/stm32c0xx_hal_uart.c.obj
                0x08004164                HAL_UART_Init
 .text.HAL_UART_MspInit
                0x08004210       0x10 cmake/stm32cubemx/CMakeFiles/STM32_Drivers.dir/__/__/Drivers/STM32C0xx_HAL_Driver/Src/stm32c0xx_hal_uart.c.obj
                0x08004210                HAL_UART_MspInit
 .text.HAL_UART_Transmit
                0x08004220      0x148 cmake/stm32cubemx/CMakeFiles/STM32_Drivers.dir/__/__/Drivers/STM32C0xx_HAL_Driver/Src/stm32c0xx_hal_uart.c.obj
                0x08004220                HAL_UART_Transmit
 .text.UART_SetConfig
                0x08004368      0x32c cmake/stm32cubemx/CMakeFiles/STM32_Drivers.dir/__/__/Drivers/STM32C0xx_HAL_Driver/Src/stm32c0xx_hal_uart.c.obj
                0x08004368                UART_SetConfig
 .text.UART_AdvFeatureConfig
                0x08004694      0x168 cmake/stm32cubemx/CMakeFiles/STM32_Drivers.dir/__/__/Drivers/STM32C0xx_HAL_Driver/Src/stm32c0xx_hal_uart.c.obj
                0x08004694                UART_AdvFeatureConfig
 .text.UART_CheckIdleState
                0x080047fc      0x154 cmake/stm32cubemx/CMakeFiles/STM32_Drivers.dir/__/__/Drivers/STM32C0xx_HAL_Driver/Src/stm32c0xx_hal_uart.c.obj
                0x080047fc                UART_CheckIdleState
 .text.UART_WaitOnFlagUntilTimeout
                0x08004950       0xde cmake/stm32cubemx/CMakeFiles/STM32_Drivers.dir/__/__/Drivers/STM32C0xx_HAL_Driver/Src/stm32c0xx_hal_uart.c.obj
                0x08004950                UART_WaitOnFlagUntilTimeout
 *fill*         0x08004a2e        0x2 
 .text.UART_EndRxTransfer
                0x08004a30       0xcc cmake/stm32cubemx/CMakeFiles/STM32_Drivers.dir/__/__/Drivers/STM32C0xx_HAL_Driver/Src/stm32c0xx_hal_uart.c.obj
 .text.BSP_LED_Init
                0x08004afc       0xd4 cmake/stm32cubemx/CMakeFiles/STM32_Drivers.dir/__/__/Drivers/BSP/STM32C0xx_Nucleo/stm32c0xx_nucleo.c.obj
                0x08004afc                BSP_LED_Init
 .text.BSP_PB_Init
                0x08004bd0      0x108 cmake/stm32cubemx/CMakeFiles/STM32_Drivers.dir/__/__/Drivers/BSP/STM32C0xx_Nucleo/stm32c0xx_nucleo.c.obj
                0x08004bd0                BSP_PB_Init
 .text.BSP_PB_IRQHandler
                0x08004cd8       0x30 cmake/stm32cubemx/CMakeFiles/STM32_Drivers.dir/__/__/Drivers/BSP/STM32C0xx_Nucleo/stm32c0xx_nucleo.c.obj
                0x08004cd8                BSP_PB_IRQHandler
 .text.BSP_PB_Callback
                0x08004d08       0x14 cmake/stm32cubemx/CMakeFiles/STM32_Drivers.dir/__/__/Drivers/BSP/STM32C0xx_Nucleo/stm32c0xx_nucleo.c.obj
                0x08004d08                BSP_PB_Callback
 .text.BSP_COM_Init
                0x08004d1c       0x64 cmake/stm32cubemx/CMakeFiles/STM32_Drivers.dir/__/__/Drivers/BSP/STM32C0xx_Nucleo/stm32c0xx_nucleo.c.obj
                0x08004d1c                BSP_COM_Init
 .text.MX_USART2_Init
                0x08004d80       0x6c cmake/stm32cubemx/CMakeFiles/STM32_Drivers.dir/__/__/Drivers/BSP/STM32C0xx_Nucleo/stm32c0xx_nucleo.c.obj
                0x08004d80                MX_USART2_Init
 .text.__io_putchar
                0x08004dec       0x34 cmake/stm32cubemx/CMakeFiles/STM32_Drivers.dir/__/__/Drivers/BSP/STM32C0xx_Nucleo/stm32c0xx_nucleo.c.obj
                0x08004dec                __io_putchar
 .text.BUTTON_USER_EXTI_Callback
                0x08004e20       0x10 cmake/stm32cubemx/CMakeFiles/STM32_Drivers.dir/__/__/Drivers/BSP/STM32C0xx_Nucleo/stm32c0xx_nucleo.c.obj
 .text.COM1_MspInit
                0x08004e30       0xb0 cmake/stm32cubemx/CMakeFiles/STM32_Drivers.dir/__/__/Drivers/BSP/STM32C0xx_Nucleo/stm32c0xx_nucleo.c.obj
 .text.main     0x08004ee0       0xc8 CMakeFiles/current_control.dir/Core/Src/main.c.obj
                0x08004ee0                main
 .text.SystemClock_Config
                0x08004fa8       0x98 CMakeFiles/current_control.dir/Core/Src/main.c.obj
                0x08004fa8                SystemClock_Config
 .text.MX_ADC1_Init
                0x08005040       0xcc CMakeFiles/current_control.dir/Core/Src/main.c.obj
 .text.MX_I2C2_Init
                0x0800510c       0x80 CMakeFiles/current_control.dir/Core/Src/main.c.obj
 .text.MX_TIM1_Init
                0x0800518c      0x16c CMakeFiles/current_control.dir/Core/Src/main.c.obj
 .text.MX_TIM2_Init
                0x080052f8       0xa8 CMakeFiles/current_control.dir/Core/Src/main.c.obj
 .text.MX_GPIO_Init
                0x080053a0       0x5c CMakeFiles/current_control.dir/Core/Src/main.c.obj
 .text.readADC  0x080053fc       0x44 CMakeFiles/current_control.dir/Core/Src/main.c.obj
                0x080053fc                readADC
 .text.HAL_TIM_PeriodElapsedCallback
                0x08005440       0x64 CMakeFiles/current_control.dir/Core/Src/main.c.obj
                0x08005440                HAL_TIM_PeriodElapsedCallback
 .text.writeINA219
                0x080054a4       0x44 CMakeFiles/current_control.dir/Core/Src/main.c.obj
                0x080054a4                writeINA219
 .text.readINA219
                0x080054e8       0x50 CMakeFiles/current_control.dir/Core/Src/main.c.obj
                0x080054e8                readINA219
 .text.init_ina219
                0x08005538       0x38 CMakeFiles/current_control.dir/Core/Src/main.c.obj
                0x08005538                init_ina219
 .text.Error_Handler
                0x08005570        0xc CMakeFiles/current_control.dir/Core/Src/main.c.obj
                0x08005570                Error_Handler
 .text.NMI_Handler
                0x0800557c        0x8 CMakeFiles/current_control.dir/Core/Src/stm32c0xx_it.c.obj
                0x0800557c                NMI_Handler
 .text.HardFault_Handler
                0x08005584        0x8 CMakeFiles/current_control.dir/Core/Src/stm32c0xx_it.c.obj
                0x08005584                HardFault_Handler
 .text.SVC_Handler
                0x0800558c        0xa CMakeFiles/current_control.dir/Core/Src/stm32c0xx_it.c.obj
                0x0800558c                SVC_Handler
 .text.PendSV_Handler
                0x08005596        0xa CMakeFiles/current_control.dir/Core/Src/stm32c0xx_it.c.obj
                0x08005596                PendSV_Handler
 .text.SysTick_Handler
                0x080055a0        0xe CMakeFiles/current_control.dir/Core/Src/stm32c0xx_it.c.obj
                0x080055a0                SysTick_Handler
 .text.EXTI4_15_IRQHandler
                0x080055ae       0x10 CMakeFiles/current_control.dir/Core/Src/stm32c0xx_it.c.obj
                0x080055ae                EXTI4_15_IRQHandler
 *fill*         0x080055be        0x2 
 .text.TIM2_IRQHandler
                0x080055c0       0x18 CMakeFiles/current_control.dir/Core/Src/stm32c0xx_it.c.obj
                0x080055c0                TIM2_IRQHandler
 .text.HAL_MspInit
                0x080055d8       0x48 CMakeFiles/current_control.dir/Core/Src/stm32c0xx_hal_msp.c.obj
                0x080055d8                HAL_MspInit
 .text.HAL_ADC_MspInit
                0x08005620       0xb4 CMakeFiles/current_control.dir/Core/Src/stm32c0xx_hal_msp.c.obj
                0x08005620                HAL_ADC_MspInit
 .text.HAL_I2C_MspInit
                0x080056d4       0x94 CMakeFiles/current_control.dir/Core/Src/stm32c0xx_hal_msp.c.obj
                0x080056d4                HAL_I2C_MspInit
 .text.HAL_TIM_PWM_MspInit
                0x08005768       0x40 CMakeFiles/current_control.dir/Core/Src/stm32c0xx_hal_msp.c.obj
                0x08005768                HAL_TIM_PWM_MspInit
 .text.HAL_TIM_Base_MspInit
                0x080057a8       0x48 CMakeFiles/current_control.dir/Core/Src/stm32c0xx_hal_msp.c.obj
                0x080057a8                HAL_TIM_Base_MspInit
 .text.HAL_TIM_MspPostInit
                0x080057f0       0xa8 CMakeFiles/current_control.dir/Core/Src/stm32c0xx_hal_msp.c.obj
                0x080057f0                HAL_TIM_MspPostInit
 .text._sbrk    0x08005898       0x6c CMakeFiles/current_control.dir/Core/Src/sysmem.c.obj
                0x08005898                _sbrk
 .text._read    0x08005904       0x3a CMakeFiles/current_control.dir/Core/Src/syscalls.c.obj
                0x08005904                _read
 .text._write   0x0800593e       0x38 CMakeFiles/current_control.dir/Core/Src/syscalls.c.obj
                0x0800593e                _write
 .text._close   0x08005976       0x14 CMakeFiles/current_control.dir/Core/Src/syscalls.c.obj
                0x08005976                _close
 .text._fstat   0x0800598a       0x1c CMakeFiles/current_control.dir/Core/Src/syscalls.c.obj
                0x0800598a                _fstat
 .text._isatty  0x080059a6       0x12 CMakeFiles/current_control.dir/Core/Src/syscalls.c.obj
                0x080059a6                _isatty
 .text._lseek   0x080059b8       0x16 CMakeFiles/current_control.dir/Core/Src/syscalls.c.obj
                0x080059b8                _lseek
 *fill*         0x080059ce        0x2 
 .text.Reset_Handler
                0x080059d0       0x50 CMakeFiles/current_control.dir/startup_stm32c092xx.s.obj
                0x080059d0                Reset_Handler
 .text.Default_Handler
                0x08005a20        0x2 CMakeFiles/current_control.dir/startup_stm32c092xx.s.obj
                0x08005a20                TIM1_BRK_UP_TRG_COM_IRQHandler
                0x08005a20                I2C1_IRQHandler
                0x08005a20                FDCAN1_IT1_IRQHandler
                0x08005a20                SPI1_IRQHandler
                0x08005a20                USART3_4_IRQHandler
                0x08005a20                EXTI2_3_IRQHandler
                0x08005a20                ADC1_IRQHandler
                0x08005a20                I2C2_IRQHandler
                0x08005a20                TIM17_IRQHandler
                0x08005a20                RTC_IRQHandler
                0x08005a20                TIM16_IRQHandler
                0x08005a20                TIM3_IRQHandler
                0x08005a20                RCC_IRQHandler
                0x08005a20                DMA1_Channel1_IRQHandler
                0x08005a20                Default_Handler
                0x08005a20                TIM14_IRQHandler
                0x08005a20                TIM15_IRQHandler
                0x08005a20                EXTI0_1_IRQHandler
                0x08005a20                SPI2_IRQHandler
                0x08005a20                WWDG_IRQHandler
                0x08005a20                FDCAN1_IT0_IRQHandler
                0x08005a20                DMA1_Channel2_3_IRQHandler
                0x08005a20                DMAMUX1_DMA1_CH4_5_IRQHandler
                0x08005a20                USART2_IRQHandler
                0x08005a20                FLASH_IRQHandler
                0x08005a20                USART1_IRQHandler
                0x08005a20                TIM1_CC_IRQHandler
 *fill*         0x08005a22        0x2 
 .text.std      0x08005a24       0x6c /Applications/STM32CubeIDE.app/Contents/Eclipse/plugins/com.st.stm32cube.ide.mcu.externaltools.gnu-tools-for-stm32.14.3.rel1.macosaarch64_1.0.0.202602081740/tools/bin/../lib/gcc/arm-none-eabi/14.3.1/../../../../arm-none-eabi/lib/thumb/v6-m/nofp/libg_nano.a(libc_a-findfp.o)
 .text.stdio_exit_handler
                0x08005a90       0x1c /Applications/STM32CubeIDE.app/Contents/Eclipse/plugins/com.st.stm32cube.ide.mcu.externaltools.gnu-tools-for-stm32.14.3.rel1.macosaarch64_1.0.0.202602081740/tools/bin/../lib/gcc/arm-none-eabi/14.3.1/../../../../arm-none-eabi/lib/thumb/v6-m/nofp/libg_nano.a(libc_a-findfp.o)
 .text.cleanup_stdio
                0x08005aac       0x3c /Applications/STM32CubeIDE.app/Contents/Eclipse/plugins/com.st.stm32cube.ide.mcu.externaltools.gnu-tools-for-stm32.14.3.rel1.macosaarch64_1.0.0.202602081740/tools/bin/../lib/gcc/arm-none-eabi/14.3.1/../../../../arm-none-eabi/lib/thumb/v6-m/nofp/libg_nano.a(libc_a-findfp.o)
 .text.global_stdio_init.part.0
                0x08005ae8       0x3c /Applications/STM32CubeIDE.app/Contents/Eclipse/plugins/com.st.stm32cube.ide.mcu.externaltools.gnu-tools-for-stm32.14.3.rel1.macosaarch64_1.0.0.202602081740/tools/bin/../lib/gcc/arm-none-eabi/14.3.1/../../../../arm-none-eabi/lib/thumb/v6-m/nofp/libg_nano.a(libc_a-findfp.o)
 .text.__sfp_lock_acquire
                0x08005b24       0x10 /Applications/STM32CubeIDE.app/Contents/Eclipse/plugins/com.st.stm32cube.ide.mcu.externaltools.gnu-tools-for-stm32.14.3.rel1.macosaarch64_1.0.0.202602081740/tools/bin/../lib/gcc/arm-none-eabi/14.3.1/../../../../arm-none-eabi/lib/thumb/v6-m/nofp/libg_nano.a(libc_a-findfp.o)
                0x08005b24                __sfp_lock_acquire
 .text.__sfp_lock_release
                0x08005b34       0x10 /Applications/STM32CubeIDE.app/Contents/Eclipse/plugins/com.st.stm32cube.ide.mcu.externaltools.gnu-tools-for-stm32.14.3.rel1.macosaarch64_1.0.0.202602081740/tools/bin/../lib/gcc/arm-none-eabi/14.3.1/../../../../arm-none-eabi/lib/thumb/v6-m/nofp/libg_nano.a(libc_a-findfp.o)
                0x08005b34                __sfp_lock_release
 .text.__sinit  0x08005b44       0x30 /Applications/STM32CubeIDE.app/Contents/Eclipse/plugins/com.st.stm32cube.ide.mcu.externaltools.gnu-tools-for-stm32.14.3.rel1.macosaarch64_1.0.0.202602081740/tools/bin/../lib/gcc/arm-none-eabi/14.3.1/../../../../arm-none-eabi/lib/thumb/v6-m/nofp/libg_nano.a(libc_a-findfp.o)
                0x08005b44                __sinit
 .text._fwalk_sglue
                0x08005b74       0x38 /Applications/STM32CubeIDE.app/Contents/Eclipse/plugins/com.st.stm32cube.ide.mcu.externaltools.gnu-tools-for-stm32.14.3.rel1.macosaarch64_1.0.0.202602081740/tools/bin/../lib/gcc/arm-none-eabi/14.3.1/../../../../arm-none-eabi/lib/thumb/v6-m/nofp/libg_nano.a(libc_a-fwalk.o)
                0x08005b74                _fwalk_sglue
 .text.printf   0x08005bac       0x20 /Applications/STM32CubeIDE.app/Contents/Eclipse/plugins/com.st.stm32cube.ide.mcu.externaltools.gnu-tools-for-stm32.14.3.rel1.macosaarch64_1.0.0.202602081740/tools/bin/../lib/gcc/arm-none-eabi/14.3.1/../../../../arm-none-eabi/lib/thumb/v6-m/nofp/libg_nano.a(libc_a-printf.o)
                0x08005bac                printf
                0x08005bac                iprintf
 .text.memset   0x08005bcc       0x10 /Applications/STM32CubeIDE.app/Contents/Eclipse/plugins/com.st.stm32cube.ide.mcu.externaltools.gnu-tools-for-stm32.14.3.rel1.macosaarch64_1.0.0.202602081740/tools/bin/../lib/gcc/arm-none-eabi/14.3.1/../../../../arm-none-eabi/lib/thumb/v6-m/nofp/libg_nano.a(libc_a-memset.o)
                0x08005bcc                memset
 .text.__errno  0x08005bdc        0xc /Applications/STM32CubeIDE.app/Contents/Eclipse/plugins/com.st.stm32cube.ide.mcu.externaltools.gnu-tools-for-stm32.14.3.rel1.macosaarch64_1.0.0.202602081740/tools/bin/../lib/gcc/arm-none-eabi/14.3.1/../../../../arm-none-eabi/lib/thumb/v6-m/nofp/libg_nano.a(libc_a-errno.o)
                0x08005bdc                __errno
 .text.__libc_init_array
                0x08005be8       0x48 /Applications/STM32CubeIDE.app/Contents/Eclipse/plugins/com.st.stm32cube.ide.mcu.externaltools.gnu-tools-for-stm32.14.3.rel1.macosaarch64_1.0.0.202602081740/tools/bin/../lib/gcc/arm-none-eabi/14.3.1/../../../../arm-none-eabi/lib/thumb/v6-m/nofp/libg_nano.a(libc_a-init.o)
                0x08005be8                __libc_init_array
 .text.__retarget_lock_init_recursive
                0x08005c30        0x2 /Applications/STM32CubeIDE.app/Contents/Eclipse/plugins/com.st.stm32cube.ide.mcu.externaltools.gnu-tools-for-stm32.14.3.rel1.macosaarch64_1.0.0.202602081740/tools/bin/../lib/gcc/arm-none-eabi/14.3.1/../../../../arm-none-eabi/lib/thumb/v6-m/nofp/libg_nano.a(libc_a-lock.o)
                0x08005c30                __retarget_lock_init_recursive
 .text.__retarget_lock_acquire_recursive
                0x08005c32        0x2 /Applications/STM32CubeIDE.app/Contents/Eclipse/plugins/com.st.stm32cube.ide.mcu.externaltools.gnu-tools-for-stm32.14.3.rel1.macosaarch64_1.0.0.202602081740/tools/bin/../lib/gcc/arm-none-eabi/14.3.1/../../../../arm-none-eabi/lib/thumb/v6-m/nofp/libg_nano.a(libc_a-lock.o)
                0x08005c32                __retarget_lock_acquire_recursive
 .text.__retarget_lock_release_recursive
                0x08005c34        0x2 /Applications/STM32CubeIDE.app/Contents/Eclipse/plugins/com.st.stm32cube.ide.mcu.externaltools.gnu-tools-for-stm32.14.3.rel1.macosaarch64_1.0.0.202602081740/tools/bin/../lib/gcc/arm-none-eabi/14.3.1/../../../../arm-none-eabi/lib/thumb/v6-m/nofp/libg_nano.a(libc_a-lock.o)
                0x08005c34                __retarget_lock_release_recursive
 .text.__sfputc_r
                0x08005c36       0x2a /Applications/STM32CubeIDE.app/Contents/Eclipse/plugins/com.st.stm32cube.ide.mcu.externaltools.gnu-tools-for-stm32.14.3.rel1.macosaarch64_1.0.0.202602081740/tools/bin/../lib/gcc/arm-none-eabi/14.3.1/../../../../arm-none-eabi/lib/thumb/v6-m/nofp/libg_nano.a(libc_a-nano-vfprintf.o)
 .text.__sfputs_r
                0x08005c60       0x24 /Applications/STM32CubeIDE.app/Contents/Eclipse/plugins/com.st.stm32cube.ide.mcu.externaltools.gnu-tools-for-stm32.14.3.rel1.macosaarch64_1.0.0.202602081740/tools/bin/../lib/gcc/arm-none-eabi/14.3.1/../../../../arm-none-eabi/lib/thumb/v6-m/nofp/libg_nano.a(libc_a-nano-vfprintf.o)
                0x08005c60                __sfputs_r
 .text._vfprintf_r
                0x08005c84      0x230 /Applications/STM32CubeIDE.app/Contents/Eclipse/plugins/com.st.stm32cube.ide.mcu.externaltools.gnu-tools-for-stm32.14.3.rel1.macosaarch64_1.0.0.202602081740/tools/bin/../lib/gcc/arm-none-eabi/14.3.1/../../../../arm-none-eabi/lib/thumb/v6-m/nofp/libg_nano.a(libc_a-nano-vfprintf.o)
                0x08005c84                _vfiprintf_r
                0x08005c84                _vfprintf_r
 .text.sbrk_aligned
                0x08005eb4       0x44 /Applications/STM32CubeIDE.app/Contents/Eclipse/plugins/com.st.stm32cube.ide.mcu.externaltools.gnu-tools-for-stm32.14.3.rel1.macosaarch64_1.0.0.202602081740/tools/bin/../lib/gcc/arm-none-eabi/14.3.1/../../../../arm-none-eabi/lib/thumb/v6-m/nofp/libg_nano.a(libc_a-mallocr.o)
 .text._malloc_r
                0x08005ef8      0x100 /Applications/STM32CubeIDE.app/Contents/Eclipse/plugins/com.st.stm32cube.ide.mcu.externaltools.gnu-tools-for-stm32.14.3.rel1.macosaarch64_1.0.0.202602081740/tools/bin/../lib/gcc/arm-none-eabi/14.3.1/../../../../arm-none-eabi/lib/thumb/v6-m/nofp/libg_nano.a(libc_a-mallocr.o)
                0x08005ef8                _malloc_r
 .text._printf_common
                0x08005ff8       0xde /Applications/STM32CubeIDE.app/Contents/Eclipse/plugins/com.st.stm32cube.ide.mcu.externaltools.gnu-tools-for-stm32.14.3.rel1.macosaarch64_1.0.0.202602081740/tools/bin/../lib/gcc/arm-none-eabi/14.3.1/../../../../arm-none-eabi/lib/thumb/v6-m/nofp/libg_nano.a(libc_a-nano-vfprintf_i.o)
                0x08005ff8                _printf_common
 *fill*         0x080060d6        0x2 
 .text._printf_i
                0x080060d8      0x218 /Applications/STM32CubeIDE.app/Contents/Eclipse/plugins/com.st.stm32cube.ide.mcu.externaltools.gnu-tools-for-stm32.14.3.rel1.macosaarch64_1.0.0.202602081740/tools/bin/../lib/gcc/arm-none-eabi/14.3.1/../../../../arm-none-eabi/lib/thumb/v6-m/nofp/libg_nano.a(libc_a-nano-vfprintf_i.o)
                0x080060d8                _printf_i
 .text.__sflush_r
                0x080062f0      0x114 /Applications/STM32CubeIDE.app/Contents/Eclipse/plugins/com.st.stm32cube.ide.mcu.externaltools.gnu-tools-for-stm32.14.3.rel1.macosaarch64_1.0.0.202602081740/tools/bin/../lib/gcc/arm-none-eabi/14.3.1/../../../../arm-none-eabi/lib/thumb/v6-m/nofp/libg_nano.a(libc_a-fflush.o)
                0x080062f0                __sflush_r
 .text._fflush_r
                0x08006404       0x56 /Applications/STM32CubeIDE.app/Contents/Eclipse/plugins/com.st.stm32cube.ide.mcu.externaltools.gnu-tools-for-stm32.14.3.rel1.macosaarch64_1.0.0.202602081740/tools/bin/../lib/gcc/arm-none-eabi/14.3.1/../../../../arm-none-eabi/lib/thumb/v6-m/nofp/libg_nano.a(libc_a-fflush.o)
                0x08006404                _fflush_r
 *fill*         0x0800645a        0x2 
 .text.__malloc_lock
                0x0800645c       0x10 /Applications/STM32CubeIDE.app/Contents/Eclipse/plugins/com.st.stm32cube.ide.mcu.externaltools.gnu-tools-for-stm32.14.3.rel1.macosaarch64_1.0.0.202602081740/tools/bin/../lib/gcc/arm-none-eabi/14.3.1/../../../../arm-none-eabi/lib/thumb/v6-m/nofp/libg_nano.a(libc_a-mlock.o)
                0x0800645c                __malloc_lock
 .text.__malloc_unlock
                0x0800646c       0x10 /Applications/STM32CubeIDE.app/Contents/Eclipse/plugins/com.st.stm32cube.ide.mcu.externaltools.gnu-tools-for-stm32.14.3.rel1.macosaarch64_1.0.0.202602081740/tools/bin/../lib/gcc/arm-none-eabi/14.3.1/../../../../arm-none-eabi/lib/thumb/v6-m/nofp/libg_nano.a(libc_a-mlock.o)
                0x0800646c                __malloc_unlock
 .text.__sread  0x0800647c       0x28 /Applications/STM32CubeIDE.app/Contents/Eclipse/plugins/com.st.stm32cube.ide.mcu.externaltools.gnu-tools-for-stm32.14.3.rel1.macosaarch64_1.0.0.202602081740/tools/bin/../lib/gcc/arm-none-eabi/14.3.1/../../../../arm-none-eabi/lib/thumb/v6-m/nofp/libg_nano.a(libc_a-stdio.o)
                0x0800647c                __sread
 .text.__swrite
                0x080064a4       0x38 /Applications/STM32CubeIDE.app/Contents/Eclipse/plugins/com.st.stm32cube.ide.mcu.externaltools.gnu-tools-for-stm32.14.3.rel1.macosaarch64_1.0.0.202602081740/tools/bin/../lib/gcc/arm-none-eabi/14.3.1/../../../../arm-none-eabi/lib/thumb/v6-m/nofp/libg_nano.a(libc_a-stdio.o)
                0x080064a4                __swrite
 .text.__sseek  0x080064dc       0x2c /Applications/STM32CubeIDE.app/Contents/Eclipse/plugins/com.st.stm32cube.ide.mcu.externaltools.gnu-tools-for-stm32.14.3.rel1.macosaarch64_1.0.0.202602081740/tools/bin/../lib/gcc/arm-none-eabi/14.3.1/../../../../arm-none-eabi/lib/thumb/v6-m/nofp/libg_nano.a(libc_a-stdio.o)
                0x080064dc                __sseek
 .text.__sclose
                0x08006508        0xc /Applications/STM32CubeIDE.app/Contents/Eclipse/plugins/com.st.stm32cube.ide.mcu.externaltools.gnu-tools-for-stm32.14.3.rel1.macosaarch64_1.0.0.202602081740/tools/bin/../lib/gcc/arm-none-eabi/14.3.1/../../../../arm-none-eabi/lib/thumb/v6-m/nofp/libg_nano.a(libc_a-stdio.o)
                0x08006508                __sclose
 .text.__swbuf_r
                0x08006514       0x84 /Applications/STM32CubeIDE.app/Contents/Eclipse/plugins/com.st.stm32cube.ide.mcu.externaltools.gnu-tools-for-stm32.14.3.rel1.macosaarch64_1.0.0.202602081740/tools/bin/../lib/gcc/arm-none-eabi/14.3.1/../../../../arm-none-eabi/lib/thumb/v6-m/nofp/libg_nano.a(libc_a-wbuf.o)
                0x08006514                __swbuf_r
 .text.__swsetup_r
                0x08006598       0xb4 /Applications/STM32CubeIDE.app/Contents/Eclipse/plugins/com.st.stm32cube.ide.mcu.externaltools.gnu-tools-for-stm32.14.3.rel1.macosaarch64_1.0.0.202602081740/tools/bin/../lib/gcc/arm-none-eabi/14.3.1/../../../../arm-none-eabi/lib/thumb/v6-m/nofp/libg_nano.a(libc_a-wsetup.o)
                0x08006598                __swsetup_r
 .text.__swhatbuf_r
                0x0800664c       0x54 /Applications/STM32CubeIDE.app/Contents/Eclipse/plugins/com.st.stm32cube.ide.mcu.externaltools.gnu-tools-for-stm32.14.3.rel1.macosaarch64_1.0.0.202602081740/tools/bin/../lib/gcc/arm-none-eabi/14.3.1/../../../../arm-none-eabi/lib/thumb/v6-m/nofp/libg_nano.a(libc_a-makebuf.o)
                0x0800664c                __swhatbuf_r
 .text.__smakebuf_r
                0x080066a0       0x72 /Applications/STM32CubeIDE.app/Contents/Eclipse/plugins/com.st.stm32cube.ide.mcu.externaltools.gnu-tools-for-stm32.14.3.rel1.macosaarch64_1.0.0.202602081740/tools/bin/../lib/gcc/arm-none-eabi/14.3.1/../../../../arm-none-eabi/lib/thumb/v6-m/nofp/libg_nano.a(libc_a-makebuf.o)
                0x080066a0                __smakebuf_r
 *fill*         0x08006712        0x2 
 .text._isatty_r
                0x08006714       0x24 /Applications/STM32CubeIDE.app/Contents/Eclipse/plugins/com.st.stm32cube.ide.mcu.externaltools.gnu-tools-for-stm32.14.3.rel1.macosaarch64_1.0.0.202602081740/tools/bin/../lib/gcc/arm-none-eabi/14.3.1/../../../../arm-none-eabi/lib/thumb/v6-m/nofp/libg_nano.a(libc_a-isattyr.o)
                0x08006714                _isatty_r
 .text._lseek_r
                0x08006738       0x28 /Applications/STM32CubeIDE.app/Contents/Eclipse/plugins/com.st.stm32cube.ide.mcu.externaltools.gnu-tools-for-stm32.14.3.rel1.macosaarch64_1.0.0.202602081740/tools/bin/../lib/gcc/arm-none-eabi/14.3.1/../../../../arm-none-eabi/lib/thumb/v6-m/nofp/libg_nano.a(libc_a-lseekr.o)
                0x08006738                _lseek_r
 .text._read_r  0x08006760       0x28 /Applications/STM32CubeIDE.app/Contents/Eclipse/plugins/com.st.stm32cube.ide.mcu.externaltools.gnu-tools-for-stm32.14.3.rel1.macosaarch64_1.0.0.202602081740/tools/bin/../lib/gcc/arm-none-eabi/14.3.1/../../../../arm-none-eabi/lib/thumb/v6-m/nofp/libg_nano.a(libc_a-readr.o)
                0x08006760                _read_r
 .text._sbrk_r  0x08006788       0x24 /Applications/STM32CubeIDE.app/Contents/Eclipse/plugins/com.st.stm32cube.ide.mcu.externaltools.gnu-tools-for-stm32.14.3.rel1.macosaarch64_1.0.0.202602081740/tools/bin/../lib/gcc/arm-none-eabi/14.3.1/../../../../arm-none-eabi/lib/thumb/v6-m/nofp/libg_nano.a(libc_a-sbrkr.o)
                0x08006788                _sbrk_r
 .text._write_r
                0x080067ac       0x28 /Applications/STM32CubeIDE.app/Contents/Eclipse/plugins/com.st.stm32cube.ide.mcu.externaltools.gnu-tools-for-stm32.14.3.rel1.macosaarch64_1.0.0.202602081740/tools/bin/../lib/gcc/arm-none-eabi/14.3.1/../../../../arm-none-eabi/lib/thumb/v6-m/nofp/libg_nano.a(libc_a-writer.o)
                0x080067ac                _write_r
 .text._close_r
                0x080067d4       0x24 /Applications/STM32CubeIDE.app/Contents/Eclipse/plugins/com.st.stm32cube.ide.mcu.externaltools.gnu-tools-for-stm32.14.3.rel1.macosaarch64_1.0.0.202602081740/tools/bin/../lib/gcc/arm-none-eabi/14.3.1/../../../../arm-none-eabi/lib/thumb/v6-m/nofp/libg_nano.a(libc_a-closer.o)
                0x080067d4                _close_r
 .text._fstat_r
                0x080067f8       0x24 /Applications/STM32CubeIDE.app/Contents/Eclipse/plugins/com.st.stm32cube.ide.mcu.externaltools.gnu-tools-for-stm32.14.3.rel1.macosaarch64_1.0.0.202602081740/tools/bin/../lib/gcc/arm-none-eabi/14.3.1/../../../../arm-none-eabi/lib/thumb/v6-m/nofp/libg_nano.a(libc_a-fstatr.o)
                0x080067f8                _fstat_r
 .text.memchr   0x0800681c       0x16 /Applications/STM32CubeIDE.app/Contents/Eclipse/plugins/com.st.stm32cube.ide.mcu.externaltools.gnu-tools-for-stm32.14.3.rel1.macosaarch64_1.0.0.202602081740/tools/bin/../lib/gcc/arm-none-eabi/14.3.1/../../../../arm-none-eabi/lib/thumb/v6-m/nofp/libg_nano.a(libc_a-memchr-stub.o)
                0x0800681c                memchr
 *fill*         0x08006832        0x2 
 .text._free_r  0x08006834       0x94 /Applications/STM32CubeIDE.app/Contents/Eclipse/plugins/com.st.stm32cube.ide.mcu.externaltools.gnu-tools-for-stm32.14.3.rel1.macosaarch64_1.0.0.202602081740/tools/bin/../lib/gcc/arm-none-eabi/14.3.1/../../../../arm-none-eabi/lib/thumb/v6-m/nofp/libg_nano.a(libc_a-freer.o)
                0x08006834                _free_r
 *(.glue_7)
 .glue_7        0x080068c8        0x0 linker stubs
 *(.glue_7t)
 .glue_7t       0x080068c8        0x0 linker stubs
 *(.eh_frame)
 .eh_frame      0x080068c8        0x0 /Applications/STM32CubeIDE.app/Contents/Eclipse/plugins/com.st.stm32cube.ide.mcu.externaltools.gnu-tools-for-stm32.14.3.rel1.macosaarch64_1.0.0.202602081740/tools/bin/../lib/gcc/arm-none-eabi/14.3.1/thumb/v6-m/nofp/crtbegin.o
 *(.init)
 .init          0x080068c8        0x4 /Applications/STM32CubeIDE.app/Contents/Eclipse/plugins/com.st.stm32cube.ide.mcu.externaltools.gnu-tools-for-stm32.14.3.rel1.macosaarch64_1.0.0.202602081740/tools/bin/../lib/gcc/arm-none-eabi/14.3.1/thumb/v6-m/nofp/crti.o
                0x080068c8                _init
 .init          0x080068cc        0x8 /Applications/STM32CubeIDE.app/Contents/Eclipse/plugins/com.st.stm32cube.ide.mcu.externaltools.gnu-tools-for-stm32.14.3.rel1.macosaarch64_1.0.0.202602081740/tools/bin/../lib/gcc/arm-none-eabi/14.3.1/thumb/v6-m/nofp/crtn.o
 *(.fini)
 .fini          0x080068d4        0x4 /Applications/STM32CubeIDE.app/Contents/Eclipse/plugins/com.st.stm32cube.ide.mcu.externaltools.gnu-tools-for-stm32.14.3.rel1.macosaarch64_1.0.0.202602081740/tools/bin/../lib/gcc/arm-none-eabi/14.3.1/thumb/v6-m/nofp/crti.o
                0x080068d4                _fini
 .fini          0x080068d8        0x8 /Applications/STM32CubeIDE.app/Contents/Eclipse/plugins/com.st.stm32cube.ide.mcu.externaltools.gnu-tools-for-stm32.14.3.rel1.macosaarch64_1.0.0.202602081740/tools/bin/../lib/gcc/arm-none-eabi/14.3.1/thumb/v6-m/nofp/crtn.o
                0x080068e0                        . = ALIGN (0x4)
                0x080068e0                        _etext = .

.vfp11_veneer   0x080068e0        0x0
 .vfp11_veneer  0x080068e0        0x0 linker stubs

.v4_bx          0x080068e0        0x0
 .v4_bx         0x080068e0        0x0 linker stubs

.iplt           0x080068e0        0x0
 .iplt          0x080068e0        0x0 /Applications/STM32CubeIDE.app/Contents/Eclipse/plugins/com.st.stm32cube.ide.mcu.externaltools.gnu-tools-for-stm32.14.3.rel1.macosaarch64_1.0.0.202602081740/tools/bin/../lib/gcc/arm-none-eabi/14.3.1/thumb/v6-m/nofp/crtbegin.o

.rodata         0x080068e0      0x120
                0x080068e0                        . = ALIGN (0x4)
 *(.rodata)
 .rodata        0x080068e0       0x18 CMakeFiles/current_control.dir/Core/Src/main.c.obj
 *(.rodata*)
 .rodata.AHBPrescTable
                0x080068f8       0x40 cmake/stm32cubemx/CMakeFiles/STM32_Drivers.dir/__/__/Core/Src/system_stm32c0xx.c.obj
                0x080068f8                AHBPrescTable
 .rodata.APBPrescTable
                0x08006938       0x20 cmake/stm32cubemx/CMakeFiles/STM32_Drivers.dir/__/__/Core/Src/system_stm32c0xx.c.obj
                0x08006938                APBPrescTable
 .rodata.HAL_TIM_PWM_ConfigChannel
                0x08006958       0x54 cmake/stm32cubemx/CMakeFiles/STM32_Drivers.dir/__/__/Drivers/STM32C0xx_HAL_Driver/Src/stm32c0xx_hal_tim.c.obj
 .rodata.UARTPrescTable
                0x080069ac       0x18 cmake/stm32cubemx/CMakeFiles/STM32_Drivers.dir/__/__/Drivers/STM32C0xx_HAL_Driver/Src/stm32c0xx_hal_uart.c.obj
                0x080069ac                UARTPrescTable
 .rodata.LED_PIN
                0x080069c4        0x4 cmake/stm32cubemx/CMakeFiles/STM32_Drivers.dir/__/__/Drivers/BSP/STM32C0xx_Nucleo/stm32c0xx_nucleo.c.obj
 .rodata.BUTTON_EXTI_LINE.2
                0x080069c8        0x4 cmake/stm32cubemx/CMakeFiles/STM32_Drivers.dir/__/__/Drivers/BSP/STM32C0xx_Nucleo/stm32c0xx_nucleo.c.obj
 .rodata._vfprintf_r.str1.1
                0x080069cc       0x33 /Applications/STM32CubeIDE.app/Contents/Eclipse/plugins/com.st.stm32cube.ide.mcu.externaltools.gnu-tools-for-stm32.14.3.rel1.macosaarch64_1.0.0.202602081740/tools/bin/../lib/gcc/arm-none-eabi/14.3.1/../../../../arm-none-eabi/lib/thumb/v6-m/nofp/libg_nano.a(libc_a-nano-vfprintf.o)
                                 0x11 (size before relaxing)
 .rodata._printf_i.str1.1
                0x080069ff       0x22 /Applications/STM32CubeIDE.app/Contents/Eclipse/plugins/com.st.stm32cube.ide.mcu.externaltools.gnu-tools-for-stm32.14.3.rel1.macosaarch64_1.0.0.202602081740/tools/bin/../lib/gcc/arm-none-eabi/14.3.1/../../../../arm-none-eabi/lib/thumb/v6-m/nofp/libg_nano.a(libc_a-nano-vfprintf_i.o)
                0x08006a24                        . = ALIGN (0x4)
 *fill*         0x080069ff        0x1 

.ARM.extab      0x08006a00        0x0
                0x08006a00                        . = ALIGN (0x4)
 *(.ARM.extab* .gnu.linkonce.armextab.*)
                0x08006a00                        . = ALIGN (0x4)

.ARM            0x08006a00        0x0
                0x08006a00                        . = ALIGN (0x4)
                0x08006a00                        __exidx_start = .
 *(.ARM.exidx*)
                0x08006a00                        __exidx_end = .
                0x08006a00                        . = ALIGN (0x4)

.preinit_array  0x08006a00        0x0
                0x08006a00                        . = ALIGN (0x4)
                0x08006a00                        PROVIDE (__preinit_array_start = .)
 *(.preinit_array*)
                0x08006a00                        PROVIDE (__preinit_array_end = .)
                0x08006a00                        . = ALIGN (0x4)

.init_array     0x08006a00        0x4
                0x08006a00                        . = ALIGN (0x4)
                0x08006a00                        PROVIDE (__init_array_start = .)
 *(SORT_BY_NAME(.init_array.*))
 *(.init_array*)
 .init_array    0x08006a00        0x4 /Applications/STM32CubeIDE.app/Contents/Eclipse/plugins/com.st.stm32cube.ide.mcu.externaltools.gnu-tools-for-stm32.14.3.rel1.macosaarch64_1.0.0.202602081740/tools/bin/../lib/gcc/arm-none-eabi/14.3.1/thumb/v6-m/nofp/crtbegin.o
                0x08006a04                        PROVIDE (__init_array_end = .)
                0x08006a04                        . = ALIGN (0x4)

.fini_array     0x08006a04        0x4
                0x08006a04                        . = ALIGN (0x4)
                [!provide]                        PROVIDE (__fini_array_start = .)
 *(SORT_BY_NAME(.fini_array.*))
 *(.fini_array*)
 .fini_array    0x08006a04        0x4 /Applications/STM32CubeIDE.app/Contents/Eclipse/plugins/com.st.stm32cube.ide.mcu.externaltools.gnu-tools-for-stm32.14.3.rel1.macosaarch64_1.0.0.202602081740/tools/bin/../lib/gcc/arm-none-eabi/14.3.1/thumb/v6-m/nofp/crtbegin.o
                [!provide]                        PROVIDE (__fini_array_end = .)
                0x08006a08                        . = ALIGN (0x4)
                0x08006a08                        _sidata = LOADADDR (.data)

.rel.dyn        0x08006a08        0x0
 .rel.iplt      0x08006a08        0x0 /Applications/STM32CubeIDE.app/Contents/Eclipse/plugins/com.st.stm32cube.ide.mcu.externaltools.gnu-tools-for-stm32.14.3.rel1.macosaarch64_1.0.0.202602081740/tools/bin/../lib/gcc/arm-none-eabi/14.3.1/thumb/v6-m/nofp/crtbegin.o

.data           0x20000000       0x80 load address 0x08006a08
                0x20000000                        . = ALIGN (0x4)
                0x20000000                        _sdata = .
 *(.data)
 *(.data*)
 .data.SystemCoreClock
                0x20000000        0x4 cmake/stm32cubemx/CMakeFiles/STM32_Drivers.dir/__/__/Core/Src/system_stm32c0xx.c.obj
                0x20000000                SystemCoreClock
 .data.uwTickPrio
                0x20000004        0x4 cmake/stm32cubemx/CMakeFiles/STM32_Drivers.dir/__/__/Drivers/STM32C0xx_HAL_Driver/Src/stm32c0xx_hal.c.obj
                0x20000004                uwTickPrio
 .data.uwTickFreq
                0x20000008        0x1 cmake/stm32cubemx/CMakeFiles/STM32_Drivers.dir/__/__/Drivers/STM32C0xx_HAL_Driver/Src/stm32c0xx_hal.c.obj
                0x20000008                uwTickFreq
 *fill*         0x20000009        0x3 
 .data.COM_USART
                0x2000000c        0x4 cmake/stm32cubemx/CMakeFiles/STM32_Drivers.dir/__/__/Drivers/BSP/STM32C0xx_Nucleo/stm32c0xx_nucleo.c.obj
                0x2000000c                COM_USART
 .data.LED_PORT
                0x20000010        0x8 cmake/stm32cubemx/CMakeFiles/STM32_Drivers.dir/__/__/Drivers/BSP/STM32C0xx_Nucleo/stm32c0xx_nucleo.c.obj
 .data.BUTTON_PORT
                0x20000018        0x4 cmake/stm32cubemx/CMakeFiles/STM32_Drivers.dir/__/__/Drivers/BSP/STM32C0xx_Nucleo/stm32c0xx_nucleo.c.obj
 .data.ButtonCallback.1
                0x2000001c        0x4 cmake/stm32cubemx/CMakeFiles/STM32_Drivers.dir/__/__/Drivers/BSP/STM32C0xx_Nucleo/stm32c0xx_nucleo.c.obj
 .data.BSP_BUTTON_PRIO.0
                0x20000020        0x4 cmake/stm32cubemx/CMakeFiles/STM32_Drivers.dir/__/__/Drivers/BSP/STM32C0xx_Nucleo/stm32c0xx_nucleo.c.obj
 .data.__sglue  0x20000024        0xc /Applications/STM32CubeIDE.app/Contents/Eclipse/plugins/com.st.stm32cube.ide.mcu.externaltools.gnu-tools-for-stm32.14.3.rel1.macosaarch64_1.0.0.202602081740/tools/bin/../lib/gcc/arm-none-eabi/14.3.1/../../../../arm-none-eabi/lib/thumb/v6-m/nofp/libg_nano.a(libc_a-findfp.o)
                0x20000024                __sglue
 .data._impure_ptr
                0x20000030        0x4 /Applications/STM32CubeIDE.app/Contents/Eclipse/plugins/com.st.stm32cube.ide.mcu.externaltools.gnu-tools-for-stm32.14.3.rel1.macosaarch64_1.0.0.202602081740/tools/bin/../lib/gcc/arm-none-eabi/14.3.1/../../../../arm-none-eabi/lib/thumb/v6-m/nofp/libg_nano.a(libc_a-impure.o)
                0x20000030                _impure_ptr
 .data._impure_data
                0x20000034       0x4c /Applications/STM32CubeIDE.app/Contents/Eclipse/plugins/com.st.stm32cube.ide.mcu.externaltools.gnu-tools-for-stm32.14.3.rel1.macosaarch64_1.0.0.202602081740/tools/bin/../lib/gcc/arm-none-eabi/14.3.1/../../../../arm-none-eabi/lib/thumb/v6-m/nofp/libg_nano.a(libc_a-impure.o)
                0x20000034                _impure_data
 *(.RamFunc)
 *(.RamFunc*)
                0x20000080                        . = ALIGN (0x4)

.igot.plt       0x20000080        0x0 load address 0x08006a88
 .igot.plt      0x20000080        0x0 /Applications/STM32CubeIDE.app/Contents/Eclipse/plugins/com.st.stm32cube.ide.mcu.externaltools.gnu-tools-for-stm32.14.3.rel1.macosaarch64_1.0.0.202602081740/tools/bin/../lib/gcc/arm-none-eabi/14.3.1/thumb/v6-m/nofp/crtbegin.o

.tdata          0x20000080        0x0 load address 0x08006a88
 *(.tdata .tdata.* .gnu.linkonce.td.*)
                0x20000080                        . = ALIGN (0x4)
                0x20000080                        _edata = .
                [!provide]                        PROVIDE (__data_end = .)
                [!provide]                        PROVIDE (__tdata_end = .)
                [!provide]                        PROVIDE (__tdata_start = ADDR (.tdata))
                [!provide]                        PROVIDE (__tdata_size = (__tdata_end - __tdata_start))
                [!provide]                        PROVIDE (__data_start = ADDR (.data))
                [!provide]                        PROVIDE (__data_size = (__data_end - __data_start))
                [!provide]                        PROVIDE (__tdata_source = LOADADDR (.tdata))
                [!provide]                        PROVIDE (__tdata_source_end = (LOADADDR (.tdata) + SIZEOF (.tdata)))
                [!provide]                        PROVIDE (__tdata_source_size = (__tdata_source_end - __tdata_source))
                [!provide]                        PROVIDE (__data_source = LOADADDR (.data))
                [!provide]                        PROVIDE (__data_source_end = __tdata_source_end)
                [!provide]                        PROVIDE (__data_source_size = (__data_source_end - __data_source))

.tbss           0x20000080        0x0 load address 0x08006a88
                0x20000080                        _sbss = .
                0x20000080                        __bss_start__ = _sbss
 *(.tbss .tbss.*)
                0x20000080                        . = ALIGN (0x4)
                [!provide]                        PROVIDE (__tbss_end = .)
                [!provide]                        PROVIDE (__tbss_start = ADDR (.tbss))
                [!provide]                        PROVIDE (__tbss_size = (__tbss_end - __tbss_start))
                [!provide]                        PROVIDE (__tbss_offset = (ADDR (.tbss) - ADDR (.tdata)))
                [!provide]                        PROVIDE (__tls_base = __tdata_start)
                [!provide]                        PROVIDE (__tls_end = __tbss_end)
                [!provide]                        PROVIDE (__tls_size = (__tls_end - __tls_base))
                [!provide]                        PROVIDE (__tls_align = MAX (ALIGNOF (.tdata), ALIGNOF (.tbss)))
                [!provide]                        PROVIDE (__tls_size_align = (((__tls_size + __tls_align) - 0x1) & ~ ((__tls_align - 0x1))))
                [!provide]                        PROVIDE (__arm32_tls_tcb_offset = MAX (0x8, __tls_align))
                [!provide]                        PROVIDE (__arm64_tls_tcb_offset = MAX (0x10, __tls_align))

.bss            0x20000080      0x378 load address 0x08006a88
 *(.bss)
 .bss           0x20000080       0x1c /Applications/STM32CubeIDE.app/Contents/Eclipse/plugins/com.st.stm32cube.ide.mcu.externaltools.gnu-tools-for-stm32.14.3.rel1.macosaarch64_1.0.0.202602081740/tools/bin/../lib/gcc/arm-none-eabi/14.3.1/thumb/v6-m/nofp/crtbegin.o
 *(.bss*)
 .bss.uwTick    0x2000009c        0x4 cmake/stm32cubemx/CMakeFiles/STM32_Drivers.dir/__/__/Drivers/STM32C0xx_HAL_Driver/Src/stm32c0xx_hal.c.obj
                0x2000009c                uwTick
 .bss.hpb_exti  0x200000a0        0xc cmake/stm32cubemx/CMakeFiles/STM32_Drivers.dir/__/__/Drivers/BSP/STM32C0xx_Nucleo/stm32c0xx_nucleo.c.obj
                0x200000a0                hpb_exti
 .bss.hcom_uart
                0x200000ac       0x94 cmake/stm32cubemx/CMakeFiles/STM32_Drivers.dir/__/__/Drivers/BSP/STM32C0xx_Nucleo/stm32c0xx_nucleo.c.obj
                0x200000ac                hcom_uart
 .bss.COM_ActiveLogPort
                0x20000140        0x1 cmake/stm32cubemx/CMakeFiles/STM32_Drivers.dir/__/__/Drivers/BSP/STM32C0xx_Nucleo/stm32c0xx_nucleo.c.obj
 *fill*         0x20000141        0x3 
 .bss.BspCOMInit
                0x20000144       0x10 CMakeFiles/current_control.dir/Core/Src/main.c.obj
                0x20000144                BspCOMInit
 .bss.hadc1     0x20000154       0x64 CMakeFiles/current_control.dir/Core/Src/main.c.obj
                0x20000154                hadc1
 .bss.hi2c2     0x200001b8       0x54 CMakeFiles/current_control.dir/Core/Src/main.c.obj
                0x200001b8                hi2c2
 .bss.htim1     0x2000020c       0x4c CMakeFiles/current_control.dir/Core/Src/main.c.obj
                0x2000020c                htim1
 .bss.htim2     0x20000258       0x4c CMakeFiles/current_control.dir/Core/Src/main.c.obj
                0x20000258                htim2
 .bss.counter.0
                0x200002a4        0x4 CMakeFiles/current_control.dir/Core/Src/main.c.obj
 .bss.__sbrk_heap_end
                0x200002a8        0x4 CMakeFiles/current_control.dir/Core/Src/sysmem.c.obj
 .bss.__sf      0x200002ac      0x138 /Applications/STM32CubeIDE.app/Contents/Eclipse/plugins/com.st.stm32cube.ide.mcu.externaltools.gnu-tools-for-stm32.14.3.rel1.macosaarch64_1.0.0.202602081740/tools/bin/../lib/gcc/arm-none-eabi/14.3.1/../../../../arm-none-eabi/lib/thumb/v6-m/nofp/libg_nano.a(libc_a-findfp.o)
                0x200002ac                __sf
 .bss.__stdio_exit_handler
                0x200003e4        0x4 /Applications/STM32CubeIDE.app/Contents/Eclipse/plugins/com.st.stm32cube.ide.mcu.externaltools.gnu-tools-for-stm32.14.3.rel1.macosaarch64_1.0.0.202602081740/tools/bin/../lib/gcc/arm-none-eabi/14.3.1/../../../../arm-none-eabi/lib/thumb/v6-m/nofp/libg_nano.a(libc_a-findfp.o)
                0x200003e4                __stdio_exit_handler
 .bss.__lock___malloc_recursive_mutex
                0x200003e8        0x1 /Applications/STM32CubeIDE.app/Contents/Eclipse/plugins/com.st.stm32cube.ide.mcu.externaltools.gnu-tools-for-stm32.14.3.rel1.macosaarch64_1.0.0.202602081740/tools/bin/../lib/gcc/arm-none-eabi/14.3.1/../../../../arm-none-eabi/lib/thumb/v6-m/nofp/libg_nano.a(libc_a-lock.o)
                0x200003e8                __lock___malloc_recursive_mutex
 .bss.__lock___sfp_recursive_mutex
                0x200003e9        0x1 /Applications/STM32CubeIDE.app/Contents/Eclipse/plugins/com.st.stm32cube.ide.mcu.externaltools.gnu-tools-for-stm32.14.3.rel1.macosaarch64_1.0.0.202602081740/tools/bin/../lib/gcc/arm-none-eabi/14.3.1/../../../../arm-none-eabi/lib/thumb/v6-m/nofp/libg_nano.a(libc_a-lock.o)
                0x200003e9                __lock___sfp_recursive_mutex
 *fill*         0x200003ea        0x2 
 .bss.__malloc_sbrk_start
                0x200003ec        0x4 /Applications/STM32CubeIDE.app/Contents/Eclipse/plugins/com.st.stm32cube.ide.mcu.externaltools.gnu-tools-for-stm32.14.3.rel1.macosaarch64_1.0.0.202602081740/tools/bin/../lib/gcc/arm-none-eabi/14.3.1/../../../../arm-none-eabi/lib/thumb/v6-m/nofp/libg_nano.a(libc_a-mallocr.o)
                0x200003ec                __malloc_sbrk_start
 .bss.__malloc_free_list
                0x200003f0        0x4 /Applications/STM32CubeIDE.app/Contents/Eclipse/plugins/com.st.stm32cube.ide.mcu.externaltools.gnu-tools-for-stm32.14.3.rel1.macosaarch64_1.0.0.202602081740/tools/bin/../lib/gcc/arm-none-eabi/14.3.1/../../../../arm-none-eabi/lib/thumb/v6-m/nofp/libg_nano.a(libc_a-mallocr.o)
                0x200003f0                __malloc_free_list
 .bss.errno     0x200003f4        0x4 /Applications/STM32CubeIDE.app/Contents/Eclipse/plugins/com.st.stm32cube.ide.mcu.externaltools.gnu-tools-for-stm32.14.3.rel1.macosaarch64_1.0.0.202602081740/tools/bin/../lib/gcc/arm-none-eabi/14.3.1/../../../../arm-none-eabi/lib/thumb/v6-m/nofp/libg_nano.a(libc_a-reent.o)
                0x200003f4                errno
 *(COMMON)
                0x200003f8                        . = ALIGN (0x4)
                0x200003f8                        _ebss = .
                0x200003f8                        __bss_end__ = _ebss
                [!provide]                        PROVIDE (__bss_end = .)
                [!provide]                        PROVIDE (__non_tls_bss_start = ADDR (.bss))
                [!provide]                        PROVIDE (__bss_start = __tbss_start)
                [!provide]                        PROVIDE (__bss_size = (__bss_end - __bss_start))

._user_heap_stack
                0x200003f8      0x600 load address 0x08006a88
                0x200003f8                        . = ALIGN (0x8)
                [!provide]                        PROVIDE (end = .)
                0x200003f8                        PROVIDE (_end = .)
                0x200005f8                        . = (. + _Min_Heap_Size)
 *fill*         0x200003f8      0x200 
                0x200009f8                        . = (. + _Min_Stack_Size)
 *fill*         0x200005f8      0x400 
                0x200009f8                        . = ALIGN (0x8)

/DISCARD/
 libc.a:*(*)
 libm.a:*(*)
 libgcc.a:*(*)
OUTPUT(current_control.elf elf32-littlearm)
LOAD linker stubs

.ARM.attributes
                0x00000000       0x28
 .ARM.attributes
                0x00000000       0x1e /Applications/STM32CubeIDE.app/Contents/Eclipse/plugins/com.st.stm32cube.ide.mcu.externaltools.gnu-tools-for-stm32.14.3.rel1.macosaarch64_1.0.0.202602081740/tools/bin/../lib/gcc/arm-none-eabi/14.3.1/thumb/v6-m/nofp/crti.o
 .ARM.attributes
                0x0000001e       0x2c /Applications/STM32CubeIDE.app/Contents/Eclipse/plugins/com.st.stm32cube.ide.mcu.externaltools.gnu-tools-for-stm32.14.3.rel1.macosaarch64_1.0.0.202602081740/tools/bin/../lib/gcc/arm-none-eabi/14.3.1/thumb/v6-m/nofp/crtbegin.o
 .ARM.attributes
                0x0000004a       0x2c cmake/stm32cubemx/CMakeFiles/STM32_Drivers.dir/__/__/Core/Src/system_stm32c0xx.c.obj
 .ARM.attributes
                0x00000076       0x2c cmake/stm32cubemx/CMakeFiles/STM32_Drivers.dir/__/__/Drivers/STM32C0xx_HAL_Driver/Src/stm32c0xx_hal.c.obj
 .ARM.attributes
                0x000000a2       0x2c cmake/stm32cubemx/CMakeFiles/STM32_Drivers.dir/__/__/Drivers/STM32C0xx_HAL_Driver/Src/stm32c0xx_hal_adc.c.obj
 .ARM.attributes
                0x000000ce       0x2c cmake/stm32cubemx/CMakeFiles/STM32_Drivers.dir/__/__/Drivers/STM32C0xx_HAL_Driver/Src/stm32c0xx_hal_rcc.c.obj
 .ARM.attributes
                0x000000fa       0x2c cmake/stm32cubemx/CMakeFiles/STM32_Drivers.dir/__/__/Drivers/STM32C0xx_HAL_Driver/Src/stm32c0xx_hal_rcc_ex.c.obj
 .ARM.attributes
                0x00000126       0x2c cmake/stm32cubemx/CMakeFiles/STM32_Drivers.dir/__/__/Drivers/STM32C0xx_HAL_Driver/Src/stm32c0xx_hal_gpio.c.obj
 .ARM.attributes
                0x00000152       0x2c cmake/stm32cubemx/CMakeFiles/STM32_Drivers.dir/__/__/Drivers/STM32C0xx_HAL_Driver/Src/stm32c0xx_hal_cortex.c.obj
 .ARM.attributes
                0x0000017e       0x2c cmake/stm32cubemx/CMakeFiles/STM32_Drivers.dir/__/__/Drivers/STM32C0xx_HAL_Driver/Src/stm32c0xx_hal_exti.c.obj
 .ARM.attributes
                0x000001aa       0x2c cmake/stm32cubemx/CMakeFiles/STM32_Drivers.dir/__/__/Drivers/STM32C0xx_HAL_Driver/Src/stm32c0xx_hal_i2c.c.obj
 .ARM.attributes
                0x000001d6       0x2c cmake/stm32cubemx/CMakeFiles/STM32_Drivers.dir/__/__/Drivers/STM32C0xx_HAL_Driver/Src/stm32c0xx_hal_i2c_ex.c.obj
 .ARM.attributes
                0x00000202       0x2c cmake/stm32cubemx/CMakeFiles/STM32_Drivers.dir/__/__/Drivers/STM32C0xx_HAL_Driver/Src/stm32c0xx_hal_tim.c.obj
 .ARM.attributes
                0x0000022e       0x2c cmake/stm32cubemx/CMakeFiles/STM32_Drivers.dir/__/__/Drivers/STM32C0xx_HAL_Driver/Src/stm32c0xx_hal_tim_ex.c.obj
 .ARM.attributes
                0x0000025a       0x2c cmake/stm32cubemx/CMakeFiles/STM32_Drivers.dir/__/__/Drivers/STM32C0xx_HAL_Driver/Src/stm32c0xx_hal_uart.c.obj
 .ARM.attributes
                0x00000286       0x2c cmake/stm32cubemx/CMakeFiles/STM32_Drivers.dir/__/__/Drivers/BSP/STM32C0xx_Nucleo/stm32c0xx_nucleo.c.obj
 .ARM.attributes
                0x000002b2       0x2c CMakeFiles/current_control.dir/Core/Src/main.c.obj
 .ARM.attributes
                0x000002de       0x2c CMakeFiles/current_control.dir/Core/Src/stm32c0xx_it.c.obj
 .ARM.attributes
                0x0000030a       0x2c CMakeFiles/current_control.dir/Core/Src/stm32c0xx_hal_msp.c.obj
 .ARM.attributes
                0x00000336       0x2c CMakeFiles/current_control.dir/Core/Src/sysmem.c.obj
 .ARM.attributes
                0x00000362       0x2c CMakeFiles/current_control.dir/Core/Src/syscalls.c.obj
 .ARM.attributes
                0x0000038e       0x22 CMakeFiles/current_control.dir/startup_stm32c092xx.s.obj
 .ARM.attributes
                0x000003b0       0x1e /Applications/STM32CubeIDE.app/Contents/Eclipse/plugins/com.st.stm32cube.ide.mcu.externaltools.gnu-tools-for-stm32.14.3.rel1.macosaarch64_1.0.0.202602081740/tools/bin/../lib/gcc/arm-none-eabi/14.3.1/thumb/v6-m/nofp/libgcc.a(_udivsi3.o)
 .ARM.attributes
                0x000003ce       0x1e /Applications/STM32CubeIDE.app/Contents/Eclipse/plugins/com.st.stm32cube.ide.mcu.externaltools.gnu-tools-for-stm32.14.3.rel1.macosaarch64_1.0.0.202602081740/tools/bin/../lib/gcc/arm-none-eabi/14.3.1/thumb/v6-m/nofp/libgcc.a(_dvmd_tls.o)
 .ARM.attributes
                0x000003ec       0x2c /Applications/STM32CubeIDE.app/Contents/Eclipse/plugins/com.st.stm32cube.ide.mcu.externaltools.gnu-tools-for-stm32.14.3.rel1.macosaarch64_1.0.0.202602081740/tools/bin/../lib/gcc/arm-none-eabi/14.3.1/../../../../arm-none-eabi/lib/thumb/v6-m/nofp/libg_nano.a(libc_a-findfp.o)
 .ARM.attributes
                0x00000418       0x2c /Applications/STM32CubeIDE.app/Contents/Eclipse/plugins/com.st.stm32cube.ide.mcu.externaltools.gnu-tools-for-stm32.14.3.rel1.macosaarch64_1.0.0.202602081740/tools/bin/../lib/gcc/arm-none-eabi/14.3.1/../../../../arm-none-eabi/lib/thumb/v6-m/nofp/libg_nano.a(libc_a-fwalk.o)
 .ARM.attributes
                0x00000444       0x2c /Applications/STM32CubeIDE.app/Contents/Eclipse/plugins/com.st.stm32cube.ide.mcu.externaltools.gnu-tools-for-stm32.14.3.rel1.macosaarch64_1.0.0.202602081740/tools/bin/../lib/gcc/arm-none-eabi/14.3.1/../../../../arm-none-eabi/lib/thumb/v6-m/nofp/libg_nano.a(libc_a-printf.o)
 .ARM.attributes
                0x00000470       0x2c /Applications/STM32CubeIDE.app/Contents/Eclipse/plugins/com.st.stm32cube.ide.mcu.externaltools.gnu-tools-for-stm32.14.3.rel1.macosaarch64_1.0.0.202602081740/tools/bin/../lib/gcc/arm-none-eabi/14.3.1/../../../../arm-none-eabi/lib/thumb/v6-m/nofp/libg_nano.a(libc_a-memset.o)
 .ARM.attributes
                0x0000049c       0x2c /Applications/STM32CubeIDE.app/Contents/Eclipse/plugins/com.st.stm32cube.ide.mcu.externaltools.gnu-tools-for-stm32.14.3.rel1.macosaarch64_1.0.0.202602081740/tools/bin/../lib/gcc/arm-none-eabi/14.3.1/../../../../arm-none-eabi/lib/thumb/v6-m/nofp/libg_nano.a(libc_a-errno.o)
 .ARM.attributes
                0x000004c8       0x2c /Applications/STM32CubeIDE.app/Contents/Eclipse/plugins/com.st.stm32cube.ide.mcu.externaltools.gnu-tools-for-stm32.14.3.rel1.macosaarch64_1.0.0.202602081740/tools/bin/../lib/gcc/arm-none-eabi/14.3.1/../../../../arm-none-eabi/lib/thumb/v6-m/nofp/libg_nano.a(libc_a-init.o)
 .ARM.attributes
                0x000004f4       0x2c /Applications/STM32CubeIDE.app/Contents/Eclipse/plugins/com.st.stm32cube.ide.mcu.externaltools.gnu-tools-for-stm32.14.3.rel1.macosaarch64_1.0.0.202602081740/tools/bin/../lib/gcc/arm-none-eabi/14.3.1/../../../../arm-none-eabi/lib/thumb/v6-m/nofp/libg_nano.a(libc_a-lock.o)
 .ARM.attributes
                0x00000520       0x2c /Applications/STM32CubeIDE.app/Contents/Eclipse/plugins/com.st.stm32cube.ide.mcu.externaltools.gnu-tools-for-stm32.14.3.rel1.macosaarch64_1.0.0.202602081740/tools/bin/../lib/gcc/arm-none-eabi/14.3.1/../../../../arm-none-eabi/lib/thumb/v6-m/nofp/libg_nano.a(libc_a-impure.o)
 .ARM.attributes
                0x0000054c       0x2c /Applications/STM32CubeIDE.app/Contents/Eclipse/plugins/com.st.stm32cube.ide.mcu.externaltools.gnu-tools-for-stm32.14.3.rel1.macosaarch64_1.0.0.202602081740/tools/bin/../lib/gcc/arm-none-eabi/14.3.1/../../../../arm-none-eabi/lib/thumb/v6-m/nofp/libg_nano.a(libc_a-nano-vfprintf.o)
 .ARM.attributes
                0x00000578       0x2c /Applications/STM32CubeIDE.app/Contents/Eclipse/plugins/com.st.stm32cube.ide.mcu.externaltools.gnu-tools-for-stm32.14.3.rel1.macosaarch64_1.0.0.202602081740/tools/bin/../lib/gcc/arm-none-eabi/14.3.1/../../../../arm-none-eabi/lib/thumb/v6-m/nofp/libg_nano.a(libc_a-mallocr.o)
 .ARM.attributes
                0x000005a4       0x2c /Applications/STM32CubeIDE.app/Contents/Eclipse/plugins/com.st.stm32cube.ide.mcu.externaltools.gnu-tools-for-stm32.14.3.rel1.macosaarch64_1.0.0.202602081740/tools/bin/../lib/gcc/arm-none-eabi/14.3.1/../../../../arm-none-eabi/lib/thumb/v6-m/nofp/libg_nano.a(libc_a-nano-vfprintf_i.o)
 .ARM.attributes
                0x000005d0       0x2c /Applications/STM32CubeIDE.app/Contents/Eclipse/plugins/com.st.stm32cube.ide.mcu.externaltools.gnu-tools-for-stm32.14.3.rel1.macosaarch64_1.0.0.202602081740/tools/bin/../lib/gcc/arm-none-eabi/14.3.1/../../../../arm-none-eabi/lib/thumb/v6-m/nofp/libg_nano.a(libc_a-fflush.o)
 .ARM.attributes
                0x000005fc       0x2c /Applications/STM32CubeIDE.app/Contents/Eclipse/plugins/com.st.stm32cube.ide.mcu.externaltools.gnu-tools-for-stm32.14.3.rel1.macosaarch64_1.0.0.202602081740/tools/bin/../lib/gcc/arm-none-eabi/14.3.1/../../../../arm-none-eabi/lib/thumb/v6-m/nofp/libg_nano.a(libc_a-mlock.o)
 .ARM.attributes
                0x00000628       0x2c /Applications/STM32CubeIDE.app/Contents/Eclipse/plugins/com.st.stm32cube.ide.mcu.externaltools.gnu-tools-for-stm32.14.3.rel1.macosaarch64_1.0.0.202602081740/tools/bin/../lib/gcc/arm-none-eabi/14.3.1/../../../../arm-none-eabi/lib/thumb/v6-m/nofp/libg_nano.a(libc_a-stdio.o)
 .ARM.attributes
                0x00000654       0x2c /Applications/STM32CubeIDE.app/Contents/Eclipse/plugins/com.st.stm32cube.ide.mcu.externaltools.gnu-tools-for-stm32.14.3.rel1.macosaarch64_1.0.0.202602081740/tools/bin/../lib/gcc/arm-none-eabi/14.3.1/../../../../arm-none-eabi/lib/thumb/v6-m/nofp/libg_nano.a(libc_a-wbuf.o)
 .ARM.attributes
                0x00000680       0x2c /Applications/STM32CubeIDE.app/Contents/Eclipse/plugins/com.st.stm32cube.ide.mcu.externaltools.gnu-tools-for-stm32.14.3.rel1.macosaarch64_1.0.0.202602081740/tools/bin/../lib/gcc/arm-none-eabi/14.3.1/../../../../arm-none-eabi/lib/thumb/v6-m/nofp/libg_nano.a(libc_a-wsetup.o)
 .ARM.attributes
                0x000006ac       0x2c /Applications/STM32CubeIDE.app/Contents/Eclipse/plugins/com.st.stm32cube.ide.mcu.externaltools.gnu-tools-for-stm32.14.3.rel1.macosaarch64_1.0.0.202602081740/tools/bin/../lib/gcc/arm-none-eabi/14.3.1/../../../../arm-none-eabi/lib/thumb/v6-m/nofp/libg_nano.a(libc_a-makebuf.o)
 .ARM.attributes
                0x000006d8       0x2c /Applications/STM32CubeIDE.app/Contents/Eclipse/plugins/com.st.stm32cube.ide.mcu.externaltools.gnu-tools-for-stm32.14.3.rel1.macosaarch64_1.0.0.202602081740/tools/bin/../lib/gcc/arm-none-eabi/14.3.1/../../../../arm-none-eabi/lib/thumb/v6-m/nofp/libg_nano.a(libc_a-isattyr.o)
 .ARM.attributes
                0x00000704       0x2c /Applications/STM32CubeIDE.app/Contents/Eclipse/plugins/com.st.stm32cube.ide.mcu.externaltools.gnu-tools-for-stm32.14.3.rel1.macosaarch64_1.0.0.202602081740/tools/bin/../lib/gcc/arm-none-eabi/14.3.1/../../../../arm-none-eabi/lib/thumb/v6-m/nofp/libg_nano.a(libc_a-lseekr.o)
 .ARM.attributes
                0x00000730       0x2c /Applications/STM32CubeIDE.app/Contents/Eclipse/plugins/com.st.stm32cube.ide.mcu.externaltools.gnu-tools-for-stm32.14.3.rel1.macosaarch64_1.0.0.202602081740/tools/bin/../lib/gcc/arm-none-eabi/14.3.1/../../../../arm-none-eabi/lib/thumb/v6-m/nofp/libg_nano.a(libc_a-readr.o)
 .ARM.attributes
                0x0000075c       0x2c /Applications/STM32CubeIDE.app/Contents/Eclipse/plugins/com.st.stm32cube.ide.mcu.externaltools.gnu-tools-for-stm32.14.3.rel1.macosaarch64_1.0.0.202602081740/tools/bin/../lib/gcc/arm-none-eabi/14.3.1/../../../../arm-none-eabi/lib/thumb/v6-m/nofp/libg_nano.a(libc_a-sbrkr.o)
 .ARM.attributes
                0x00000788       0x2c /Applications/STM32CubeIDE.app/Contents/Eclipse/plugins/com.st.stm32cube.ide.mcu.externaltools.gnu-tools-for-stm32.14.3.rel1.macosaarch64_1.0.0.202602081740/tools/bin/../lib/gcc/arm-none-eabi/14.3.1/../../../../arm-none-eabi/lib/thumb/v6-m/nofp/libg_nano.a(libc_a-writer.o)
 .ARM.attributes
                0x000007b4       0x2c /Applications/STM32CubeIDE.app/Contents/Eclipse/plugins/com.st.stm32cube.ide.mcu.externaltools.gnu-tools-for-stm32.14.3.rel1.macosaarch64_1.0.0.202602081740/tools/bin/../lib/gcc/arm-none-eabi/14.3.1/../../../../arm-none-eabi/lib/thumb/v6-m/nofp/libg_nano.a(libc_a-closer.o)
 .ARM.attributes
                0x000007e0       0x2c /Applications/STM32CubeIDE.app/Contents/Eclipse/plugins/com.st.stm32cube.ide.mcu.externaltools.gnu-tools-for-stm32.14.3.rel1.macosaarch64_1.0.0.202602081740/tools/bin/../lib/gcc/arm-none-eabi/14.3.1/../../../../arm-none-eabi/lib/thumb/v6-m/nofp/libg_nano.a(libc_a-reent.o)
 .ARM.attributes
                0x0000080c       0x2c /Applications/STM32CubeIDE.app/Contents/Eclipse/plugins/com.st.stm32cube.ide.mcu.externaltools.gnu-tools-for-stm32.14.3.rel1.macosaarch64_1.0.0.202602081740/tools/bin/../lib/gcc/arm-none-eabi/14.3.1/../../../../arm-none-eabi/lib/thumb/v6-m/nofp/libg_nano.a(libc_a-fstatr.o)
 .ARM.attributes
                0x00000838       0x2c /Applications/STM32CubeIDE.app/Contents/Eclipse/plugins/com.st.stm32cube.ide.mcu.externaltools.gnu-tools-for-stm32.14.3.rel1.macosaarch64_1.0.0.202602081740/tools/bin/../lib/gcc/arm-none-eabi/14.3.1/../../../../arm-none-eabi/lib/thumb/v6-m/nofp/libg_nano.a(libc_a-memchr-stub.o)
 .ARM.attributes
                0x00000864       0x2c /Applications/STM32CubeIDE.app/Contents/Eclipse/plugins/com.st.stm32cube.ide.mcu.externaltools.gnu-tools-for-stm32.14.3.rel1.macosaarch64_1.0.0.202602081740/tools/bin/../lib/gcc/arm-none-eabi/14.3.1/../../../../arm-none-eabi/lib/thumb/v6-m/nofp/libg_nano.a(libc_a-freer.o)
 .ARM.attributes
                0x00000890       0x1e /Applications/STM32CubeIDE.app/Contents/Eclipse/plugins/com.st.stm32cube.ide.mcu.externaltools.gnu-tools-for-stm32.14.3.rel1.macosaarch64_1.0.0.202602081740/tools/bin/../lib/gcc/arm-none-eabi/14.3.1/thumb/v6-m/nofp/libgcc.a(_thumb1_case_shi.o)
 .ARM.attributes
                0x000008ae       0x1e /Applications/STM32CubeIDE.app/Contents/Eclipse/plugins/com.st.stm32cube.ide.mcu.externaltools.gnu-tools-for-stm32.14.3.rel1.macosaarch64_1.0.0.202602081740/tools/bin/../lib/gcc/arm-none-eabi/14.3.1/thumb/v6-m/nofp/crtn.o

.comment        0x00000000       0x43
 .comment       0x00000000       0x43 cmake/stm32cubemx/CMakeFiles/STM32_Drivers.dir/__/__/Core/Src/system_stm32c0xx.c.obj
                                 0x44 (size before relaxing)
 .comment       0x00000043       0x44 cmake/stm32cubemx/CMakeFiles/STM32_Drivers.dir/__/__/Drivers/STM32C0xx_HAL_Driver/Src/stm32c0xx_hal.c.obj
 .comment       0x00000043       0x44 cmake/stm32cubemx/CMakeFiles/STM32_Drivers.dir/__/__/Drivers/STM32C0xx_HAL_Driver/Src/stm32c0xx_hal_adc.c.obj
 .comment       0x00000043       0x44 cmake/stm32cubemx/CMakeFiles/STM32_Drivers.dir/__/__/Drivers/STM32C0xx_HAL_Driver/Src/stm32c0xx_hal_rcc.c.obj
 .comment       0x00000043       0x44 cmake/stm32cubemx/CMakeFiles/STM32_Drivers.dir/__/__/Drivers/STM32C0xx_HAL_Driver/Src/stm32c0xx_hal_rcc_ex.c.obj
 .comment       0x00000043       0x44 cmake/stm32cubemx/CMakeFiles/STM32_Drivers.dir/__/__/Drivers/STM32C0xx_HAL_Driver/Src/stm32c0xx_hal_gpio.c.obj
 .comment       0x00000043       0x44 cmake/stm32cubemx/CMakeFiles/STM32_Drivers.dir/__/__/Drivers/STM32C0xx_HAL_Driver/Src/stm32c0xx_hal_cortex.c.obj
 .comment       0x00000043       0x44 cmake/stm32cubemx/CMakeFiles/STM32_Drivers.dir/__/__/Drivers/STM32C0xx_HAL_Driver/Src/stm32c0xx_hal_exti.c.obj
 .comment       0x00000043       0x44 cmake/stm32cubemx/CMakeFiles/STM32_Drivers.dir/__/__/Drivers/STM32C0xx_HAL_Driver/Src/stm32c0xx_hal_i2c.c.obj
 .comment       0x00000043       0x44 cmake/stm32cubemx/CMakeFiles/STM32_Drivers.dir/__/__/Drivers/STM32C0xx_HAL_Driver/Src/stm32c0xx_hal_i2c_ex.c.obj
 .comment       0x00000043       0x44 cmake/stm32cubemx/CMakeFiles/STM32_Drivers.dir/__/__/Drivers/STM32C0xx_HAL_Driver/Src/stm32c0xx_hal_tim.c.obj
 .comment       0x00000043       0x44 cmake/stm32cubemx/CMakeFiles/STM32_Drivers.dir/__/__/Drivers/STM32C0xx_HAL_Driver/Src/stm32c0xx_hal_tim_ex.c.obj
 .comment       0x00000043       0x44 cmake/stm32cubemx/CMakeFiles/STM32_Drivers.dir/__/__/Drivers/STM32C0xx_HAL_Driver/Src/stm32c0xx_hal_uart.c.obj
 .comment       0x00000043       0x44 cmake/stm32cubemx/CMakeFiles/STM32_Drivers.dir/__/__/Drivers/BSP/STM32C0xx_Nucleo/stm32c0xx_nucleo.c.obj
 .comment       0x00000043       0x44 CMakeFiles/current_control.dir/Core/Src/main.c.obj
 .comment       0x00000043       0x44 CMakeFiles/current_control.dir/Core/Src/stm32c0xx_it.c.obj
 .comment       0x00000043       0x44 CMakeFiles/current_control.dir/Core/Src/stm32c0xx_hal_msp.c.obj
 .comment       0x00000043       0x44 CMakeFiles/current_control.dir/Core/Src/sysmem.c.obj
 .comment       0x00000043       0x44 CMakeFiles/current_control.dir/Core/Src/syscalls.c.obj
 .comment       0x00000043       0x44 /Applications/STM32CubeIDE.app/Contents/Eclipse/plugins/com.st.stm32cube.ide.mcu.externaltools.gnu-tools-for-stm32.14.3.rel1.macosaarch64_1.0.0.202602081740/tools/bin/../lib/gcc/arm-none-eabi/14.3.1/../../../../arm-none-eabi/lib/thumb/v6-m/nofp/libg_nano.a(libc_a-findfp.o)
 .comment       0x00000043       0x44 /Applications/STM32CubeIDE.app/Contents/Eclipse/plugins/com.st.stm32cube.ide.mcu.externaltools.gnu-tools-for-stm32.14.3.rel1.macosaarch64_1.0.0.202602081740/tools/bin/../lib/gcc/arm-none-eabi/14.3.1/../../../../arm-none-eabi/lib/thumb/v6-m/nofp/libg_nano.a(libc_a-fwalk.o)
 .comment       0x00000043       0x44 /Applications/STM32CubeIDE.app/Contents/Eclipse/plugins/com.st.stm32cube.ide.mcu.externaltools.gnu-tools-for-stm32.14.3.rel1.macosaarch64_1.0.0.202602081740/tools/bin/../lib/gcc/arm-none-eabi/14.3.1/../../../../arm-none-eabi/lib/thumb/v6-m/nofp/libg_nano.a(libc_a-printf.o)
 .comment       0x00000043       0x44 /Applications/STM32CubeIDE.app/Contents/Eclipse/plugins/com.st.stm32cube.ide.mcu.externaltools.gnu-tools-for-stm32.14.3.rel1.macosaarch64_1.0.0.202602081740/tools/bin/../lib/gcc/arm-none-eabi/14.3.1/../../../../arm-none-eabi/lib/thumb/v6-m/nofp/libg_nano.a(libc_a-memset.o)
 .comment       0x00000043       0x44 /Applications/STM32CubeIDE.app/Contents/Eclipse/plugins/com.st.stm32cube.ide.mcu.externaltools.gnu-tools-for-stm32.14.3.rel1.macosaarch64_1.0.0.202602081740/tools/bin/../lib/gcc/arm-none-eabi/14.3.1/../../../../arm-none-eabi/lib/thumb/v6-m/nofp/libg_nano.a(libc_a-errno.o)
 .comment       0x00000043       0x44 /Applications/STM32CubeIDE.app/Contents/Eclipse/plugins/com.st.stm32cube.ide.mcu.externaltools.gnu-tools-for-stm32.14.3.rel1.macosaarch64_1.0.0.202602081740/tools/bin/../lib/gcc/arm-none-eabi/14.3.1/../../../../arm-none-eabi/lib/thumb/v6-m/nofp/libg_nano.a(libc_a-init.o)
 .comment       0x00000043       0x44 /Applications/STM32CubeIDE.app/Contents/Eclipse/plugins/com.st.stm32cube.ide.mcu.externaltools.gnu-tools-for-stm32.14.3.rel1.macosaarch64_1.0.0.202602081740/tools/bin/../lib/gcc/arm-none-eabi/14.3.1/../../../../arm-none-eabi/lib/thumb/v6-m/nofp/libg_nano.a(libc_a-lock.o)
 .comment       0x00000043       0x44 /Applications/STM32CubeIDE.app/Contents/Eclipse/plugins/com.st.stm32cube.ide.mcu.externaltools.gnu-tools-for-stm32.14.3.rel1.macosaarch64_1.0.0.202602081740/tools/bin/../lib/gcc/arm-none-eabi/14.3.1/../../../../arm-none-eabi/lib/thumb/v6-m/nofp/libg_nano.a(libc_a-impure.o)
 .comment       0x00000043       0x44 /Applications/STM32CubeIDE.app/Contents/Eclipse/plugins/com.st.stm32cube.ide.mcu.externaltools.gnu-tools-for-stm32.14.3.rel1.macosaarch64_1.0.0.202602081740/tools/bin/../lib/gcc/arm-none-eabi/14.3.1/../../../../arm-none-eabi/lib/thumb/v6-m/nofp/libg_nano.a(libc_a-nano-vfprintf.o)
 .comment       0x00000043       0x44 /Applications/STM32CubeIDE.app/Contents/Eclipse/plugins/com.st.stm32cube.ide.mcu.externaltools.gnu-tools-for-stm32.14.3.rel1.macosaarch64_1.0.0.202602081740/tools/bin/../lib/gcc/arm-none-eabi/14.3.1/../../../../arm-none-eabi/lib/thumb/v6-m/nofp/libg_nano.a(libc_a-mallocr.o)
 .comment       0x00000043       0x44 /Applications/STM32CubeIDE.app/Contents/Eclipse/plugins/com.st.stm32cube.ide.mcu.externaltools.gnu-tools-for-stm32.14.3.rel1.macosaarch64_1.0.0.202602081740/tools/bin/../lib/gcc/arm-none-eabi/14.3.1/../../../../arm-none-eabi/lib/thumb/v6-m/nofp/libg_nano.a(libc_a-nano-vfprintf_i.o)
 .comment       0x00000043       0x44 /Applications/STM32CubeIDE.app/Contents/Eclipse/plugins/com.st.stm32cube.ide.mcu.externaltools.gnu-tools-for-stm32.14.3.rel1.macosaarch64_1.0.0.202602081740/tools/bin/../lib/gcc/arm-none-eabi/14.3.1/../../../../arm-none-eabi/lib/thumb/v6-m/nofp/libg_nano.a(libc_a-fflush.o)
 .comment       0x00000043       0x44 /Applications/STM32CubeIDE.app/Contents/Eclipse/plugins/com.st.stm32cube.ide.mcu.externaltools.gnu-tools-for-stm32.14.3.rel1.macosaarch64_1.0.0.202602081740/tools/bin/../lib/gcc/arm-none-eabi/14.3.1/../../../../arm-none-eabi/lib/thumb/v6-m/nofp/libg_nano.a(libc_a-mlock.o)