13:32:37 **** Incremental Build of configuration Debug for project STM32CubeIDE ****
make -j11 all 
arm-none-eabi-size  STM32CubeIDE.elf 
   text	   data	    bss	    dec	    hex	filename
  12140	     36	   1940	  14116	   3724	STM32CubeIDE.elf
Finished building: default.size.stdout
 
13:32:40 **** Incremental Build of configuration Debug for project STM32CubeIDE ****
make -j11 all 
arm-none-eabi-size  STM32CubeIDE.elf 
   text	   data	    bss	    dec	    hex	filename
  12140	     36	   1940	  14116	   3724	STM32CubeIDE.elf
Finished building: default.size.stdout
 
