/Users/sophiaehlert/Documents/GitHub/ME433/HW16/current_control/Core/Src/main.c:76:5:main	8	static
/Users/sophiaehlert/Documents/GitHub/ME433/HW16/current_control/Core/Src/main.c:142:6:SystemClock_Config	64	static
/Users/sophiaehlert/Documents/GitHub/ME433/HW16/current_control/Core/Src/main.c:181:13:MX_ADC1_Init	24	static
/Users/sophiaehlert/Documents/GitHub/ME433/HW16/current_control/Core/Src/main.c:238:13:MX_I2C2_Init	8	static
/Users/sophiaehlert/Documents/GitHub/ME433/HW16/current_control/Core/Src/main.c:286:13:MX_TIM1_Init	104	static
/Users/sophiaehlert/Documents/GitHub/ME433/HW16/current_control/Core/Src/main.c:362:13:MX_TIM2_Init	40	static
/Users/sophiaehlert/Documents/GitHub/ME433/HW16/current_control/Core/Src/main.c:407:13:MX_GPIO_Init	24	static
/Users/sophiaehlert/Documents/GitHub/ME433/HW16/current_control/Core/Src/main.c:424:10:readADC	16	static
/Users/sophiaehlert/Documents/GitHub/ME433/HW16/current_control/Core/Src/main.c:436:6:HAL_TIM_PeriodElapsedCallback	24	static
/Users/sophiaehlert/Documents/GitHub/ME433/HW16/current_control/Core/Src/main.c:454:6:Error_Handler	8	static,ignoring_inline_asm
