/Users/sophiaehlert/Documents/GitHub/ME433/HW16/current_control/Core/Src/main.c:86:5:main	8	static
/Users/sophiaehlert/Documents/GitHub/ME433/HW16/current_control/Core/Src/main.c:183:6:SystemClock_Config	64	static
/Users/sophiaehlert/Documents/GitHub/ME433/HW16/current_control/Core/Src/main.c:222:13:MX_ADC1_Init	24	static
/Users/sophiaehlert/Documents/GitHub/ME433/HW16/current_control/Core/Src/main.c:279:13:MX_I2C2_Init	8	static
/Users/sophiaehlert/Documents/GitHub/ME433/HW16/current_control/Core/Src/main.c:327:13:MX_TIM1_Init	104	static
/Users/sophiaehlert/Documents/GitHub/ME433/HW16/current_control/Core/Src/main.c:403:13:MX_TIM2_Init	40	static
/Users/sophiaehlert/Documents/GitHub/ME433/HW16/current_control/Core/Src/main.c:448:13:MX_GPIO_Init	24	static
/Users/sophiaehlert/Documents/GitHub/ME433/HW16/current_control/Core/Src/main.c:465:10:readADC	16	static
/Users/sophiaehlert/Documents/GitHub/ME433/HW16/current_control/Core/Src/main.c:477:6:HAL_TIM_PeriodElapsedCallback	32	static
/Users/sophiaehlert/Documents/GitHub/ME433/HW16/current_control/Core/Src/main.c:491:6:writeINA219	32	static
/Users/sophiaehlert/Documents/GitHub/ME433/HW16/current_control/Core/Src/main.c:499:14:readINA219	40	static
/Users/sophiaehlert/Documents/GitHub/ME433/HW16/current_control/Core/Src/main.c:506:6:init_ina219	16	static
/Users/sophiaehlert/Documents/GitHub/ME433/HW16/current_control/Core/Src/main.c:513:7:read_ina219	24	static
/Users/sophiaehlert/Documents/GitHub/ME433/HW16/current_control/Core/Src/main.c:523:6:Error_Handler	8	static,ignoring_inline_asm
